<html>
<body>
<pre>
<h1>µVision Build Log</h1>
<h2>Project:</h2>
F:\document\stm32prj\SL_Demo\Project\RVMDK£¨uv4£©\Fire_RT-Thread.uvprojx
Project File Date:  08/11/2020

<h2>Output:</h2>
Rebuild target 'Fire_RT-Thread'
assembling startup_stm32f10x_hd.s...
compiling core_cm3.c...
compiling system_stm32f10x.c...
compiling misc.c...
compiling stm32f10x_adc.c...
compiling stm32f10x_bkp.c...
compiling stm32f10x_can.c...
compiling stm32f10x_cec.c...
compiling stm32f10x_crc.c...
compiling stm32f10x_dac.c...
compiling stm32f10x_dbgmcu.c...
compiling stm32f10x_dma.c...
compiling stm32f10x_exti.c...
compiling stm32f10x_flash.c...
compiling stm32f10x_fsmc.c...
compiling stm32f10x_gpio.c...
compiling stm32f10x_i2c.c...
compiling stm32f10x_iwdg.c...
compiling stm32f10x_pwr.c...
compiling stm32f10x_rcc.c...
compiling stm32f10x_rtc.c...
compiling stm32f10x_sdio.c...
compiling stm32f10x_spi.c...
compiling stm32f10x_tim.c...
compiling stm32f10x_usart.c...
compiling stm32f10x_wwdg.c...
compiling board.c...
compiling main.c...
compiling stm32f10x_it.c...
compiling bsp_led.c...
compiling bsp_usart.c...
compiling sysinit.c...
compiling bsp_rtc.c...
compiling clock.c...
compiling components.c...
compiling device.c...
compiling idle.c...
compiling ipc.c...
compiling irq.c...
compiling kservice.c...
compiling mem.c...
compiling memheap.c...
compiling mempool.c...
compiling object.c...
compiling scheduler.c...
compiling signal.c...
compiling thread.c...
compiling timer.c...
assembling context_rvds.S...
compiling cpuport.c...
compiling AES.c...
compiling base64.c...
compiling cJSON.c...
..\..\User\Bsp\g4\cJSON.c(69): warning:  #42-D: operand types are incompatible ("void *(*)(size_t)" and "void *(*)(rt_size_t)")
        cJSON_malloc = (hooks->malloc_fn)?hooks->malloc_fn:rt_malloc;
..\..\User\Bsp\g4\cJSON.c(69): warning:  #513-D: a value of type "void *(*)(size_t)" cannot be assigned to an entity of type "void *(*)(rt_size_t)"
        cJSON_malloc = (hooks->malloc_fn)?hooks->malloc_fn:rt_malloc;
..\..\User\Bsp\g4\cJSON.c(279): warning:  #1293-D: assignment in condition
        ptr=str;while ((token=*ptr) && ++len) {if (strchr("\"\\\b\f\n\r\t",token)) len++; else if (token<32) len+=5;ptr++;}
..\..\User\Bsp\g4\cJSON.c: 3 warnings, 0 errors
compiling CRC.c...
compiling G4.c...
compiling G4App.c...
..\..\User\Bsp\g4\G4App.c(672): warning:  #167-D: argument of type "uint8_t *" is incompatible with parameter of type "char *restrict"
                                                sprintf(cache,"%s %s",jitem3->valuestring,jitem2->valuestring);
..\..\User\Bsp\g4\G4App.c(675): warning:  #167-D: argument of type "uint8_t *" is incompatible with parameter of type "char *"
                                                        if(Add_User(cache,&T_FILE) == 0)
..\..\User\Bsp\g4\G4App.c: 2 warnings, 0 errors
compiling myaes.c...
compiling OLED_I2C.c...
compiling main_page.c...
compiling UI.c...
compiling key.c...
compiling menu_page.c...
compiling bind_device_page.c...
compiling query_user_page.c...
compiling modify_manager_password_page.c...
compiling add_gen_password_page.c...
compiling manage_gen_password_page.c...
compiling msg_page.c...
compiling bsp_spi_flash.c...
compiling diskio.c...
compiling ff.c...
compiling cc936.c...
compiling syscall.c...
linking...
Program Size: Code=57424 RO-data=445392 RW-data=688 ZI-data=53216  
FromELF: creating hex file...
"..\..\Output\Fire_RT-Thread.axf" - 0 Error(s), 5 Warning(s).
Load "..\\..\\Output\\Fire_RT-Thread.axf" 
Set JLink Project File to "F:\document\stm32prj\SL_Demo\Project\RVMDK£¨uv4£©\JLinkSettings.ini"
* JLink Info: Device "STM32F103ZE" selected (512 KB flash, 64 KB RAM).
 
JLink info:
------------
DLL: V4.80g, compiled Feb 13 2014 20:50:02
Firmware: J-Link V9 compiled Jun  2 2222 22:22:22
Hardware: V9.00
S/N : 30000299 
Feature(s) : GDB, RDI, FlashBP, FlashDL, JFlash, RDDI 
 
* JLink Info: TotalIRLen = 9, IRPrint = 0x0011
* JLink Info: TotalIRLen = 9, IRPrint = 0x0011
* JLink Info: Found Cortex-M3 r1p1, Little endian.
* JLink Info: FPUnit: 6 code (BP) slots and 2 literal slots
* JLink Info: TPIU fitted.
* JLink Info: ETM fitted.
ROMTableAddr = 0xE00FF003
 
Target info:
------------
Device: STM32F103ZE
VTarget = 3.275V
State of Pins: 
TCK: 1, TDI: 0, TDO: 1, TMS: 0, TRES: 1, TRST: 1
Hardware-Breakpoints: 6
Software-Breakpoints: 8192
Watchpoints:          4
JTAG speed: 5000 kHz
 
Erase Done.
Programming Done.
Verify OK.
Application running ...
