<html>
<body>
<pre>
<h1>µVision Build Log</h1>
<h2>Project:</h2>
F:\document\stm32prj\SL_Demo\Project\RVMDK£¨uv4£©\Fire_RT-Thread.uvprojx
Project File Date:  08/12/2020

<h2>Output:</h2>
Build target 'Fire_RT-Thread'
compiling add_user_page.c...
linking...
Program Size: Code=62188 RO-data=445396 RW-data=684 ZI-data=58332  
FromELF: creating hex file...
"..\..\Output\Fire_RT-Thread.axf" - 0 Error(s), 0 Warning(s).
Load "..\\..\\Output\\Fire_RT-Thread.axf" 
Set JLink Project File to "F:\document\stm32prj\SL_Demo\Project\RVMDK£¨uv4£©\JLinkSettings.ini"
* JLink Info: Device "STM32F103ZE" selected (512 KB flash, 64 KB RAM).
 
JLink info:
------------
DLL: V4.80g, compiled Feb 13 2014 20:50:02
Firmware: J-Link V9 compiled Jun  2 2222 22:22:22
Hardware: V9.00
S/N : 30000299 
Feature(s) : GDB, RDI, FlashBP, FlashDL, JFlash, RDDI 
 
* JLink Info: TotalIRLen = 9, IRPrint = 0x0011
* JLink Info: TotalIRLen = 9, IRPrint = 0x0011
* JLink Info: Found Cortex-M3 r1p1, Little endian.
* JLink Info: FPUnit: 6 code (BP) slots and 2 literal slots
* JLink Info: TPIU fitted.
* JLink Info: ETM fitted.
ROMTableAddr = 0xE00FF003
 
Target info:
------------
Device: STM32F103ZE
VTarget = 3.279V
State of Pins: 
TCK: 1, TDI: 0, TDO: 1, TMS: 0, TRES: 1, TRST: 1
Hardware-Breakpoints: 6
Software-Breakpoints: 8192
Watchpoints:          4
JTAG speed: 5000 kHz
 
Erase Done.
Programming Done.
Verify OK.
Application running ...
</pre>
</body>
</html>

Watchpoints:          4
JTAG speed: 5000 kHz
 
Erase Done.
Programming Done.
Verify OK.
Application running ...
:22
Hardware: V9.00
S/N : 30000299 
Feature(s) : GDB, RDI, FlashBP, FlashDL, JFlash, RDDI 
 
* JLink Info: TotalIRLen = 9, IRPrint = 0x0011
* JLink Info: TotalIRLen = 9, IRPrint = 0x0011
* JLink Info: Found Cortex-M3 r1p1, Little endian.
* JLink Info: FPUnit: 6 code (BP) slots and 2 literal slots
* JLink Info: TPIU fitted.
* JLink Info: ETM fitted.
ROMTableAddr = 0xE00FF003
 
Target info:
------------
Device: STM32F103ZE
VTarget = 3.277V
State of Pins: 
TCK: 1, TDI: 0, TDO: 1, TMS: 0, TRES: 1, TRST: 1
Hardware-Breakpoints: 6
Software-Breakpoints: 8192
Watchpoints:          4
JTAG speed: 5000 kHz
 
Erase Done.
Programming Done.
Verify OK.
Application running ...
oints: 6
Software-Breakpoints: 8192
Watchpoints:          4
JTAG speed: 5000 kHz
 
Erase Done.
Programming Done.
Verify OK.
Application running ...
ble with parameter of type "char *restrict"
                                                sprintf(cache,"%s %s",jitem3->valuestring,jitem2->valuestring);
..\..\User\Bsp\g4\G4App.c(662): warning:  #167-D: argument of type "uint8_t *" is incompatible with parameter of type "char *"
                                                        if(Add_User(cache,&T_FILE) == 0)
..\..\User\Bsp\g4\G4App.c: 2 warnings, 0 errors
compiling myaes.c...
compiling OLED_I2C.c...
compiling main_page.c...
compiling UI.c...
compiling key.c...
compiling menu_page.c...
compiling bind_device_page.c...
compiling query_user_page.c...
compiling modify_manager_password_page.c...
compiling add_gen_password_page.c...
compiling manage_gen_password_page.c...
compiling msg_page.c...
compiling add_user_page.c...
compiling bsp_spi_flash.c...
compiling diskio.c...
compiling ff.c...
compiling cc936.c...
compiling syscall.c...
linking...
Program Size: Code=60008 RO-data=445392 RW-data=684 ZI-data=58332  
FromELF: creating hex file...
"..\..\Output\Fire_RT-Thread.axf" - 0 Error(s), 5 Warning(s).
mage map.
Finished: 2 information, 0 warning and 1 error messages.
"..\..\Output\Fire_RT-Thread.axf" - 1 Error(s), 5 Warning(s).
Target not created
E" selected (512 KB flash, 64 KB RAM).
 
JLink info:
------------
DLL: V4.80g, compiled Feb 13 2014 20:50:02
Firmware: J-Link V9 compiled Jun  2 2222 22:22:22
Hardware: V9.00
S/N : 30000299 
Feature(s) : GDB, RDI, FlashBP, FlashDL, JFlash, RDDI 
 
* JLink Info: TotalIRLen = 9, IRPrint = 0x0011
* JLink Info: TotalIRLen = 9, IRPrint = 0x0011
* JLink Info: Found Cortex-M3 r1p1, Little endian.
* JLink Info: FPUnit: 6 code (BP) slots and 2 literal slots
* JLink Info: TPIU fitted.
* JLink Info: ETM fitted.
ROMTableAddr = 0xE00FF003
 
Target info:
------------
Device: STM32F103ZE
VTarget = 3.275V
State of Pins: 
TCK: 1, TDI: 0, TDO: 1, TMS: 0, TRES: 1, TRST: 1
Hardware-Breakpoints: 6
Software-Breakpoints: 8192
Watchpoints:          4
JTAG speed: 5000 kHz
 
Erase Done.
Programming Done.
Verify OK.
Application running ...
