Product: MDK-ARM Standard 5.10
Component: ARM Compiler 5.04 update 1 (build 49)
Tool: armlink [5040049]

==============================================================================

Section Cross References

    startup_stm32f10x_hd.o(RESET) refers to startup_stm32f10x_hd.o(STACK) for __initial_sp
    startup_stm32f10x_hd.o(RESET) refers to startup_stm32f10x_hd.o(.text) for Reset_Handler
    startup_stm32f10x_hd.o(RESET) refers to context_rvds.o(.text) for HardFault_Handler
    startup_stm32f10x_hd.o(RESET) refers to board.o(.text) for SysTick_Handler
    startup_stm32f10x_hd.o(RESET) refers to stm32f10x_it.o(.text) for EXTI0_IRQHandler
    startup_stm32f10x_hd.o(RESET) refers to g4.o(.text) for UART4_IRQHandler
    startup_stm32f10x_hd.o(.text) refers to system_stm32f10x.o(.text) for SystemInit
    startup_stm32f10x_hd.o(.text) refers to entry.o(.ARM.Collect$$$$00000000) for __main
    system_stm32f10x.o(.text) refers to system_stm32f10x.o(.data) for .data
    stm32f10x_adc.o(.text) refers to stm32f10x_rcc.o(.text) for RCC_APB2PeriphResetCmd
    stm32f10x_bkp.o(.text) refers to stm32f10x_rcc.o(.text) for RCC_BackupResetCmd
    stm32f10x_can.o(.text) refers to stm32f10x_rcc.o(.text) for RCC_APB1PeriphResetCmd
    stm32f10x_cec.o(.text) refers to stm32f10x_rcc.o(.text) for RCC_APB1PeriphResetCmd
    stm32f10x_dac.o(.text) refers to stm32f10x_rcc.o(.text) for RCC_APB1PeriphResetCmd
    stm32f10x_gpio.o(.text) refers to stm32f10x_rcc.o(.text) for RCC_APB2PeriphResetCmd
    stm32f10x_i2c.o(.text) refers to stm32f10x_rcc.o(.text) for RCC_APB1PeriphResetCmd
    stm32f10x_pwr.o(.text) refers to stm32f10x_rcc.o(.text) for RCC_APB1PeriphResetCmd
    stm32f10x_rcc.o(.text) refers to stm32f10x_rcc.o(.data) for .data
    stm32f10x_spi.o(.text) refers to stm32f10x_rcc.o(.text) for RCC_APB2PeriphResetCmd
    stm32f10x_tim.o(.text) refers to stm32f10x_rcc.o(.text) for RCC_APB2PeriphResetCmd
    stm32f10x_usart.o(.text) refers to stm32f10x_rcc.o(.text) for RCC_APB2PeriphResetCmd
    stm32f10x_wwdg.o(.text) refers to stm32f10x_rcc.o(.text) for RCC_APB1PeriphResetCmd
    board.o(.text) refers to bsp_led.o(.text) for LED_GPIO_Config
    board.o(.text) refers to bsp_usart.o(.text) for USART_Config
    board.o(.text) refers to g4.o(.text) for G4_Usart_Config
    board.o(.text) refers to bsp_spi_flash.o(.text) for SPI_FLASH_Init
    board.o(.text) refers to key.o(.text) for Key_Init
    board.o(.text) refers to bsp_rtc.o(.text) for RTC_CheckAndConfig
    board.o(.text) refers to components.o(.text) for rt_components_board_init
    board.o(.text) refers to mem.o(.text) for rt_system_heap_init
    board.o(.text) refers to irq.o(.text) for rt_interrupt_enter
    board.o(.text) refers to clock.o(.text) for rt_tick_increase
    board.o(.text) refers to scheduler.o(.text) for rt_enter_critical
    board.o(.text) refers to stm32f10x_usart.o(.text) for USART_SendData
    board.o(.text) refers to board.o(.bss) for .bss
    board.o(.text) refers to system_stm32f10x.o(.data) for SystemCoreClock
    main.o(.text) refers to oled_i2c.o(.text) for OLED_Init
    main.o(.text) refers to sysinit.o(.text) for systeminit
    main.o(.text) refers to ipc.o(.text) for rt_mb_create
    main.o(.text) refers to kservice.o(.text) for rt_kprintf
    main.o(.text) refers to thread.o(.text) for rt_thread_create
    main.o(.text) refers to main.o(.data) for .data
    main.o(.text) refers to g4app.o(.text) for G4_Thread_Entry
    main.o(.text) refers to ui.o(.text) for UI_Thread_Entry
    main.o(.text) refers to key.o(.text) for key_thread_entry
    stm32f10x_it.o(.text) refers to stm32f10x_exti.o(.text) for EXTI_GetITStatus
    stm32f10x_it.o(.text) refers to ipc.o(.text) for rt_mq_send
    stm32f10x_it.o(.text) refers to stm32f10x_it.o(.data) for .data
    stm32f10x_it.o(.text) refers to main.o(.data) for test_mq
    bsp_led.o(.text) refers to stm32f10x_rcc.o(.text) for RCC_APB2PeriphClockCmd
    bsp_led.o(.text) refers to stm32f10x_gpio.o(.text) for GPIO_Init
    bsp_usart.o(.text) refers to misc.o(.text) for NVIC_PriorityGroupConfig
    bsp_usart.o(.text) refers to stm32f10x_rcc.o(.text) for RCC_APB2PeriphClockCmd
    bsp_usart.o(.text) refers to stm32f10x_gpio.o(.text) for GPIO_Init
    bsp_usart.o(.text) refers to stm32f10x_usart.o(.text) for USART_Init
    sysinit.o(.text) refers to ff.o(.text) for f_mount
    sysinit.o(.text) refers to mem.o(.text) for rt_malloc
    sysinit.o(.text) refers to strcmp.o(.text) for strcmp
    sysinit.o(.text) refers to strlen.o(.text) for strlen
    sysinit.o(.text) refers to sysinit.o(.bss) for .bss
    sysinit.o(.text) refers to strcpy.o(.text) for strcpy
    sysinit.o(.text) refers to oled_i2c.o(.text) for OLED_GRAM_PrintLogo
    sysinit.o(.text) refers to thread.o(.text) for rt_thread_delay
    bsp_rtc.o(.text) refers to stm32f10x_rcc.o(.text) for RCC_APB1PeriphClockCmd
    bsp_rtc.o(.text) refers to stm32f10x_pwr.o(.text) for PWR_BackupAccessCmd
    bsp_rtc.o(.text) refers to stm32f10x_bkp.o(.text) for BKP_DeInit
[...]
    USB_LP_CAN1_RX0_IRQHandler               0x0800015f   Thumb Code     0  startup_stm32f10x_hd.o(.text)
    WWDG_IRQHandler                          0x0800015f   Thumb Code     0  startup_stm32f10x_hd.o(.text)
    SystemInit                               0x08000211   Thumb Code    64  system_stm32f10x.o(.text)
    SystemCoreClockUpdate                    0x08000251   Thumb Code   106  system_stm32f10x.o(.text)
    NVIC_PriorityGroupConfig                 0x080002dd   Thumb Code    10  misc.o(.text)
    NVIC_Init                                0x080002e7   Thumb Code    96  misc.o(.text)
    NVIC_SetVectorTable                      0x08000347   Thumb Code    14  misc.o(.text)
    NVIC_SystemLPConfig                      0x08000355   Thumb Code    24  misc.o(.text)
    SysTick_CLKSourceConfig                  0x0800036d   Thumb Code    28  misc.o(.text)
    BKP_DeInit                               0x08000395   Thumb Code    18  stm32f10x_bkp.o(.text)
    BKP_TamperPinLevelConfig                 0x080003a7   Thumb Code     6  stm32f10x_bkp.o(.text)
    BKP_TamperPinCmd                         0x080003ad   Thumb Code     8  stm32f10x_bkp.o(.text)
    BKP_ITConfig                             0x080003b5   Thumb Code     8  stm32f10x_bkp.o(.text)
    BKP_RTCOutputConfig                      0x080003bd   Thumb Code    14  stm32f10x_bkp.o(.text)
    BKP_SetRTCCalibrationValue               0x080003cb   Thumb Code    14  stm32f10x_bkp.o(.text)
    BKP_WriteBackupRegister                  0x080003d9   Thumb Code    16  stm32f10x_bkp.o(.text)
    BKP_ReadBackupRegister                   0x080003e9   Thumb Code    16  stm32f10x_bkp.o(.text)
    BKP_GetFlagStatus                        0x080003f9   Thumb Code    10  stm32f10x_bkp.o(.text)
    BKP_ClearFlag                            0x08000403   Thumb Code    14  stm32f10x_bkp.o(.text)
    BKP_GetITStatus                          0x08000411   Thumb Code    10  stm32f10x_bkp.o(.text)
    BKP_ClearITPendingBit                    0x0800041b   Thumb Code    14  stm32f10x_bkp.o(.text)
    EXTI_DeInit                              0x08000431   Thumb Code    28  stm32f10x_exti.o(.text)
    EXTI_Init                                0x0800044d   Thumb Code   110  stm32f10x_exti.o(.text)
    EXTI_StructInit                          0x080004bb   Thumb Code    14  stm32f10x_exti.o(.text)
    EXTI_GenerateSWInterrupt                 0x080004c9   Thumb Code    12  stm32f10x_exti.o(.text)
    EXTI_GetFlagStatus                       0x080004d5   Thumb Code    18  stm32f10x_exti.o(.text)
    EXTI_ClearFlag                           0x080004e7   Thumb Code     8  stm32f10x_exti.o(.text)
    EXTI_GetITStatus                         0x080004ef   Thumb Code    28  stm32f10x_exti.o(.text)
    EXTI_ClearITPendingBit                   0x0800050b   Thumb Code     8  stm32f10x_exti.o(.text)
    GPIO_DeInit                              0x0800051d   Thumb Code   188  stm32f10x_gpio.o(.text)
    GPIO_AFIODeInit                          0x080005d9   Thumb Code    22  stm32f10x_gpio.o(.text)
    GPIO_Init                                0x080005ef   Thumb Code   166  stm32f10x_gpio.o(.text)
    GPIO_StructInit                          0x08000695   Thumb Code    16  stm32f10x_gpio.o(.text)
    GPIO_ReadInputDataBit                    0x080006a5   Thumb Code    14  stm32f10x_gpio.o(.text)
    GPIO_ReadInputData                       0x080006b3   Thumb Code     6  stm32f10x_gpio.o(.text)
    GPIO_ReadOutputDataBit                   0x080006b9   Thumb Code    14  stm32f10x_gpio.o(.text)
    GPIO_ReadOutputData                      0x080006c7   Thumb Code     6  stm32f10x_gpio.o(.text)
    GPIO_SetBits                             0x080006cd   Thumb Code     4  stm32f10x_gpio.o(.text)
    GPIO_ResetBits                           0x080006d1   Thumb Code     4  stm32f10x_gpio.o(.text)
    GPIO_WriteBit                            0x080006d5   Thumb Code    12  stm32f10x_gpio.o(.text)
    GPIO_Write                               0x080006e1   Thumb Code     4  stm32f10x_gpio.o(.text)
    GPIO_PinLockConfig                       0x080006e5   Thumb Code    16  stm32f10x_gpio.o(.text)
    GPIO_EventOutputConfig                   0x080006f5   Thumb Code    22  stm32f10x_gpio.o(.text)
    GPIO_EventOutputCmd                      0x0800070b   Thumb Code     6  stm32f10x_gpio.o(.text)
    GPIO_PinRemapConfig                      0x08000711   Thumb Code    86  stm32f10x_gpio.o(.text)
    GPIO_EXTILineConfig                      0x08000767   Thumb Code    34  stm32f10x_gpio.o(.text)
    GPIO_ETH_MediaInterfaceConfig            0x08000789   Thumb Code     8  stm32f10x_gpio.o(.text)
    I2C_DeInit                               0x080007b5   Thumb Code    52  stm32f10x_i2c.o(.text)
    I2C_Init                                 0x080007e9   Thumb Code   182  stm32f10x_i2c.o(.text)
    I2C_StructInit                           0x0800089f   Thumb Code    28  stm32f10x_i2c.o(.text)
    I2C_Cmd                                  0x080008bb   Thumb Code    24  stm32f10x_i2c.o(.text)
    I2C_DMACmd                               0x080008d3   Thumb Code    24  stm32f10x_i2c.o(.text)
    I2C_DMALastTransferCmd                   0x080008eb   Thumb Code    24  stm32f10x_i2c.o(.text)
    I2C_GenerateSTART                        0x08000903   Thumb Code    24  stm32f10x_i2c.o(.text)
    I2C_GenerateSTOP                         0x0800091b   Thumb Code    24  stm32f10x_i2c.o(.text)
    I2C_AcknowledgeConfig                    0x08000933   Thumb Code    24  stm32f10x_i2c.o(.text)
    I2C_OwnAddress2Config                    0x0800094b   Thumb Code    16  stm32f10x_i2c.o(.text)
    I2C_DualAddressCmd                       0x0800095b   Thumb Code    24  stm32f10x_i2c.o(.text)
    I2C_GeneralCallCmd                       0x08000973   Thumb Code    24  stm32f10x_i2c.o(.text)
    I2C_ITConfig                             0x0800098b   Thumb Code    20  stm32f10x_i2c.o(.text)
    I2C_SendData                             0x0800099f   Thumb Code     4  stm32f10x_i2c.o(.text)
    I2C_ReceiveData                          0x080009a3   Thumb Code     6  stm32f10x_i2c.o(.text)
    I2C_Send7bitAddress                      0x080009a9   Thumb Code    18  stm32f10x_i2c.o(.text)
    I2C_ReadRegister                         0x080009bb   Thumb Code    16  stm32f10x_i2c.o(.text)
    I2C_SoftwareResetCmd                     0x080009cb   Thumb Code    24  stm32f10x_i2c.o(.text)
    I2C_NACKPositionConfig                   0x080009e3   Thumb Code    26  stm32f10x_i2c.o(.text)
    I2C_SMBusAlertConfig                     0x080009fd   Thumb Code    26  stm32f10x_i2c.o(.text)
    I2C_TransmitPEC                          0x08000a17   Thumb Code    24  stm32f10x_i2c.o(.text)
    I2C_PECPositionConfig                    0x08000a2f   Thumb Code    26  stm32f10x_i2c.o(.text)
    I2C_CalculatePEC                         0x08000a49   Thumb Code    24  stm32f10x_i2c.o(.text)
    I2C_GetPEC                               0x08000a61   Thumb Code     6  stm32f10x_i2c.o(.text)
    I2C_ARPCmd                               0x08000a67   Thumb Code    24  stm32f10x_i2c.o(.text)
    I2C_StretchClockCmd                      0x08000a7f   Thumb Code    24  stm32f10x_i2c.o(.text)
    I2C_FastModeDutyCycleConfig              0x08000a97   Thumb Code    26  stm32f10x_i2c.o(.text)
    I2C_CheckEvent                           0x08000ab1   Thumb Code    24  stm32f10x_i2c.o(.text)
    I2C_GetLastEvent                         0x08000ac9   Thumb Code    14  stm32f10x_i2c.o(.text)
    I2C_GetFlagStatus                        0x08000ad7   Thumb Code    50  stm32f10x_i2c.o(.text)
    I2C_ClearFlag                            0x08000b09   Thumb Code     6  stm32f10x_i2c.o(.text)
    I2C_GetITStatus                          0x08000b0f   Thumb Code    34  stm32f10x_i2c.o(.text)
    I2C_ClearITPendingBit                    0x08000b31   Thumb Code     6  stm32f10x_i2c.o(.text)
    PWR_DeInit                               0x08000b45   Thumb Code    24  stm32f10x_pwr.o(.text)
    PWR_BackupAccessCmd                      0x08000b5d   Thumb Code     6  stm32f10x_pwr.o(.text)
    PWR_PVDCmd                               0x08000b63   Thumb Code     6  stm32f10x_pwr.o(.text)
    PWR_PVDLevelConfig                       0x08000b69   Thumb Code    14  stm32f10x_pwr.o(.text)
    PWR_WakeUpPinCmd                         0x08000b77   Thumb Code     8  stm32f10x_pwr.o(.text)
    PWR_EnterSTOPMode                        0x08000b7f   Thumb Code    42  stm32f10x_pwr.o(.text)
    PWR_EnterSTANDBYMode                     0x08000ba9   Thumb Code    32  stm32f10x_pwr.o(.text)
    PWR_GetFlagStatus                        0x08000bc9   Thumb Code    16  stm32f10x_pwr.o(.text)
    PWR_ClearFlag                            0x08000bd9   Thumb Code    12  stm32f10x_pwr.o(.text)
    RCC_DeInit                               0x08000bf1   Thumb Code    50  stm32f10x_rcc.o(.text)
    RCC_HSEConfig                            0x08000c23   Thumb Code    50  stm32f10x_rcc.o(.text)
    RCC_GetFlagStatus                        0x08000c55   Thumb Code    42  stm32f10x_rcc.o(.text)
    RCC_WaitForHSEStartUp                    0x08000c7f   Thumb Code    48  stm32f10x_rcc.o(.text)
    RCC_AdjustHSICalibrationValue            0x08000caf   Thumb Code    16  stm32f10x_rcc.o(.text)
    RCC_HSICmd                               0x08000cbf   Thumb Code     6  stm32f10x_rcc.o(.text)
    RCC_PLLConfig                            0x08000cc5   Thumb Code    16  stm32f10x_rcc.o(.text)
    RCC_PLLCmd                               0x08000cd5   Thumb Code     6  stm32f10x_rcc.o(.text)
    RCC_SYSCLKConfig                         0x08000cdb   Thumb Code    14  stm32f10x_rcc.o(.text)
    RCC_GetSYSCLKSource                      0x08000ce9   Thumb Code    10  stm32f10x_rcc.o(.text)
    RCC_HCLKConfig                           0x08000cf3   Thumb Code    14  stm32f10x_rcc.o(.text)
    RCC_PCLK1Config                          0x08000d01   Thumb Code    14  stm32f10x_rcc.o(.text)
    RCC_PCLK2Config                          0x08000d0f   Thumb Code    16  stm32f10x_rcc.o(.text)
    RCC_ITConfig                             0x08000d1f   Thumb Code    22  stm32f10x_rcc.o(.text)
    RCC_USBCLKConfig                         0x08000d35   Thumb Code     8  stm32f10x_rcc.o(.text)
    RCC_ADCCLKConfig                         0x08000d3d   Thumb Code    14  stm32f10x_rcc.o(.text)
    RCC_LSEConfig                            0x08000d4b   Thumb Code    36  stm32f10x_rcc.o(.text)
    RCC_LSICmd                               0x08000d6f   Thumb Code     6  stm32f10x_rcc.o(.text)
    RCC_RTCCLKConfig                         0x08000d75   Thumb Code    10  stm32f10x_rcc.o(.text)
    RCC_RTCCLKCmd                            0x08000d7f   Thumb Code     8  stm32f10x_rcc.o(.text)
    RCC_GetClocksFreq                        0x08000d87   Thumb Code   154  stm32f10x_rcc.o(.text)
    RCC_AHBPeriphClockCmd                    0x08000e21   Thumb Code    22  stm32f10x_rcc.o(.text)
    RCC_APB2PeriphClockCmd                   0x08000e37   Thumb Code    22  stm32f10x_rcc.o(.text)
    RCC_APB1PeriphClockCmd                   0x08000e4d   Thumb Code    22  stm32f10x_rcc.o(.text)
    RCC_APB2PeriphResetCmd                   0x08000e63   Thumb Code    22  stm32f10x_rcc.o(.text)
    RCC_APB1PeriphResetCmd                   0x08000e79   Thumb Code    22  stm32f10x_rcc.o(.text)
    RCC_BackupResetCmd                       0x08000e8f   Thumb Code     8  stm32f10x_rcc.o(.text)
    RCC_ClockSecuritySystemCmd               0x08000e97   Thumb Code     6  stm32f10x_rcc.o(.text)
    RCC_MCOConfig                            0x08000e9d   Thumb Code     6  stm32f10x_rcc.o(.text)
    RCC_ClearFlag                            0x08000ea3   Thumb Code    12  stm32f10x_rcc.o(.text)
    RCC_GetITStatus                          0x08000eaf   Thumb Code    16  stm32f10x_rcc.o(.text)
    RCC_ClearITPendingBit                    0x08000ebf   Thumb Code     6  stm32f10x_rcc.o(.text)
    RTC_ITConfig                             0x08000ee5   Thumb Code    22  stm32f10x_rtc.o(.text)
    RTC_EnterConfigMode                      0x08000efb   Thumb Code    14  stm32f10x_rtc.o(.text)
    RTC_ExitConfigMode                       0x08000f09   Thumb Code    14  stm32f10x_rtc.o(.text)
    RTC_GetCounter                           0x08000f17   Thumb Code    18  stm32f10x_rtc.o(.text)
    RTC_SetCounter                           0x08000f29   Thumb Code    26  stm32f10x_rtc.o(.text)
    RTC_SetPrescaler                         0x08000f43   Thumb Code    28  stm32f10x_rtc.o(.text)
    RTC_SetAlarm                             0x08000f5f   Thumb Code    26  stm32f10x_rtc.o(.text)
    RTC_GetDivider                           0x08000f79   Thumb Code    20  stm32f10x_rtc.o(.text)
    RTC_WaitForLastTask                      0x08000f8d   Thumb Code    12  stm32f10x_rtc.o(.text)
    RTC_WaitForSynchro                       0x08000f99   Thumb Code    20  stm32f10x_rtc.o(.text)
    RTC_GetFlagStatus                        0x08000fad   Thumb Code    18  stm32f10x_rtc.o(.text)
    RTC_ClearFlag                            0x08000fbf   Thumb Code    12  stm32f10x_rtc.o(.text)
    RTC_GetITStatus                          0x08000fcb   Thumb Code    28  stm32f10x_rtc.o(.text)
    RTC_ClearITPendingBit                    0x08000fe7   Thumb Code    12  stm32f10x_rtc.o(.text)
    SPI_I2S_DeInit                           0x08000ff9   Thumb Code    88  stm32f10x_spi.o(.text)
    SPI_Init                                 0x08001051   Thumb Code    56  stm32f10x_spi.o(.text)
    I2S_Init                                 0x08001089   Thumb Code   168  stm32f10x_spi.o(.text)
    SPI_StructInit                           0x08001131   Thumb Code    24  stm32f10x_spi.o(.text)
    I2S_StructInit                           0x08001149   Thumb Code    18  stm32f10x_spi.o(.text)
    SPI_Cmd                                  0x0800115b   Thumb Code    24  stm32f10x_spi.o(.text)
    I2S_Cmd                                  0x08001173   Thumb Code    24  stm32f10x_spi.o(.text)
    SPI_I2S_ITConfig                         0x0800118b   Thumb Code    28  stm32f10x_spi.o(.text)
    SPI_I2S_DMACmd                           0x080011a7   Thumb Code    20  stm32f10x_spi.o(.text)
    SPI_I2S_SendData                         0x080011bb   Thumb Code     4  stm32f10x_spi.o(.text)
    SPI_I2S_ReceiveData                      0x080011bf   Thumb Code     4  stm32f10x_spi.o(.text)
    SPI_NSSInternalSoftwareConfig            0x080011c3   Thumb Code    28  stm32f10x_spi.o(.text)
    SPI_SSOutputCmd                          0x080011df   Thumb Code    24  stm32f10x_spi.o(.text)
    SPI_DataSizeConfig                       0x080011f7   Thumb Code    16  stm32f10x_spi.o(.text)
    SPI_TransmitCRC                          0x08001207   Thumb Code    10  stm32f10x_spi.o(.text)
    SPI_CalculateCRC                         0x08001211   Thumb Code    24  stm32f10x_spi.o(.text)
    SPI_GetCRC                               0x08001229   Thumb Code    12  stm32f10x_spi.o(.text)
    SPI_GetCRCPolynomial                     0x08001235   Thumb Code     4  stm32f10x_spi.o(.text)
    SPI_BiDirectionalLineConfig              0x08001239   Thumb Code    26  stm32f10x_spi.o(.text)
    SPI_I2S_GetFlagStatus                    0x08001253   Thumb Code    14  stm32f10x_spi.o(.text)
    SPI_I2S_ClearFlag                        0x08001261   Thumb Code     6  stm32f10x_spi.o(.text)
    SPI_I2S_GetITStatus                      0x08001267   Thumb Code    44  stm32f10x_spi.o(.text)
    SPI_I2S_ClearITPendingBit                0x08001293   Thumb Code    14  stm32f10x_spi.o(.text)
    USART_DeInit                             0x080012ad   Thumb Code   144  stm32f10x_usart.o(.text)
    USART_Init                               0x0800133d   Thumb Code   182  stm32f10x_usart.o(.text)
    USART_StructInit                         0x080013f3   Thumb Code    22  stm32f10x_usart.o(.text)
    USART_ClockInit                          0x08001409   Thumb Code    30  stm32f10x_usart.o(.text)
    USART_ClockStructInit                    0x08001427   Thumb Code    12  stm32f10x_usart.o(.text)
    USART_Cmd                                0x08001433   Thumb Code    24  stm32f10x_usart.o(.text)
    USART_ITConfig                           0x0800144b   Thumb Code    54  stm32f10x_usart.o(.text)
    USART_DMACmd                             0x08001481   Thumb Code    20  stm32f10x_usart.o(.text)
    USART_SetAddress                         0x08001495   Thumb Code    16  stm32f10x_usart.o(.text)
    USART_WakeUpConfig                       0x080014a5   Thumb Code    16  stm32f10x_usart.o(.text)
    USART_ReceiverWakeUpCmd                  0x080014b5   Thumb Code    24  stm32f10x_usart.o(.text)
    USART_LINBreakDetectLengthConfig         0x080014cd   Thumb Code    16  stm32f10x_usart.o(.text)
    USART_LINCmd                             0x080014dd   Thumb Code    24  stm32f10x_usart.o(.text)
    USART_SendData                           0x080014f5   Thumb Code     8  stm32f10x_usart.o(.text)
    USART_ReceiveData                        0x080014fd   Thumb Code     8  stm32f10x_usart.o(.text)
    USART_SendBreak                          0x08001505   Thumb Code    10  stm32f10x_usart.o(.text)
    USART_SetGuardTime                       0x0800150f   Thumb Code    16  stm32f10x_usart.o(.text)
    USART_SetPrescaler                       0x0800151f   Thumb Code    16  stm32f10x_usart.o(.text)
    USART_SmartCardCmd                       0x0800152f   Thumb Code    24  stm32f10x_usart.o(.text)
    USART_SmartCardNACKCmd                   0x08001547   Thumb Code    24  stm32f10x_usart.o(.text)
    USART_HalfDuplexCmd                      0x0800155f   Thumb Code    24  stm32f10x_usart.o(.text)
    USART_OverSampling8Cmd                   0x08001577   Thumb Code    24  stm32f10x_usart.o(.text)
    USART_OneBitMethodCmd                    0x0800158f   Thumb Code    24  stm32f10x_usart.o(.text)
    USART_IrDAConfig                         0x080015a7   Thumb Code    16  stm32f10x_usart.o(.text)
    USART_IrDACmd                            0x080015b7   Thumb Code    24  stm32f10x_usart.o(.text)
    USART_GetFlagStatus                      0x080015cf   Thumb Code    14  stm32f10x_usart.o(.text)
    USART_ClearFlag                          0x080015dd   Thumb Code     8  stm32f10x_usart.o(.text)
    USART_GetITStatus                        0x080015e5   Thumb Code    64  stm32f10x_usart.o(.text)
    USART_ClearITPendingBit                  0x08001625   Thumb Code    16  stm32f10x_usart.o(.text)
    rt_heap_begin_get                        0x08001649   Thumb Code     4  board.o(.text)
    rt_heap_end_get                          0x0800164d   Thumb Code     4  board.o(.text)
    rt_hw_board_init                         0x08001651   Thumb Code    96  board.o(.text)
    SysTick_Handler                          0x080016b1   Thumb Code    18  board.o(.text)
    rt_hw_console_output                     0x080016c3   Thumb Code    72  board.o(.text)
    $Super$$main                             0x08001721   Thumb Code   272  main.o(.text)
    EXTI0_IRQHandler                         0x080018c5   Thumb Code    36  stm32f10x_it.o(.text)
    EXTI15_10_IRQHandler                     0x080018e9   Thumb Code    42  stm32f10x_it.o(.text)
    LED_GPIO_Config                          0x0800191d   Thumb Code    92  bsp_led.o(.text)
    USART_Config                             0x080019a3   Thumb Code   138  bsp_usart.o(.text)
    Usart_SendByte                           0x08001a2d   Thumb Code    24  bsp_usart.o(.text)
    Usart_SendArray                          0x08001a45   Thumb Code    46  bsp_usart.o(.text)
    Usart_SendString                         0x08001a73   Thumb Code    38  bsp_usart.o(.text)
    Usart_SendHalfWord                       0x08001a99   Thumb Code    50  bsp_usart.o(.text)
    fputc                                    0x08001acb   Thumb Code    30  bsp_usart.o(.text)
    fgetc                                    0x08001ae9   Thumb Code    26  bsp_usart.o(.text)
    Parse_User_Info                          0x08001c07   Thumb Code    74  sysinit.o(.text)
    Delete_User                              0x08001c51   Thumb Code   174  sysinit.o(.text)
    Add_User                                 0x08001cff   Thumb Code    58  sysinit.o(.text)
    Get_User_Info                            0x08001d39   Thumb Code    88  sysinit.o(.text)
    Get_All_User_Info                        0x08001d91   Thumb Code    78  sysinit.o(.text)
    Check_Manager_Password                   0x08001ddf   Thumb Code    82  sysinit.o(.text)
    Modify_Manager_Password                  0x08001e31   Thumb Code    64  sysinit.o(.text)
    Check_General_Password                   0x08001e71   Thumb Code    92  sysinit.o(.text)
    Delete_General_Password                  0x08001ecd   Thumb Code   326  sysinit.o(.text)
    Add_General_Password                     0x08002013   Thumb Code    84  sysinit.o(.text)
    Get_General_Password                     0x08002067   Thumb Code   132  sysinit.o(.text)
    Parse_Temporary_Password                 0x080020eb   Thumb Code   128  sysinit.o(.text)
    Check_Temporary_Password                 0x0800216b   Thumb Code   100  sysinit.o(.text)
    Add_Temporary_Password                   0x080021cf   Thumb Code    76  sysinit.o(.text)
    systeminit                               0x0800221b   Thumb Code    34  sysinit.o(.text)
    RTC_Configuration                        0x0800224d   Thumb Code    88  bsp_rtc.o(.text)
    Time_Adjust                              0x080022a5   Thumb Code    26  bsp_rtc.o(.text)
    RTC_CheckAndConfig                       0x080022bf   Thumb Code    88  bsp_rtc.o(.text)
    Get_RTC_Current_Time                     0x08002317   Thumb Code    14  bsp_rtc.o(.text)
    Set_RTC_Current_Time                     0x08002325   Thumb Code    26  bsp_rtc.o(.text)
    rt_system_tick_init                      0x08002341   Thumb Code     2  clock.o(.text)
    rt_tick_get                              0x08002343   Thumb Code     6  clock.o(.text)
    rt_tick_set                              0x08002349   Thumb Code    20  clock.o(.text)
    rt_tick_increase                         0x0800235d   Thumb Code    38  clock.o(.text)
    rt_tick_from_millisecond                 0x08002383   Thumb Code    34  clock.o(.text)
    rt_components_board_init                 0x080023b9   Thumb Code    20  components.o(.text)
    rt_components_init                       0x080023cd   Thumb Code    20  components.o(.text)
    main_thread_entry                        0x080023e1   Thumb Code    14  components.o(.text)
    rt_application_init                      0x080023ef   Thumb Code    34  components.o(.text)
    rtthread_startup                         0x08002411   Thumb Code    42  components.o(.text)
    main                                     0x0800243b   Thumb Code    14  components.o(.text)
    rt_thread_idle_excute                    0x0800245d   Thumb Code   120  idle.o(.text)
    rt_thread_idle_init                      0x080024db   Thumb Code    46  idle.o(.text)
    rt_thread_idle_gethandler                0x08002509   Thumb Code     6  idle.o(.text)
    rt_sem_init                              0x080025bf   Thumb Code    36  ipc.o(.text)
    rt_sem_detach                            0x080025e3   Thumb Code    22  ipc.o(.text)
    rt_sem_create                            0x080025f9   Thumb Code    32  ipc.o(.text)
    rt_sem_delete                            0x08002619   Thumb Code    22  ipc.o(.text)
    rt_sem_take                              0x0800262f   Thumb Code   110  ipc.o(.text)
    rt_sem_trytake                           0x0800269d   Thumb Code     4  ipc.o(.text)
    rt_sem_release                           0x080026a1   Thumb Code    62  ipc.o(.text)
    rt_sem_control                           0x080026df   Thumb Code    46  ipc.o(.text)
    rt_mutex_init                            0x0800270d   Thumb Code    46  ipc.o(.text)
    rt_mutex_detach                          0x0800273b   Thumb Code    22  ipc.o(.text)
    rt_mutex_create                          0x08002751   Thumb Code    46  ipc.o(.text)
    rt_mutex_delete                          0x0800277f   Thumb Code    22  ipc.o(.text)
    rt_mutex_take                            0x08002795   Thumb Code   188  ipc.o(.text)
    rt_mutex_release                         0x08002851   Thumb Code   154  ipc.o(.text)
    rt_mutex_control                         0x080028eb   Thumb Code     6  ipc.o(.text)
    rt_event_init                            0x080028f1   Thumb Code    32  ipc.o(.text)
    rt_event_detach                          0x08002911   Thumb Code    22  ipc.o(.text)
    rt_event_create                          0x08002927   Thumb Code    32  ipc.o(.text)
    rt_event_delete                          0x08002947   Thumb Code    22  ipc.o(.text)
    rt_event_send                            0x0800295d   Thumb Code   144  ipc.o(.text)
    rt_event_recv                            0x080029ed   Thumb Code   206  ipc.o(.text)
    rt_event_control                         0x08002abb   Thumb Code    46  ipc.o(.text)
    rt_mb_init                               0x08002ae9   Thumb Code    52  ipc.o(.text)
    rt_mb_detach                             0x08002b1d   Thumb Code    30  ipc.o(.text)
    rt_mb_create                             0x08002b3b   Thumb Code    76  ipc.o(.text)
    rt_mb_delete                             0x08002b87   Thumb Code    36  ipc.o(.text)
    rt_mb_send_wait                          0x08002bab   Thumb Code   242  ipc.o(.text)
    rt_mb_send                               0x08002c9d   Thumb Code     4  ipc.o(.text)
    rt_mb_recv                               0x08002ca1   Thumb Code   242  ipc.o(.text)
    rt_mb_control                            0x08002d93   Thumb Code    58  ipc.o(.text)
    rt_mq_init                               0x08002dcd   Thumb Code    98  ipc.o(.text)
    rt_mq_detach                             0x08002e2f   Thumb Code    22  ipc.o(.text)
    rt_mq_delete                             0x08002e45   Thumb Code    28  ipc.o(.text)
    rt_mq_create                             0x08002e61   Thumb Code   114  ipc.o(.text)
    rt_mq_send                               0x08002ed3   Thumb Code   132  ipc.o(.text)
    rt_mq_urgent                             0x08002f57   Thumb Code   126  ipc.o(.text)
    rt_mq_recv                               0x08002fd5   Thumb Code   238  ipc.o(.text)
    rt_mq_control                            0x080030c3   Thumb Code    72  ipc.o(.text)
    rt_interrupt_enter                       0x08003135   Thumb Code    22  irq.o(.text)
    rt_interrupt_leave                       0x0800314b   Thumb Code    22  irq.o(.text)
    rt_interrupt_get_nest                    0x08003161   Thumb Code     6  irq.o(.text)
    rt_get_errno                             0x0800316d   Thumb Code    28  kservice.o(.text)
    rt_set_errno                             0x08003189   Thumb Code    30  kservice.o(.text)
    _rt_errno                                0x080031a7   Thumb Code    26  kservice.o(.text)
    rt_memset                                0x080031c1   Thumb Code    20  kservice.o(.text)
    rt_memcpy                                0x080031d5   Thumb Code    58  kservice.o(.text)
    rt_memmove                               0x0800320f   Thumb Code    52  kservice.o(.text)
    rt_memcmp                                0x08003243   Thumb Code    28  kservice.o(.text)
    rt_strlen                                0x0800325f   Thumb Code    16  kservice.o(.text)
    rt_strstr                                0x0800326f   Thumb Code    60  kservice.o(.text)
    rt_strcasecmp                            0x080032ab   Thumb Code    42  kservice.o(.text)
    rt_strncpy                               0x080032d5   Thumb Code    38  kservice.o(.text)
    rt_strncmp                               0x080032fb   Thumb Code    32  kservice.o(.text)
    rt_strcmp                                0x0800331b   Thumb Code    24  kservice.o(.text)
    rt_strnlen                               0x08003333   Thumb Code    20  kservice.o(.text)
    rt_strdup                                0x08003347   Thumb Code    40  kservice.o(.text)
    rt_vsnprintf                             0x08003493   Thumb Code   652  kservice.o(.text)
    rt_kprintf                               0x0800371f   Thumb Code    30  kservice.o(.text)
    rt_show_version                          0x0800373d   Thumb Code    38  kservice.o(.text)
    rt_snprintf                              0x08003763   Thumb Code    18  kservice.o(.text)
    rt_vsprintf                              0x08003775   Thumb Code    16  kservice.o(.text)
    rt_sprintf                               0x08003785   Thumb Code    14  kservice.o(.text)
    rt_kputs                                 0x08003793   Thumb Code    12  kservice.o(.text)
    rt_malloc_align                          0x0800379f   Thumb Code    50  kservice.o(.text)
    rt_free_align                            0x080037d1   Thumb Code     8  kservice.o(.text)
    __rt_ffs                                 0x080037d9   Thumb Code    66  kservice.o(.text)
    rt_system_heap_init                      0x0800392d   Thumb Code   100  mem.o(.text)
    rt_malloc                                0x08003991   Thumb Code   252  mem.o(.text)
    rt_free                                  0x08003a8d   Thumb Code   112  mem.o(.text)
    rt_realloc                               0x08003afd   Thumb Code   224  mem.o(.text)
    rt_calloc                                0x08003bdd   Thumb Code    28  mem.o(.text)
    rt_memory_info                           0x08003bf9   Thumb Code    28  mem.o(.text)
    rt_system_object_init                    0x08003cad   Thumb Code     2  object.o(.text)
    rt_object_get_information                0x08003caf   Thumb Code    30  object.o(.text)
    rt_object_init                           0x08003ccd   Thumb Code    60  object.o(.text)
    rt_object_detach                         0x08003d09   Thumb Code    28  object.o(.text)
    rt_object_allocate                       0x08003d25   Thumb Code    74  object.o(.text)
    rt_object_delete                         0x08003d6f   Thumb Code    34  object.o(.text)
    rt_object_is_systemobject                0x08003d91   Thumb Code    14  object.o(.text)
    rt_object_find                           0x08003d9f   Thumb Code    74  object.o(.text)
    rt_system_scheduler_init                 0x08003e0d   Thumb Code    44  scheduler.o(.text)
    rt_system_scheduler_start                0x08003e39   Thumb Code    32  scheduler.o(.text)
    rt_schedule                              0x08003e59   Thumb Code   102  scheduler.o(.text)
    rt_schedule_insert_thread                0x08003ebf   Thumb Code    68  scheduler.o(.text)
    rt_schedule_remove_thread                0x08003f03   Thumb Code    74  scheduler.o(.text)
    rt_enter_critical                        0x08003f4d   Thumb Code    22  scheduler.o(.text)
    rt_exit_critical                         0x08003f63   Thumb Code    42  scheduler.o(.text)
    rt_critical_level                        0x08003f8d   Thumb Code     8  scheduler.o(.text)
    rt_thread_exit                           0x08003fa1   Thumb Code    80  thread.o(.text)
    rt_thread_timeout                        0x08003ff1   Thumb Code    32  thread.o(.text)
    rt_thread_init                           0x08004083   Thumb Code    56  thread.o(.text)
    rt_thread_self                           0x080040bb   Thumb Code     6  thread.o(.text)
    rt_thread_resume                         0x080040c1   Thumb Code    60  thread.o(.text)
    rt_thread_startup                        0x080040fd   Thumb Code    38  thread.o(.text)
    rt_thread_detach                         0x08004123   Thumb Code    70  thread.o(.text)
    rt_thread_create                         0x08004169   Thumb Code    76  thread.o(.text)
    rt_thread_delete                         0x080041b5   Thumb Code    58  thread.o(.text)
    rt_thread_yield                          0x080041ef   Thumb Code    88  thread.o(.text)
    rt_thread_suspend                        0x08004247   Thumb Code    66  thread.o(.text)
    rt_thread_sleep                          0x08004289   Thumb Code    60  thread.o(.text)
    rt_thread_delay                          0x080042c5   Thumb Code     2  thread.o(.text)
    rt_thread_control                        0x080042c7   Thumb Code   102  thread.o(.text)
    rt_thread_find                           0x0800432d   Thumb Code    78  thread.o(.text)
    rt_timer_init                            0x080043e7   Thumb Code    42  timer.o(.text)
    rt_timer_detach                          0x08004411   Thumb Code    32  timer.o(.text)
    rt_timer_create                          0x08004431   Thumb Code    46  timer.o(.text)
    rt_timer_delete                          0x0800445f   Thumb Code    32  timer.o(.text)
    rt_timer_start                           0x0800447f   Thumb Code   206  timer.o(.text)
    rt_timer_stop                            0x0800454d   Thumb Code    46  timer.o(.text)
    rt_timer_control                         0x0800457b   Thumb Code    52  timer.o(.text)
    rt_timer_check                           0x080045af   Thumb Code   102  timer.o(.text)
    rt_timer_next_timeout_tick               0x08004615   Thumb Code     4  timer.o(.text)
    rt_system_timer_init                     0x08004619   Thumb Code    20  timer.o(.text)
    rt_system_timer_thread_init              0x0800462d   Thumb Code     2  timer.o(.text)
    rt_hw_interrupt_disable                  0x08004671   Thumb Code     8  context_rvds.o(.text)
    rt_hw_interrupt_enable                   0x08004679   Thumb Code     6  context_rvds.o(.text)
    rt_hw_context_switch                     0x0800467f   Thumb Code    32  context_rvds.o(.text)
    rt_hw_context_switch_interrupt           0x0800467f   Thumb Code     0  context_rvds.o(.text)
    PendSV_Handler                           0x0800469f   Thumb Code    60  context_rvds.o(.text)
    rt_hw_context_switch_to                  0x080046db   Thumb Code    58  context_rvds.o(.text)
    rt_hw_interrupt_thread_switch            0x08004715   Thumb Code     2  context_rvds.o(.text)
    HardFault_Handler                        0x08004717   Thumb Code    48  context_rvds.o(.text)
    rt_hw_stack_init                         0x08004761   Thumb Code    56  cpuport.o(.text)
    rt_hw_exception_install                  0x08004799   Thumb Code     6  cpuport.o(.text)
    rt_hw_hard_fault_exception               0x0800479f   Thumb Code   180  cpuport.o(.text)
    rt_hw_cpu_shutdown                       0x08004853   Thumb Code     6  cpuport.o(.text)
    RotationWord                             0x080049ad   Thumb Code    18  aes.o(.text)
    XorBytes                                 0x080049bf   Thumb Code    24  aes.o(.text)
    AddRoundKey                              0x080049d7   Thumb Code     4  aes.o(.text)
    SubBytes                                 0x080049db   Thumb Code    32  aes.o(.text)
    ShiftRows                                0x080049fb   Thumb Code    70  aes.o(.text)
    GfMultBy02                               0x08004a41   Thumb Code    20  aes.o(.text)
    MixColumns                               0x08004a55   Thumb Code   208  aes.o(.text)
    BlockEncrypt                             0x08004b25   Thumb Code    66  aes.o(.text)
    BlockDecrypt                             0x08004b67   Thumb Code    74  aes.o(.text)
    AES_Init                                 0x08004bb1   Thumb Code   116  aes.o(.text)
    AES_Encrypt                              0x08004c25   Thumb Code    66  aes.o(.text)
    AES_Encrypt_Oneself                      0x08004c67   Thumb Code     4  aes.o(.text)
    AES_Decrypt                              0x08004c6b   Thumb Code    60  aes.o(.text)
    AES_Decrypt_Oneself                      0x08004ca7   Thumb Code     4  aes.o(.text)
    Base64_EncodeStr                         0x08004cbd   Thumb Code   142  base64.o(.text)
    Base64_EncodeUChArr                      0x08004d4b   Thumb Code   140  base64.o(.text)
    Base64_DecodeToStr                       0x08004dd7   Thumb Code   234  base64.o(.text)
    Base64_DecodeToUChArr                    0x08004ec1   Thumb Code   228  base64.o(.text)
    cJSON_GetErrorPtr                        0x08004fa9   Thumb Code     6  cjson.o(.text)
    cJSON_InitHooks                          0x08005025   Thumb Code    36  cjson.o(.text)
    cJSON_Delete                             0x08005063   Thumb Code    66  cjson.o(.text)
    cJSON_ParseWithOpts                      0x08005a55   Thumb Code    94  cjson.o(.text)
    cJSON_Parse                              0x08005ab3   Thumb Code     6  cjson.o(.text)
    cJSON_Print                              0x08006169   Thumb Code     8  cjson.o(.text)
    cJSON_PrintUnformatted                   0x08006171   Thumb Code     8  cjson.o(.text)
    cJSON_PrintBuffered                      0x08006179   Thumb Code    38  cjson.o(.text)
    cJSON_GetArraySize                       0x0800619f   Thumb Code    16  cjson.o(.text)
    cJSON_GetArrayItem                       0x080061af   Thumb Code    18  cjson.o(.text)
    cJSON_GetObjectItem                      0x080061c1   Thumb Code    28  cjson.o(.text)
    cJSON_AddItemToArray                     0x08006211   Thumb Code    26  cjson.o(.text)
    cJSON_AddItemToObject                    0x0800622b   Thumb Code    42  cjson.o(.text)
    cJSON_AddItemToObjectCS                  0x08006255   Thumb Code    50  cjson.o(.text)
    cJSON_AddItemReferenceToArray            0x08006287   Thumb Code    20  cjson.o(.text)
    cJSON_AddItemReferenceToObject           0x0800629b   Thumb Code    24  cjson.o(.text)
    cJSON_DetachItemFromArray                0x080062b3   Thumb Code    56  cjson.o(.text)
    cJSON_DeleteItemFromArray                0x080062eb   Thumb Code    14  cjson.o(.text)
    cJSON_DetachItemFromObject               0x080062f9   Thumb Code    50  cjson.o(.text)
    cJSON_DeleteItemFromObject               0x0800632b   Thumb Code    14  cjson.o(.text)
    cJSON_InsertItemInArray                  0x08006339   Thumb Code    52  cjson.o(.text)
    cJSON_ReplaceItemInArray                 0x0800636d   Thumb Code    62  cjson.o(.text)
    cJSON_ReplaceItemInObject                0x080063ab   Thumb Code    60  cjson.o(.text)
    cJSON_CreateNull                         0x080063e7   Thumb Code    16  cjson.o(.text)
    cJSON_CreateTrue                         0x080063f7   Thumb Code    16  cjson.o(.text)
    cJSON_CreateFalse                        0x08006407   Thumb Code    16  cjson.o(.text)
    cJSON_CreateBool                         0x08006417   Thumb Code    24  cjson.o(.text)
    cJSON_CreateNumber                       0x0800642f   Thumb Code    36  cjson.o(.text)
    cJSON_CreateString                       0x08006453   Thumb Code    28  cjson.o(.text)
    cJSON_CreateArray                        0x0800646f   Thumb Code    16  cjson.o(.text)
    cJSON_CreateObject                       0x0800647f   Thumb Code    16  cjson.o(.text)
    cJSON_CreateIntArray                     0x0800648f   Thumb Code    64  cjson.o(.text)
    cJSON_CreateFloatArray                   0x080064cf   Thumb Code    62  cjson.o(.text)
    cJSON_CreateDoubleArray                  0x0800650d   Thumb Code    60  cjson.o(.text)
    cJSON_CreateStringArray                  0x08006549   Thumb Code    66  cjson.o(.text)
    cJSON_Duplicate                          0x0800658b   Thumb Code   150  cjson.o(.text)
    cJSON_Minify                             0x08006621   Thumb Code   158  cjson.o(.text)
    crc16bitbybit                            0x080066c1   Thumb Code    56  crc.o(.text)
    crc16table                               0x080066f9   Thumb Code    38  crc.o(.text)
    crc16tablefast                           0x0800671f   Thumb Code    60  crc.o(.text)
    G4_Usart_Config                          0x0800678b   Thumb Code   150  g4.o(.text)
    G4_Usart_SendByte                        0x08006821   Thumb Code    26  g4.o(.text)
    G4_Usart_SendArray                       0x0800683b   Thumb Code    40  g4.o(.text)
    G4_Usart_SendString                      0x08006863   Thumb Code    36  g4.o(.text)
    G4_Usart_SendHalfWord                    0x08006887   Thumb Code    48  g4.o(.text)
    UART4_IRQHandler                         0x080068b7   Thumb Code   120  g4.o(.text)
    G4_Cmd                                   0x08006945   Thumb Code   264  g4app.o(.text)
    G4_Cmd_ResAndOr                          0x08006a4d   Thumb Code   264  g4app.o(.text)
    G4_Cmd_Repeat                            0x08006b55   Thumb Code    52  g4app.o(.text)
    G4_EnterATMode                           0x08006b89   Thumb Code    50  g4app.o(.text)
    G4_TestATCmd                             0x08006bbb   Thumb Code    20  g4app.o(.text)
    G4_Init                                  0x08006bcf   Thumb Code   128  g4app.o(.text)
    G4_Net_Config                            0x08006c4f   Thumb Code   154  g4app.o(.text)
    G4_Net_Connect                           0x08006ce9   Thumb Code     4  g4app.o(.text)
    assembleWebMsg                           0x08006ced   Thumb Code   348  g4app.o(.text)
    G4_Thread_Entry                          0x08006e49   Thumb Code    68  g4app.o(.text)
    G4APP_Send_Thread_Entry                  0x08006e8d   Thumb Code   104  g4app.o(.text)
    G4APP_Rece_Thread_Entry                  0x08006ef5   Thumb Code  1530  g4app.o(.text)
    dataFiling_pkcs5padding                  0x08007511   Thumb Code    34  myaes.o(.text)
    dataRemove_pkcs5padding                  0x08007533   Thumb Code    12  myaes.o(.text)
    myaes_encrypt                            0x0800753f   Thumb Code   112  myaes.o(.text)
    myaes_decrypt                            0x080075af   Thumb Code    44  myaes.o(.text)
    I2C_Configuration                        0x080075dd   Thumb Code   120  oled_i2c.o(.text)
    I2C_WriteByte                            0x08007655   Thumb Code   128  oled_i2c.o(.text)
    WriteCmd                                 0x080076d5   Thumb Code     6  oled_i2c.o(.text)
    WriteDat                                 0x080076db   Thumb Code     6  oled_i2c.o(.text)
    OLED_Init                                0x080076e1   Thumb Code   184  oled_i2c.o(.text)
    OLED_SetPos                              0x08007799   Thumb Code    36  oled_i2c.o(.text)
    OLED_Fill                                0x080077bd   Thumb Code    54  oled_i2c.o(.text)
    OLED_CLS                                 0x080077f3   Thumb Code     4  oled_i2c.o(.text)
    OLED_ON                                  0x080077f7   Thumb Code    22  oled_i2c.o(.text)
    OLED_OFF                                 0x0800780d   Thumb Code    22  oled_i2c.o(.text)
    OLED_ShowStr                             0x08007823   Thumb Code   194  oled_i2c.o(.text)
    OLED_ShowCN                              0x080078e5   Thumb Code    70  oled_i2c.o(.text)
    OLED_DrawBMP                             0x0800792b   Thumb Code    64  oled_i2c.o(.text)
    OLED_GRAM_Reflash                        0x0800796b   Thumb Code    66  oled_i2c.o(.text)
    OLED_GRAM_Fill                           0x080079ad   Thumb Code    42  oled_i2c.o(.text)
    OLED_GRAM_DrawPoint                      0x080079d7   Thumb Code   100  oled_i2c.o(.text)
    OLED_GRAM_ReadPoint                      0x08007a3b   Thumb Code    26  oled_i2c.o(.text)
    OLED_GRAM_ClearScreen                    0x08007a55   Thumb Code    34  oled_i2c.o(.text)
    OLED_GRAM_HorizontalLine                 0x08007a77   Thumb Code    60  oled_i2c.o(.text)
    OLED_GRAM_VerticalLine                   0x08007ab3   Thumb Code    52  oled_i2c.o(.text)
    OLED_GRAM_Rectangle                      0x08007ae7   Thumb Code    70  oled_i2c.o(.text)
    OLED_GRAM_WriteChar                      0x08007b2d   Thumb Code   248  oled_i2c.o(.text)
    OLED_GRAM_WriteZh                        0x08007c25   Thumb Code   254  oled_i2c.o(.text)
    OLED_GRAM_WriteStr                       0x08007d23   Thumb Code   148  oled_i2c.o(.text)
    OLED_GRAM_PrintLogo                      0x08007db7   Thumb Code    42  oled_i2c.o(.text)
    Main_Page_Init                           0x08007df1   Thumb Code    62  main_page.o(.text)
    Main_Page_Load                           0x08007e2f   Thumb Code    24  main_page.o(.text)
    Main_Page_Clear                          0x08007e47   Thumb Code    20  main_page.o(.text)
    Main_Page_Display                        0x08007e5b   Thumb Code    42  main_page.o(.text)
    Main_Page_Action                         0x08007e85   Thumb Code   468  main_page.o(.text)
    UI_Page_Add                              0x080080ed   Thumb Code    54  ui.o(.text)
    UI_Page_Delete                           0x08008123   Thumb Code    14  ui.o(.text)
    UI_Page_Clear                            0x08008131   Thumb Code    16  ui.o(.text)
    UI_Thread_Entry                          0x08008141   Thumb Code   278  ui.o(.text)
    delay                                    0x08008275   Thumb Code    12  key.o(.text)
    Key_GPIO_Config                          0x08008281   Thumb Code    78  key.o(.text)
    Key_Init                                 0x080082cf   Thumb Code     2  key.o(.text)
    Key_Scan                                 0x080082d1   Thumb Code    82  key.o(.text)
    key_thread_entry                         0x08008323   Thumb Code   164  key.o(.text)
    Menu_Page_Init                           0x080083d1   Thumb Code    38  menu_page.o(.text)
    Menu_Page_Clear                          0x080083f7   Thumb Code    20  menu_page.o(.text)
    Menu_Page_Load                           0x0800840b   Thumb Code    10  menu_page.o(.text)
    Menu_Page_Display                        0x08008415   Thumb Code   108  menu_page.o(.text)
    Menu_Page_Action                         0x08008481   Thumb Code   234  menu_page.o(.text)
    Bind_Device_Page_Init                    0x080085dd   Thumb Code    44  bind_device_page.o(.text)
    Bind_Device_Page_Clear                   0x08008609   Thumb Code    20  bind_device_page.o(.text)
    Bind_Device_Page_Load                    0x0800861d   Thumb Code    10  bind_device_page.o(.text)
    Bind_Device_Page_Display                 0x08008627   Thumb Code    50  bind_device_page.o(.text)
    Bind_Device_Page_Action                  0x08008659   Thumb Code    62  bind_device_page.o(.text)
    Query_User_Page_Init                     0x080086c9   Thumb Code   140  query_user_page.o(.text)
    Query_User_Page_Clear                    0x08008755   Thumb Code    44  query_user_page.o(.text)
    Query_User_Page_Load                     0x08008781   Thumb Code    10  query_user_page.o(.text)
    Query_User_Page_Display                  0x0800878b   Thumb Code    88  query_user_page.o(.text)
    Query_User_Page_Action                   0x080087e3   Thumb Code    94  query_user_page.o(.text)
    Modify_Manager_Password_Page_Init        0x08008879   Thumb Code    74  modify_manager_password_page.o(.text)
    Modify_Manager_Password_Page_Clear       0x080088c3   Thumb Code    20  modify_manager_password_page.o(.text)
    Modify_Manager_Password_Page_Load        0x080088d7   Thumb Code    10  modify_manager_password_page.o(.text)
    Modify_Manager_Password_Page_Display     0x080088e1   Thumb Code    52  modify_manager_password_page.o(.text)
    Modify_Manager_Password_Page_Action      0x08008915   Thumb Code   430  modify_manager_password_page.o(.text)
    Add_Gen_Password_Page_Init               0x08008b3d   Thumb Code    74  add_gen_password_page.o(.text)
    Add_Gen_Password_Page_Clear              0x08008b87   Thumb Code    20  add_gen_password_page.o(.text)
    Add_Gen_Password_Page_Load               0x08008b9b   Thumb Code    10  add_gen_password_page.o(.text)
    Add_Gen_Password_Page_Display            0x08008ba5   Thumb Code    52  add_gen_password_page.o(.text)
    Add_Gen_Password_Page_Action             0x08008bd9   Thumb Code   430  add_gen_password_page.o(.text)
    Manage_Gen_Password_Page_Init            0x08008e01   Thumb Code   148  manage_gen_password_page.o(.text)
    Manage_Gen_Password_Page_Clear           0x08008e95   Thumb Code    44  manage_gen_password_page.o(.text)
    Manage_Gen_Password_Page_Load            0x08008ec1   Thumb Code    10  manage_gen_password_page.o(.text)
    Manage_Gen_Password_Page_Display         0x08008ecb   Thumb Code   170  manage_gen_password_page.o(.text)
    Manage_Gen_Password_Page_Action          0x08008f75   Thumb Code   292  manage_gen_password_page.o(.text)
    Msg_Page_Init                            0x08009101   Thumb Code    66  msg_page.o(.text)
    Msg_Page_Clear                           0x08009143   Thumb Code    20  msg_page.o(.text)
    Msg_Page_Load                            0x08009157   Thumb Code    12  msg_page.o(.text)
    Msg_Page_Display                         0x08009163   Thumb Code    54  msg_page.o(.text)
    Msg_Page_Action                          0x08009199   Thumb Code    70  msg_page.o(.text)
    SPI_FLASH_Init                           0x080091f1   Thumb Code   180  bsp_spi_flash.o(.text)
    SPI_FLASH_SendByte                       0x080092b3   Thumb Code   102  bsp_spi_flash.o(.text)
    SPI_FLASH_WaitForWriteEnd                0x08009319   Thumb Code    44  bsp_spi_flash.o(.text)
    SPI_FLASH_WriteEnable                    0x08009345   Thumb Code    34  bsp_spi_flash.o(.text)
    SPI_FLASH_SectorErase                    0x08009367   Thumb Code    68  bsp_spi_flash.o(.text)
    SPI_FLASH_BulkErase                      0x080093ab   Thumb Code    40  bsp_spi_flash.o(.text)
    SPI_FLASH_PageWrite                      0x080093d3   Thumb Code   102  bsp_spi_flash.o(.text)
    SPI_FLASH_BufferWrite                    0x08009439   Thumb Code   202  bsp_spi_flash.o(.text)
    SPI_FLASH_BufferRead                     0x08009503   Thumb Code    84  bsp_spi_flash.o(.text)
    SPI_FLASH_ReadID                         0x08009557   Thumb Code    68  bsp_spi_flash.o(.text)
    SPI_FLASH_ReadDeviceID                   0x0800959b   Thumb Code    60  bsp_spi_flash.o(.text)
    SPI_FLASH_StartReadSequence              0x080095d7   Thumb Code   158  bsp_spi_flash.o(.text)
    SPI_FLASH_ReadByte                       0x08009675   Thumb Code     4  bsp_spi_flash.o(.text)
    SPI_FLASH_SendHalfWord                   0x08009679   Thumb Code    96  bsp_spi_flash.o(.text)
    SPI_Flash_PowerDown                      0x080096d9   Thumb Code    34  bsp_spi_flash.o(.text)
    SPI_Flash_WAKEUP                         0x080096fb   Thumb Code    34  bsp_spi_flash.o(.text)
    disk_status                              0x08009729   Thumb Code    28  diskio.o(.text)
    disk_initialize                          0x08009745   Thumb Code    44  diskio.o(.text)
    disk_read                                0x08009771   Thumb Code    38  diskio.o(.text)
    disk_write                               0x08009797   Thumb Code    54  diskio.o(.text)
    disk_ioctl                               0x080097cd   Thumb Code    50  diskio.o(.text)
    get_fattime                              0x080097ff   Thumb Code     4  diskio.o(.text)
    clust2sect                               0x080099b7   Thumb Code    24  ff.o(.text)
    get_fat                                  0x080099cf   Thumb Code   254  ff.o(.text)
    put_fat                                  0x08009acd   Thumb Code   300  ff.o(.text)
    f_mount                                  0x0800abd7   Thumb Code   122  ff.o(.text)
    f_open                                   0x0800ac51   Thumb Code   360  ff.o(.text)
    f_read                                   0x0800adb9   Thumb Code   482  ff.o(.text)
    f_write                                  0x0800af9b   Thumb Code   528  ff.o(.text)
    f_sync                                   0x0800b1ab   Thumb Code   174  ff.o(.text)
    f_close                                  0x0800b259   Thumb Code    38  ff.o(.text)
    f_lseek                                  0x0800b27f   Thumb Code   456  ff.o(.text)
    f_opendir                                0x0800b447   Thumb Code   124  ff.o(.text)
    f_closedir                               0x0800b4c3   Thumb Code    28  ff.o(.text)
    f_readdir                                0x0800b4df   Thumb Code   108  ff.o(.text)
    f_stat                                   0x0800b54b   Thumb Code    76  ff.o(.text)
    f_getfree                                0x0800b597   Thumb Code   228  ff.o(.text)
    f_truncate                               0x0800b67b   Thumb Code   188  ff.o(.text)
    f_unlink                                 0x0800b737   Thumb Code   178  ff.o(.text)
    f_mkdir                                  0x0800b7e9   Thumb Code   364  ff.o(.text)
    f_chmod                                  0x0800b955   Thumb Code    96  ff.o(.text)
    f_rename                                 0x0800b9b5   Thumb Code   258  ff.o(.text)
    f_utime                                  0x0800bab7   Thumb Code    96  ff.o(.text)
    f_mkfs                                   0x0800bb17   Thumb Code  1384  ff.o(.text)
    f_gets                                   0x0800c07f   Thumb Code    68  ff.o(.text)
    f_putc                                   0x0800c0fd   Thumb Code    60  ff.o(.text)
    f_puts                                   0x0800c139   Thumb Code    70  ff.o(.text)
    f_printf                                 0x0800c17f   Thumb Code   538  ff.o(.text)
    ff_convert                               0x0800c399   Thumb Code    78  cc936.o(.text)
    ff_wtoupper                              0x0800c3e7   Thumb Code    68  cc936.o(.text)
    ff_cre_syncobj                           0x0800c43d   Thumb Code    22  syscall.o(.text)
    ff_del_syncobj                           0x0800c453   Thumb Code     4  syscall.o(.text)
    ff_req_grant                             0x0800c457   Thumb Code    20  syscall.o(.text)
    ff_rel_grant                             0x0800c46b   Thumb Code     4  syscall.o(.text)
    tolower                                  0x0800c47d   Thumb Code    12  tolower.o(.text)
    __aeabi_memcpy                           0x0800c489   Thumb Code    36  memcpya.o(.text)
    __aeabi_memcpy4                          0x0800c489   Thumb Code     0  memcpya.o(.text)
    __aeabi_memcpy8                          0x0800c489   Thumb Code     0  memcpya.o(.text)
    __aeabi_memset                           0x0800c4ad   Thumb Code    14  memseta.o(.text)
    __aeabi_memset4                          0x0800c4ad   Thumb Code     0  memseta.o(.text)
    __aeabi_memset8                          0x0800c4ad   Thumb Code     0  memseta.o(.text)
    __aeabi_memclr                           0x0800c4bb   Thumb Code     4  memseta.o(.text)
    __aeabi_memclr4                          0x0800c4bb   Thumb Code     0  memseta.o(.text)
    __aeabi_memclr8                          0x0800c4bb   Thumb Code     0  memseta.o(.text)
    _memset$wrapper                          0x0800c4bf   Thumb Code    18  memseta.o(.text)
    strcat                                   0x0800c4d1   Thumb Code    24  strcat.o(.text)
    strstr                                   0x0800c4e9   Thumb Code    36  strstr.o(.text)
    strchr                                   0x0800c50d   Thumb Code    20  strchr.o(.text)
    strlen                                   0x0800c521   Thumb Code    14  strlen.o(.text)
    strcmp                                   0x0800c52f   Thumb Code    28  strcmp.o(.text)
    strcpy                                   0x0800c54b   Thumb Code    18  strcpy.o(.text)
    strncmp                                  0x0800c55d   Thumb Code    30  strncmp.o(.text)
    __aeabi_dadd                             0x0800c57b   Thumb Code   322  dadd.o(.text)
    __aeabi_dsub                             0x0800c6bd   Thumb Code     6  dadd.o(.text)
    __aeabi_drsub                            0x0800c6c3   Thumb Code     6  dadd.o(.text)
    __aeabi_dmul                             0x0800c6c9   Thumb Code   228  dmul.o(.text)
    __aeabi_i2d                              0x0800c7ad   Thumb Code    34  dflti.o(.text)
    __aeabi_d2iz                             0x0800c7cf   Thumb Code    62  dfixi.o(.text)
    __aeabi_f2d                              0x0800c80d   Thumb Code    38  f2d.o(.text)
    __aeabi_cdcmpeq                          0x0800c835   Thumb Code     0  cdcmple.o(.text)
    __aeabi_cdcmple                          0x0800c835   Thumb Code    38  cdcmple.o(.text)
    __aeabi_cdrcmple                         0x0800c85d   Thumb Code    38  cdrcmple.o(.text)
    __aeabi_uidiv                            0x0800c885   Thumb Code     0  uidiv.o(.text)
    __aeabi_uidivmod                         0x0800c885   Thumb Code    44  uidiv.o(.text)
    __aeabi_uldivmod                         0x0800c8b1   Thumb Code    98  uldiv.o(.text)
    __aeabi_llsl                             0x0800c913   Thumb Code    30  llshl.o(.text)
    _ll_shift_l                              0x0800c913   Thumb Code     0  llshl.o(.text)
    __aeabi_llsr                             0x0800c931   Thumb Code    32  llushr.o(.text)
    _ll_ushift_r                             0x0800c931   Thumb Code     0  llushr.o(.text)
    __aeabi_lasr                             0x0800c951   Thumb Code    36  llsshr.o(.text)
    _ll_sshift_r                             0x0800c951   Thumb Code     0  llsshr.o(.text)
    __I$use$fp                               0x0800c975   Thumb Code     0  iusefp.o(.text)
    _double_round                            0x0800c975   Thumb Code    26  depilogue.o(.text)
    _double_epilogue                         0x0800c98f   Thumb Code   156  depilogue.o(.text)
    __aeabi_ddiv                             0x0800ca2b   Thumb Code   222  ddiv.o(.text)
    __ARM_scalbn                             0x0800cb09   Thumb Code    46  dscalb.o(.text)
    scalbn                                   0x0800cb09   Thumb Code     0  dscalb.o(.text)
    __aeabi_d2ulz                            0x0800cb37   Thumb Code    48  dfixul.o(.text)
    __scatterload                            0x0800cb69   Thumb Code    28  init.o(.text)
    __scatterload_rt2                        0x0800cb69   Thumb Code     0  init.o(.text)
    _dsqrt                                   0x0800cb8d   Thumb Code   162  dsqrt.o(.text)
    __decompress                             0x0800cc2f   Thumb Code     0  __dczerorl2.o(.text)
    __decompress1                            0x0800cc2f   Thumb Code    86  __dczerorl2.o(.text)
    __0printf                                0x0800cc85   Thumb Code    22  printfa.o(i.__0printf)
    __1printf                                0x0800cc85   Thumb Code     0  printfa.o(i.__0printf)
    __2printf                                0x0800cc85   Thumb Code     0  printfa.o(i.__0printf)
    __c89printf                              0x0800cc85   Thumb Code     0  printfa.o(i.__0printf)
    printf                                   0x0800cc85   Thumb Code     0  printfa.o(i.__0printf)
    __0sprintf                               0x0800cca5   Thumb Code    34  printfa.o(i.__0sprintf)
    __1sprintf                               0x0800cca5   Thumb Code     0  printfa.o(i.__0sprintf)
    __2sprintf                               0x0800cca5   Thumb Code     0  printfa.o(i.__0sprintf)
    __c89sprintf                             0x0800cca5   Thumb Code     0  printfa.o(i.__0sprintf)
    sprintf                                  0x0800cca5   Thumb Code     0  printfa.o(i.__0sprintf)
    __ARM_fpclassify                         0x0800cccd   Thumb Code    40  fpclassify.o(i.__ARM_fpclassify)
    __kernel_poly                            0x0800ccf5   Thumb Code   170  poly.o(i.__kernel_poly)
    __mathlib_dbl_underflow                  0x0800cda1   Thumb Code    10  dunder.o(i.__mathlib_dbl_underflow)
    __scatterload_copy                       0x0800cdb1   Thumb Code    14  handlers.o(i.__scatterload_copy)
    __scatterload_null                       0x0800cdbf   Thumb Code     2  handlers.o(i.__scatterload_null)
    __scatterload_zeroinit                   0x0800cdc1   Thumb Code    14  handlers.o(i.__scatterload_zeroinit)
    __set_errno                              0x0800cdd1   Thumb Code     6  errno.o(i.__set_errno)
    floor                                    0x0800d679   Thumb Code   204  floor.o(i.floor)
    pow                                      0x0800d755   Thumb Code  2510  pow.o(i.pow)
    sqrt                                     0x0800e135   Thumb Code    76  sqrt.o(i.sqrt)
    __lowest_bit_bitmap                      0x0800e180   Data         256  kservice.o(.constdata)
    SBox                                     0x0800e2a2   Data         256  aes.o(.constdata)
    InvSBox                                  0x0800e3a2   Data         256  aes.o(.constdata)
    Base64_Table                             0x0800e4a2   Data          66  base64.o(.constdata)
    crctablehi                               0x0800e4ec   Data         256  crc.o(.constdata)
    crctablelo                               0x0800e5ec   Data         256  crc.o(.constdata)
    crctalbeabs                              0x0800e6ec   Data          32  crc.o(.constdata)
    F6x8                                     0x0800e70c   Data         552  oled_i2c.o(.constdata)
    F8X16                                    0x0800e934   Data        1520  oled_i2c.o(.constdata)
    CODE16X8                                 0x0800ef24   Data        2048  oled_i2c.o(.constdata)
    TRANTAB                                  0x0800f724   Data         256  oled_i2c.o(.constdata)
    PIKAQIU                                  0x0800f824   Data        1024  oled_i2c.o(.constdata)
    ZH                                       0x0800fc24   Data       261696  oled_i2c.o(.constdata)
    __mathlib_zero                           0x0807abe8   Data           8  qnan.o(.constdata)
    __rt_init_rti_start                      0x0807abf0   Data           4  components.o(.rti_fn.0)
    __rt_init_rti_board_start                0x0807abf4   Data           4  components.o(.rti_fn.0.end)
    __rt_init_rti_board_end                  0x0807abf8   Data           4  components.o(.rti_fn.1.end)
    __rt_init_rti_end                        0x0807abfc   Data           4  components.o(.rti_fn.6.end)
    Region$$Table$$Base                      0x0807ac00   Number         0  anon$$obj.o(Region$$Table)
    Region$$Table$$Limit                     0x0807ac20   Number         0  anon$$obj.o(Region$$Table)
    SystemCoreClock                          0x20000000   Data           4  system_stm32f10x.o(.data)
    AHBPrescTable                            0x20000004   Data          16  system_stm32f10x.o(.data)
    key_th                                   0x20000028   Data           4  main.o(.data)
    g4th                                     0x2000002c   Data           4  main.o(.data)
    g4mb                                     0x20000030   Data           4  main.o(.data)
    g4appreceth                              0x20000034   Data           4  main.o(.data)
    g4appmb                                  0x20000038   Data           4  main.o(.data)
    g4appsendth                              0x2000003c   Data           4  main.o(.data)
    g4msgmq                                  0x20000040   Data           4  main.o(.data)
    uith                                     0x20000044   Data           4  main.o(.data)
    inputsig_mq                              0x20000048   Data           4  main.o(.data)
    test_mq                                  0x2000004c   Data           4  main.o(.data)
    send_data1                               0x20000050   Data           4  stm32f10x_it.o(.data)
    send_data2                               0x20000054   Data           4  stm32f10x_it.o(.data)
    rt_interrupt_nest                        0x2000005c   Data           1  irq.o(.data)
    rt_current_priority                      0x200000fc   Data           1  scheduler.o(.data)
    rt_current_thread                        0x20000100   Data           4  scheduler.o(.data)
    rt_thread_ready_priority_group           0x20000104   Data           4  scheduler.o(.data)
    rt_thread_defunct                        0x20000108   Data           8  scheduler.o(.data)
    rt_interrupt_from_thread                 0x20000120   Data           4  cpuport.o(.data)
    rt_interrupt_to_thread                   0x20000124   Data           4  cpuport.o(.data)
    rt_thread_switch_interrupt_flag          0x20000128   Data           4  cpuport.o(.data)
    g4_buff_count                            0x20000138   Data           1  g4.o(.data)
    g4_buff_p                                0x2000013c   Data           4  g4.o(.data)
    cmdflag                                  0x20000140   Data           1  g4app.o(.data)
    CONNECT_SERVER                           0x20000141   Data           1  g4app.o(.data)
    token                                    0x20000142   Data          71  g4app.o(.data)
    auth_key                                 0x20000189   Data          16  g4app.o(.data)
    F16x16                                   0x20000199   Data         128  oled_i2c.o(.data)
    main_page_struc                          0x2000021c   Data           4  main_page.o(.data)
    ui_stack                                 0x20000220   Data           4  ui.o(.data)
    menu_page_struc                          0x20000224   Data           4  menu_page.o(.data)
    MENU_ITEM                                0x20000228   Data          85  menu_page.o(.data)
    bind_page_struc                          0x20000280   Data           4  bind_device_page.o(.data)
    query_user_page_struc                    0x20000284   Data           4  query_user_page.o(.data)
    modify_page_struc                        0x20000288   Data           4  modify_manager_password_page.o(.data)
    addp_page_struc                          0x2000028c   Data           4  add_gen_password_page.o(.data)
    managegp_page_struc                      0x20000290   Data           4  manage_gen_password_page.o(.data)
    msg_struc                                0x20000294   Data           4  msg_page.o(.data)
    __stdout                                 0x200002a8   Data           4  stdout.o(.data)
    T_FILE                                   0x200082b0   Data        4132  sysinit.o(.bss)
    fs                                       0x200092d4   Data        4148  sysinit.o(.bss)
    rt_thread_priority_table                 0x2000a540   Data          64  scheduler.o(.bss)
    g_KeyTable                               0x2000a580   Data         176  aes.o(.bss)
    g_AES_IV                                 0x2000a630   Data          16  aes.o(.bss)
    g4_buff                                  0x2000a640   Data        5130  g4.o(.bss)
    cmdbuff                                  0x2000ba4c   Data          12  g4app.o(.bss)
    comm_key                                 0x2000ba58   Data          16  g4app.o(.bss)
    GRAM                                     0x2000ba68   Data        1024  oled_i2c.o(.bss)
    UI_FILE                                  0x2000be68   Data        4132  ui.o(.bss)
    __initial_sp                             0x2000d290   Data           0  startup_stm32f10x_hd.o(STACK)



==============================================================================

Memory Map of the image

  Image Entry point : 0x08000131

  Load Region LR_IROM1 (Base: 0x08000000, Size: 0x0007aed0, Max: 0x00080000, ABSOLUTE, COMPRESSED[0x0007ad94])

    Execution Region ER_IROM1 (Base: 0x08000000, Size: 0x0007ac20, Max: 0x00080000, ABSOLUTE)

    Base Addr    Size         Type   Attr      Idx    E Section Name        Object

    0x08000000   0x00000130   Data   RO            3    RESET               startup_stm32f10x_hd.o
    0x08000130   0x00000000   Code   RO         1406  * .ARM.Collect$$$$00000000  mc_w.l(entry.o)
    0x08000130   0x00000004   Code   RO         1721    .ARM.Collect$$$$00000001  mc_w.l(entry2.o)
    0x08000134   0x00000004   Code   RO         1724    .ARM.Collect$$$$00000004  mc_w.l(entry5.o)
    0x08000138   0x00000000   Code   RO         1726    .ARM.Collect$$$$00000008  mc_w.l(entry7b.o)
    0x08000138   0x00000000   Code   RO         1728    .ARM.Collect$$$$0000000A  mc_w.l(entry8b.o)
    0x08000138   0x00000008   Code   RO         1729    .ARM.Collect$$$$0000000B  mc_w.l(entry9a.o)
    0x08000140   0x00000000   Code   RO         1731    .ARM.Collect$$$$0000000D  mc_w.l(entry10a.o)
    0x08000140   0x00000000   Code   RO         1733    .ARM.Collect$$$$0000000F  mc_w.l(entry11a.o)
    0x08000140   0x00000004   Code   RO         1722    .ARM.Collect$$$$00002712  mc_w.l(entry2.o)
    0x08000144   0x00000024   Code   RO            4    .text               startup_stm32f10x_hd.o
    0x08000168   0x00000174   Code   RO           24    .text               system_stm32f10x.o
    0x080002dc   0x000000b8   Code   RO          121    .text               misc.o
    0x08000394   0x0000009c   Code   RO          149    .text               stm32f10x_bkp.o
    0x08000430   0x000000ec   Code   RO          233    .text               stm32f10x_exti.o
    0x0800051c   0x00000298   Code   RO          269    .text               stm32f10x_gpio.o
    0x080007b4   0x00000390   Code   RO          281    .text               stm32f10x_i2c.o
    0x08000b44   0x000000ac   Code   RO          305    .text               stm32f10x_pwr.o
    0x08000bf0   0x000002f4   Code   RO          317    .text               stm32f10x_rcc.o
    0x08000ee4   0x00000114   Code   RO          331    .text               stm32f10x_rtc.o
    0x08000ff8   0x000002b4   Code   RO          355    .text               stm32f10x_spi.o
    0x080012ac   0x0000039c   Code   RO          379    .text               stm32f10x_usart.o
    0x08001648   0x000000d8   Code   RO          403    .text               board.o
    0x08001720   0x000001a4   Code   RO          507    .text               main.o
    0x080018c4   0x00000058   Code   RO          549    .text               stm32f10x_it.o
    0x0800191c   0x00000060   Code   RO          568    .text               bsp_led.o
    0x0800197c   0x00000190   Code   RO          580    .text               bsp_usart.o
    0x08001b0c   0x00000740   Code   RO          596    .text               sysinit.o
    0x0800224c   0x000000f2   Code   RO          618    .text               bsp_rtc.o
    0x0800233e   0x00000002   PAD
    0x08002340   0x00000068   Code   RO          630    .text               clock.o
    0x080023a8   0x000000b4   Code   RO          650    .text               components.o
    0x0800245c   0x000000d8   Code   RO          674    .text               idle.o
    0x08002534   0x00000c00   Code   RO          692    .text               ipc.o
    0x08003134   0x00000038   Code   RO          707    .text               irq.o
    0x0800316c   0x00000770   Code   RO          722    .text               kservice.o
    0x080038dc   0x000003d0   Code   RO          739    .text               mem.o
    0x08003cac   0x00000160   Code   RO          775    .text               object.o
    0x08003e0c   0x00000194   Code   RO          792    .text               scheduler.o
    0x08003fa0   0x00000406   Code   RO          827    .text               thread.o
    0x080043a6   0x00000002   PAD
    0x080043a8   0x000002c8   Code   RO          843    .text               timer.o
    0x08004670   0x000000f0   Code   RO          860    .text               context_rvds.o
    0x08004760   0x0000024c   Code   RO          864    .text               cpuport.o
    0x080049ac   0x00000310   Code   RO          882    .text               aes.o
    0x08004cbc   0x000002ec   Code   RO          907    .text               base64.o
    0x08004fa8   0x00001716   Code   RO          925    .text               cjson.o
    0x080066be   0x00000002   PAD
    0x080066c0   0x000000a4   Code   RO          963    .text               crc.o
    0x08006764   0x000001e0   Code   RO          982    .text               g4.o
    0x08006944   0x00000bcc   Code   RO         1001    .text               g4app.o
    0x08007510   0x000000ca   Code   RO         1038    .text               myaes.o
    0x080075da   0x00000002   PAD
    0x080075dc   0x00000814   Code   RO         1053    .text               oled_i2c.o
    0x08007df0   0x000002fc   Code   RO         1080    .text               main_page.o
    0x080080ec   0x00000188   Code   RO         1115    .text               ui.o
    0x08008274   0x0000015c   Code   RO         1146    .text               key.o
    0x080083d0   0x0000020c   Code   RO         1158    .text               menu_page.o
    0x080085dc   0x000000ec   Code   RO         1195    .text               bind_device_page.o
    0x080086c8   0x000001b0   Code   RO         1213    .text               query_user_page.o
    0x08008878   0x000002c4   Code   RO         1235    .text               modify_manager_password_page.o
    0x08008b3c   0x000002c4   Code   RO         1253    .text               add_gen_password_page.o
    0x08008e00   0x00000300   Code   RO         1271    .text               manage_gen_password_page.o
    0x08009100   0x000000f0   Code   RO         1289    .text               msg_page.o
    0x080091f0   0x00000538   Code   RO         1304    .text               bsp_spi_flash.o
    0x08009728   0x000000e4   Code   RO         1318    .text               diskio.o
    0x0800980c   0x00002b8c   Code   RO         1339    .text               ff.o
    0x0800c398   0x000000a4   Code   RO         1357    .text               cc936.o
    0x0800c43c   0x00000040   Code   RO         1380    .text               syscall.o
    0x0800c47c   0x0000000c   Code   RO         1409    .text               mc_w.l(tolower.o)
    0x0800c488   0x00000024   Code   RO         1411    .text               mc_w.l(memcpya.o)
    0x0800c4ac   0x00000024   Code   RO         1413    .text               mc_w.l(memseta.o)
    0x0800c4d0   0x00000018   Code   RO         1415    .text               mc_w.l(strcat.o)
    0x0800c4e8   0x00000024   Code   RO         1417    .text               mc_w.l(strstr.o)
    0x0800c50c   0x00000014   Code   RO         1419    .text               mc_w.l(strchr.o)
    0x0800c520   0x0000000e   Code   RO         1421    .text               mc_w.l(strlen.o)
    0x0800c52e   0x0000001c   Code   RO         1423    .text               mc_w.l(strcmp.o)
    0x0800c54a   0x00000012   Code   RO         1425    .text               mc_w.l(strcpy.o)
    0x0800c55c   0x0000001e   Code   RO         1427    .text               mc_w.l(strncmp.o)
    0x0800c57a   0x0000014e   Code   RO         1692    .text               mf_w.l(dadd.o)
    0x0800c6c8   0x000000e4   Code   RO         1694    .text               mf_w.l(dmul.o)
    0x0800c7ac   0x00000022   Code   RO         1696    .text               mf_w.l(dflti.o)
    0x0800c7ce   0x0000003e   Code   RO         1698    .text               mf_w.l(dfixi.o)
    0x0800c80c   0x00000026   Code   RO         1700    .text               mf_w.l(f2d.o)
    0x0800c832   0x00000002   PAD
    0x0800c834   0x00000028   Code   RO         1702    .text               mf_w.l(cdcmple.o)
    0x0800c85c   0x00000028   Code   RO         1704    .text               mf_w.l(cdrcmple.o)
    0x0800c884   0x0000002c   Code   RO         1736    .text               mc_w.l(uidiv.o)
    0x0800c8b0   0x00000062   Code   RO         1738    .text               mc_w.l(uldiv.o)
    0x0800c912   0x0000001e   Code   RO         1740    .text               mc_w.l(llshl.o)
    0x0800c930   0x00000020   Code   RO         1742    .text               mc_w.l(llushr.o)
    0x0800c950   0x00000024   Code   RO         1744    .text               mc_w.l(llsshr.o)
    0x0800c974   0x00000000   Code   RO         1753    .text               mc_w.l(iusefp.o)
    0x0800c974   0x000000b6   Code   RO         1754    .text               mf_w.l(depilogue.o)
    0x0800ca2a   0x000000de   Code   RO         1756    .text               mf_w.l(ddiv.o)
    0x0800cb08   0x0000002e   Code   RO         1758    .text               mf_w.l(dscalb.o)
    0x0800cb36   0x00000030   Code   RO         1760    .text               mf_w.l(dfixul.o)
    0x0800cb66   0x00000002   PAD
    0x0800cb68   0x00000024   Code   RO         1762    .text               mc_w.l(init.o)
    0x0800cb8c   0x000000a2   Code   RO         1764    .text               mf_w.l(dsqrt.o)
    0x0800cc2e   0x00000056   Code   RO         1774    .text               mc_w.l(__dczerorl2.o)
    0x0800cc84   0x00000020   Code   RO         1664    i.__0printf         mc_w.l(printfa.o)
    0x0800cca4   0x00000028   Code   RO         1666    i.__0sprintf        mc_w.l(printfa.o)
    0x0800cccc   0x00000028   Code   RO         1708    i.__ARM_fpclassify  m_ws.l(fpclassify.o)
    0x0800ccf4   0x000000aa   Code   RO         1710    i.__kernel_poly     m_ws.l(poly.o)
    0x0800cd9e   0x00000002   PAD
    0x0800cda0   0x00000010   Code   RO         1706    i.__mathlib_dbl_underflow  m_ws.l(dunder.o)
    0x0800cdb0   0x0000000e   Code   RO         1768    i.__scatterload_copy  mc_w.l(handlers.o)
    0x0800cdbe   0x00000002   Code   RO         1769    i.__scatterload_null  mc_w.l(handlers.o)
    0x0800cdc0   0x0000000e   Code   RO         1770    i.__scatterload_zeroinit  mc_w.l(handlers.o)
    0x0800cdce   0x00000002   PAD
    0x0800cdd0   0x0000000c   Code   RO         1748    i.__set_errno       mc_w.l(errno.o)
    0x0800cddc   0x00000164   Code   RO         1671    i._fp_digits        mc_w.l(printfa.o)
    0x0800cf40   0x000006dc   Code   RO         1672    i._printf_core      mc_w.l(printfa.o)
    0x0800d61c   0x00000024   Code   RO         1673    i._printf_post_padding  mc_w.l(printfa.o)
    0x0800d640   0x0000002e   Code   RO         1674    i._printf_pre_padding  mc_w.l(printfa.o)
    0x0800d66e   0x0000000a   Code   RO         1676    i._sputc            mc_w.l(printfa.o)
    0x0800d678   0x000000dc   Code   RO         1393    i.floor             m_ws.l(floor.o)
    0x0800d754   0x000009e0   Code   RO         1397    i.pow               m_ws.l(pow.o)
    0x0800e134   0x0000004c   Code   RO         1714    i.sqrt              m_ws.l(sqrt.o)
    0x0800e180   0x00000122   Data   RO          724    .constdata          kservice.o
    0x0800e2a2   0x00000200   Data   RO          884    .constdata          aes.o
    0x0800e4a2   0x00000042   Data   RO          908    .constdata          base64.o
    0x0800e4e4   0x00000007   Data   RO          926    .constdata          cjson.o
    0x0800e4eb   0x00000001   PAD
    0x0800e4ec   0x00000220   Data   RO          965    .constdata          crc.o
    0x0800e70c   0x00041358   Data   RO         1055    .constdata          oled_i2c.o
    0x0804fa64   0x0000003a   Data   RO         1340    .constdata          ff.o
    0x0804fa9e   0x0002b0c0   Data   RO         1358    .constdata          cc936.o
    0x0807ab5e   0x00000002   PAD
    0x0807ab60   0x00000088   Data   RO         1398    .constdata          m_ws.l(pow.o)
    0x0807abe8   0x00000008   Data   RO         1712    .constdata          m_ws.l(qnan.o)
    0x0807abf0   0x00000004   Data   RO          651    .rti_fn.0           components.o
    0x0807abf4   0x00000004   Data   RO          652    .rti_fn.0.end       components.o
    0x0807abf8   0x00000004   Data   RO          653    .rti_fn.1.end       components.o
    0x0807abfc   0x00000004   Data   RO          654    .rti_fn.6.end       components.o
    0x0807ac00   0x00000020   Data   RO         1766    Region$$Table       anon$$obj.o


    Execution Region RW_IRAM1 (Base: 0x20000000, Size: 0x0000d290, Max: 0x00010000, ABSOLUTE, COMPRESSED[0x00000174])

    Base Addr    Size         Type   Attr      Idx    E Section Name        Object

    0x20000000   0x00000014   Data   RW           25    .data               system_stm32f10x.o
    0x20000014   0x00000014   Data   RW          318    .data               stm32f10x_rcc.o
    0x20000028   0x00000024   Data   RW          508    .data               main.o
    0x2000004c   0x00000004   Data   RW          509    .data               main.o
    0x20000050   0x00000008   Data   RW          550    .data               stm32f10x_it.o
    0x20000058   0x00000004   Data   RW          631    .data               clock.o
    0x2000005c   0x00000001   Data   RW          708    .data               irq.o
    0x2000005d   0x00000003   PAD
    0x20000060   0x00000004   Data   RW          725    .data               kservice.o
    0x20000064   0x00000018   Data   RW          741    .data               mem.o
    0x2000007c   0x00000080   Data   RW          776    .data               object.o
    0x200000fc   0x00000014   Data   RW          794    .data               scheduler.o
    0x20000110   0x0000000c   Data   RW          844    .data               timer.o
    0x2000011c   0x00000004   Data   RW          865    .data               cpuport.o
    0x20000120   0x00000004   Data   RW          866    .data               cpuport.o
    0x20000124   0x00000004   Data   RW          867    .data               cpuport.o
    0x20000128   0x00000004   Data   RW          868    .data               cpuport.o
    0x2000012c   0x0000000c   Data   RW          927    .data               cjson.o
    0x20000138   0x00000008   Data   RW          984    .data               g4.o
    0x20000140   0x00000059   Data   RW         1003    .data               g4app.o
    0x20000199   0x00000080   Data   RW         1056    .data               oled_i2c.o
    0x20000219   0x00000003   PAD
    0x2000021c   0x00000004   Data   RW         1081    .data               main_page.o
    0x20000220   0x00000004   Data   RW         1117    .data               ui.o
    0x20000224   0x00000059   Data   RW         1159    .data               menu_page.o
    0x2000027d   0x00000003   PAD
    0x20000280   0x00000004   Data   RW         1196    .data               bind_device_page.o
    0x20000284   0x00000004   Data   RW         1214    .data               query_user_page.o
    0x20000288   0x00000004   Data   RW         1236    .data               modify_manager_password_page.o
    0x2000028c   0x00000004   Data   RW         1254    .data               add_gen_password_page.o
    0x20000290   0x00000004   Data   RW         1272    .data               manage_gen_password_page.o
    0x20000294   0x00000004   Data   RW         1290    .data               msg_page.o
    0x20000298   0x00000004   Data   RW         1305    .data               bsp_spi_flash.o
    0x2000029c   0x0000000c   Data   RW         1341    .data               ff.o
    0x200002a8   0x00000004   Data   RW         1735    .data               mc_w.l(stdout.o)
    0x200002ac   0x00000004   Data   RW         1749    .data               mc_w.l(errno.o)
    0x200002b0   0x00008000   Zero   RW          404    .bss                board.o
    0x200082b0   0x00001024   Zero   RW          597    .bss                sysinit.o
    0x200092d4   0x00001034   Zero   RW          598    .bss                sysinit.o
    0x2000a308   0x00000190   Zero   RW          675    .bss                idle.o
    0x2000a498   0x00000080   Zero   RW          723    .bss                kservice.o
    0x2000a518   0x00000028   Zero   RW          740    .bss                mem.o
    0x2000a540   0x00000040   Zero   RW          793    .bss                scheduler.o
    0x2000a580   0x000000c0   Zero   RW          883    .bss                aes.o
    0x2000a640   0x0000140a   Zero   RW          983    .bss                g4.o
    0x2000ba4a   0x00000002   PAD
    0x2000ba4c   0x0000001c   Zero   RW         1002    .bss                g4app.o
    0x2000ba68   0x00000400   Zero   RW         1054    .bss                oled_i2c.o
    0x2000be68   0x00001024   Zero   RW         1116    .bss                ui.o
    0x2000ce8c   0x00000004   PAD
    0x2000ce90   0x00000400   Zero   RW            1    STACK               startup_stm32f10x_hd.o


==============================================================================

Image component sizes


      Code (inc. data)   RO Data    RW Data    ZI Data      Debug   Object Name

       708        122          0          4          0       2849   add_gen_password_page.o
       784         18        512          0        192       4875   aes.o
       748          4         66          0          0       3631   base64.o
       236         50          0          4          0       2136   bind_device_page.o
       216         22          0          0      32768      24389   board.o
        96          4          0          0          0        534   bsp_led.o
       242          0          0          0          0       1333   bsp_rtc.o
      1336        126          0          4          0       5656   bsp_spi_flash.o
       400         10          0          0          0       3762   bsp_usart.o
       164         18     176320          0          0       2361   cc936.o
      5910        172          7         12          0      26428   cjson.o
       104          4          0          4          0       1548   clock.o
       180         20         16          0          0       2566   components.o
       240         26          0          0          0        780   context_rvds.o
         0          0          0          0          0       4272   core_cm3.o
       588        340          0         16          0       3155   cpuport.o
       164         10        544          0          0       1950   crc.o
       228         10          0          0          0       3838   diskio.o
     11148        112         58         12          0      36364   ff.o
       480         22          0          8       5130       3484   g4.o
      3020        622          0         89         28       9452   g4app.o
       216         22          0          0        400       4266   idle.o
      3072          0          0          0          0      18875   ipc.o
        56          6          0          1          0       1430   irq.o
       348         28          0          0          0       1355   key.o
      1904        162        290          4        128      11072   kservice.o
       420        148          0         40          0       5151   main.o
       764        148          0          4          0       2945   main_page.o
       768        104          0          4          0       3256   manage_gen_password_page.o
       976        152          0         24         40       4288   mem.o
       524        114          0         89          0       2511   menu_page.o
       184         12          0          0          0       1949   misc.o
       708        122          0          4          0       2974   modify_manager_password_page.o
       240         18          0          4          0       2110   msg_page.o
       202          0          0          0          0       2110   myaes.o
       352          4          0        128          0       6003   object.o
      2068         56     267096        128       1024      10102   oled_i2c.o
       432         56          0          4          0       2545   query_user_page.o
       404         12          0         20         64       5828   scheduler.o
         0          0          0          0          0        392   signal.o
        36          8        304          0       1024        856   startup_stm32f10x_hd.o
       156          8          0          0          0       3452   stm32f10x_bkp.o
       236         10          0          0          0       2411   stm32f10x_exti.o
       664         36          0          0          0       6213   stm32f10x_gpio.o
       912         14          0          0          0       9883   stm32f10x_i2c.o
        88         10          0          8          0        944   stm32f10x_it.o
       172         12          0          0          0       1947   stm32f10x_pwr.o
       756         32          0         20          0       9340   stm32f10x_rcc.o
       276          6          0          0          0       2758   stm32f10x_rtc.o
       692         12          0          0          0       7126   stm32f10x_spi.o
       924         20          0          0          0       9160   stm32f10x_usart.o
        64         14          0          0          0       1470   syscall.o
      1856        168          0          0       8280      10011   sysinit.o
       372         34          0         20          0     246975   system_stm32f10x.o
      1030         12          0          0          0       8673   thread.o
       712          4          0         12          0       7573   timer.o
       392         30          0          4       4132       5698   ui.o

    ----------------------------------------------------------------------
     49976       3306     445248        680      53216     569015   Object Totals
         0          0         32          0          0          0   (incl. Generated)
         8          0          3          9          6          0   (incl. Padding)

    ----------------------------------------------------------------------

      Code (inc. data)   RO Data    RW Data    ZI Data      Debug   Library Member Name

        16          6          0          0          0         68   dunder.o
       220         16          0          0          0         84   floor.o
        40          0          0          0          0         68   fpclassify.o
       170          0          0          0          0         96   poly.o
      2528        190        136          0          0        332   pow.o
         0          0          8          0          0          0   qnan.o
        76          0          0          0          0         84   sqrt.o
        86          0          0          0          0          0   __dczerorl2.o
         0          0          0          0          0          0   entry.o
         0          0          0          0          0          0   entry10a.o
         0          0          0          0          0          0   entry11a.o
         8          4          0          0          0          0   entry2.o
         4          0          0          0          0          0   entry5.o
         0          0          0          0          0          0   entry7b.o
         0          0          0          0          0          0   entry8b.o
         8          4          0          0          0          0   entry9a.o
        12          6          0          4          0         68   errno.o
        30          0          0          0          0          0   handlers.o
        36          8          0          0          0         68   init.o
         0          0          0          0          0          0   iusefp.o
        30          0          0          0          0         68   llshl.o
        36          0          0          0          0         68   llsshr.o
        32          0          0          0          0         68   llushr.o
        36          0          0          0          0         68   memcpya.o
        36          0          0          0          0        108   memseta.o
      2276         96          0          0          0        596   printfa.o
         0          0          0          4          0          0   stdout.o
        24          0          0          0          0         68   strcat.o
        20          0          0          0          0         68   strchr.o
        28          0          0          0          0         76   strcmp.o
        18          0          0          0          0         68   strcpy.o
        14          0          0          0          0         68   strlen.o
        30          0          0          0          0         80   strncmp.o
        36          0          0          0          0         80   strstr.o
        12          0          0          0          0         68   tolower.o
        44          0          0          0          0         80   uidiv.o
        98          0          0          0          0         92   uldiv.o
        40          2          0          0          0         68   cdcmple.o
        40          2          0          0          0         68   cdrcmple.o
       334          0          0          0          0        148   dadd.o
       222          0          0          0          0        100   ddiv.o
       182          0          0          0          0        176   depilogue.o
        62          0          0          0          0         80   dfixi.o
        48          0          0          0          0         68   dfixul.o
        34          0          0          0          0         76   dflti.o
       228          0          0          0          0         96   dmul.o
        46          0          0          0          0         80   dscalb.o
       162          0          0          0          0        100   dsqrt.o
        38          0          0          0          0         68   f2d.o

    ----------------------------------------------------------------------
      7448        334        144          8          0       3720   Library Totals
         8          0          0          0          0          0   (incl. Padding)

    ----------------------------------------------------------------------

      Code (inc. data)   RO Data    RW Data    ZI Data      Debug   Library Name

      3050        212        144          0          0        732   m_ws.l
      2954        118          0          8          0       1860   mc_w.l
      1436          4          0          0          0       1128   mf_w.l

    ----------------------------------------------------------------------
      7448        334        144          8          0       3720   Library Totals

    ----------------------------------------------------------------------

==============================================================================


      Code (inc. data)   RO Data    RW Data    ZI Data      Debug   

     57424       3640     445392        688      53216     565427   Grand Totals
     57424       3640     445392        372      53216     565427   ELF Image Totals (compressed)
     57424       3640     445392        372          0          0   ROM Totals

==============================================================================

    Total RO  Size (Code + RO Data)               502816 ( 491.03kB)
    Total RW  Size (RW Data + ZI Data)             53904 (  52.64kB)
    Total ROM Size (Code + RO Data + RW Data)     503188 ( 491.39kB)

==============================================================================

