Product: MDK-ARM Standard 5.10
Component: ARM Compiler 5.04 update 1 (build 49)
Tool: armlink [5040049]

==============================================================================

Section Cross References

    startup_stm32f10x_hd.o(RESET) refers to startup_stm32f10x_hd.o(STACK) for __initial_sp
    startup_stm32f10x_hd.o(RESET) refers to startup_stm32f10x_hd.o(.text) for Reset_Handler
    startup_stm32f10x_hd.o(RESET) refers to context_rvds.o(.text) for HardFault_Handler
    startup_stm32f10x_hd.o(RESET) refers to board.o(.text) for SysTick_Handler
    startup_stm32f10x_hd.o(RESET) refers to fpm.o(.text) for EXTI0_IRQHandler
    startup_stm32f10x_hd.o(RESET) refers to g4.o(.text) for UART4_IRQHandler
    startup_stm32f10x_hd.o(.text) refers to system_stm32f10x.o(.text) for SystemInit
    startup_stm32f10x_hd.o(.text) refers to entry.o(.ARM.Collect$$$$00000000) for __main
    system_stm32f10x.o(.text) refers to system_stm32f10x.o(.data) for .data
    stm32f10x_adc.o(.text) refers to stm32f10x_rcc.o(.text) for RCC_APB2PeriphResetCmd
    stm32f10x_bkp.o(.text) refers to stm32f10x_rcc.o(.text) for RCC_BackupResetCmd
    stm32f10x_can.o(.text) refers to stm32f10x_rcc.o(.text) for RCC_APB1PeriphResetCmd
    stm32f10x_cec.o(.text) refers to stm32f10x_rcc.o(.text) for RCC_APB1PeriphResetCmd
    stm32f10x_dac.o(.text) refers to stm32f10x_rcc.o(.text) for RCC_APB1PeriphResetCmd
    stm32f10x_gpio.o(.text) refers to stm32f10x_rcc.o(.text) for RCC_APB2PeriphResetCmd
    stm32f10x_i2c.o(.text) refers to stm32f10x_rcc.o(.text) for RCC_APB1PeriphResetCmd
    stm32f10x_pwr.o(.text) refers to stm32f10x_rcc.o(.text) for RCC_APB1PeriphResetCmd
    stm32f10x_rcc.o(.text) refers to stm32f10x_rcc.o(.data) for .data
    stm32f10x_spi.o(.text) refers to stm32f10x_rcc.o(.text) for RCC_APB2PeriphResetCmd
    stm32f10x_tim.o(.text) refers to stm32f10x_rcc.o(.text) for RCC_APB2PeriphResetCmd
    stm32f10x_usart.o(.text) refers to stm32f10x_rcc.o(.text) for RCC_APB2PeriphResetCmd
    stm32f10x_wwdg.o(.text) refers to stm32f10x_rcc.o(.text) for RCC_APB1PeriphResetCmd
    board.o(.text) refers to bsp_led.o(.text) for LED_GPIO_Config
    board.o(.text) refers to bsp_usart.o(.text) for USART_Config
    board.o(.text) refers to g4.o(.text) for G4_Usart_Config
    board.o(.text) refers to bsp_spi_flash.o(.text) for SPI_FLASH_Init
    board.o(.text) refers to key.o(.text) for Key_Init
    board.o(.text) refers to bsp_rtc.o(.text) for RTC_CheckAndConfig
    board.o(.text) refers to fpm.o(.text) for FPM_Init
    board.o(.text) refers to components.o(.text) for rt_components_board_init
    board.o(.text) refers to mem.o(.text) for rt_system_heap_init
    board.o(.text) refers to irq.o(.text) for rt_interrupt_enter
    board.o(.text) refers to clock.o(.text) for rt_tick_increase
    board.o(.text) refers to scheduler.o(.text) for rt_enter_critical
    board.o(.text) refers to stm32f10x_usart.o(.text) for USART_SendData
    board.o(.text) refers to board.o(.bss) for .bss
    board.o(.text) refers to system_stm32f10x.o(.data) for SystemCoreClock
    main.o(.text) refers to fpm.o(.text) for FPM_GetUserNumber
    main.o(.text) refers to kservice.o(.text) for rt_kprintf
    main.o(.text) refers to oled_i2c.o(.text) for OLED_Init
    main.o(.text) refers to sysinit.o(.text) for systeminit
    main.o(.text) refers to ipc.o(.text) for rt_mb_create
    main.o(.text) refers to thread.o(.text) for rt_thread_create
    main.o(.text) refers to main.o(.data) for .data
    main.o(.text) refers to g4app.o(.text) for G4_Thread_Entry
    main.o(.text) refers to ui.o(.text) for UI_Thread_Entry
    main.o(.text) refers to key.o(.text) for key_thread_entry
    bsp_led.o(.text) refers to stm32f10x_rcc.o(.text) for RCC_APB2PeriphClockCmd
    bsp_led.o(.text) refers to stm32f10x_gpio.o(.text) for GPIO_Init
    bsp_usart.o(.text) refers to misc.o(.text) for NVIC_PriorityGroupConfig
    bsp_usart.o(.text) refers to stm32f10x_rcc.o(.text) for RCC_APB2PeriphClockCmd
    bsp_usart.o(.text) refers to stm32f10x_gpio.o(.text) for GPIO_Init
    bsp_usart.o(.text) refers to stm32f10x_usart.o(.text) for USART_Init
    sysinit.o(.text) refers to ff.o(.text) for f_mount
    sysinit.o(.text) refers to mem.o(.text) for rt_malloc
    sysinit.o(.text) refers to strcmp.o(.text) for strcmp
    sysinit.o(.text) refers to strlen.o(.text) for strlen
    sysinit.o(.text) refers to sysinit.o(.bss) for .bss
    sysinit.o(.text) refers to strcpy.o(.text) for strcpy
    sysinit.o(.text) refers to bsp_rtc.o(.text) for Get_RTC_Current_Time
    sysinit.o(.text) refers to oled_i2c.o(.text) for OLED_GRAM_PrintLogo
    sysinit.o(.text) refers to thread.o(.text) for rt_thread_delay
    bsp_rtc.o(.text) refers to stm32f10x_rcc.o(.text) for RCC_APB1PeriphClockCmd
    bsp_rtc.o(.text) refers to stm32f10x_pwr.o(.text) for PWR_BackupAccessCmd
    bsp_rtc.o(.text) refers to stm32f10x_bkp.o(.text) for BKP_DeInit
    bsp_rtc.o(.text) refers to stm32f10x_rtc.o(.text) for RTC_WaitForSynchro
[...]
    EXTI_GetFlagStatus                       0x080004d5   Thumb Code    18  stm32f10x_exti.o(.text)
    EXTI_ClearFlag                           0x080004e7   Thumb Code     8  stm32f10x_exti.o(.text)
    EXTI_GetITStatus                         0x080004ef   Thumb Code    28  stm32f10x_exti.o(.text)
    EXTI_ClearITPendingBit                   0x0800050b   Thumb Code     8  stm32f10x_exti.o(.text)
    GPIO_DeInit                              0x0800051d   Thumb Code   188  stm32f10x_gpio.o(.text)
    GPIO_AFIODeInit                          0x080005d9   Thumb Code    22  stm32f10x_gpio.o(.text)
    GPIO_Init                                0x080005ef   Thumb Code   166  stm32f10x_gpio.o(.text)
    GPIO_StructInit                          0x08000695   Thumb Code    16  stm32f10x_gpio.o(.text)
    GPIO_ReadInputDataBit                    0x080006a5   Thumb Code    14  stm32f10x_gpio.o(.text)
    GPIO_ReadInputData                       0x080006b3   Thumb Code     6  stm32f10x_gpio.o(.text)
    GPIO_ReadOutputDataBit                   0x080006b9   Thumb Code    14  stm32f10x_gpio.o(.text)
    GPIO_ReadOutputData                      0x080006c7   Thumb Code     6  stm32f10x_gpio.o(.text)
    GPIO_SetBits                             0x080006cd   Thumb Code     4  stm32f10x_gpio.o(.text)
    GPIO_ResetBits                           0x080006d1   Thumb Code     4  stm32f10x_gpio.o(.text)
    GPIO_WriteBit                            0x080006d5   Thumb Code    12  stm32f10x_gpio.o(.text)
    GPIO_Write                               0x080006e1   Thumb Code     4  stm32f10x_gpio.o(.text)
    GPIO_PinLockConfig                       0x080006e5   Thumb Code    16  stm32f10x_gpio.o(.text)
    GPIO_EventOutputConfig                   0x080006f5   Thumb Code    22  stm32f10x_gpio.o(.text)
    GPIO_EventOutputCmd                      0x0800070b   Thumb Code     6  stm32f10x_gpio.o(.text)
    GPIO_PinRemapConfig                      0x08000711   Thumb Code    86  stm32f10x_gpio.o(.text)
    GPIO_EXTILineConfig                      0x08000767   Thumb Code    34  stm32f10x_gpio.o(.text)
    GPIO_ETH_MediaInterfaceConfig            0x08000789   Thumb Code     8  stm32f10x_gpio.o(.text)
    I2C_DeInit                               0x080007b5   Thumb Code    52  stm32f10x_i2c.o(.text)
    I2C_Init                                 0x080007e9   Thumb Code   182  stm32f10x_i2c.o(.text)
    I2C_StructInit                           0x0800089f   Thumb Code    28  stm32f10x_i2c.o(.text)
    I2C_Cmd                                  0x080008bb   Thumb Code    24  stm32f10x_i2c.o(.text)
    I2C_DMACmd                               0x080008d3   Thumb Code    24  stm32f10x_i2c.o(.text)
    I2C_DMALastTransferCmd                   0x080008eb   Thumb Code    24  stm32f10x_i2c.o(.text)
    I2C_GenerateSTART                        0x08000903   Thumb Code    24  stm32f10x_i2c.o(.text)
    I2C_GenerateSTOP                         0x0800091b   Thumb Code    24  stm32f10x_i2c.o(.text)
    I2C_AcknowledgeConfig                    0x08000933   Thumb Code    24  stm32f10x_i2c.o(.text)
    I2C_OwnAddress2Config                    0x0800094b   Thumb Code    16  stm32f10x_i2c.o(.text)
    I2C_DualAddressCmd                       0x0800095b   Thumb Code    24  stm32f10x_i2c.o(.text)
    I2C_GeneralCallCmd                       0x08000973   Thumb Code    24  stm32f10x_i2c.o(.text)
    I2C_ITConfig                             0x0800098b   Thumb Code    20  stm32f10x_i2c.o(.text)
    I2C_SendData                             0x0800099f   Thumb Code     4  stm32f10x_i2c.o(.text)
    I2C_ReceiveData                          0x080009a3   Thumb Code     6  stm32f10x_i2c.o(.text)
    I2C_Send7bitAddress                      0x080009a9   Thumb Code    18  stm32f10x_i2c.o(.text)
    I2C_ReadRegister                         0x080009bb   Thumb Code    16  stm32f10x_i2c.o(.text)
    I2C_SoftwareResetCmd                     0x080009cb   Thumb Code    24  stm32f10x_i2c.o(.text)
    I2C_NACKPositionConfig                   0x080009e3   Thumb Code    26  stm32f10x_i2c.o(.text)
    I2C_SMBusAlertConfig                     0x080009fd   Thumb Code    26  stm32f10x_i2c.o(.text)
    I2C_TransmitPEC                          0x08000a17   Thumb Code    24  stm32f10x_i2c.o(.text)
    I2C_PECPositionConfig                    0x08000a2f   Thumb Code    26  stm32f10x_i2c.o(.text)
    I2C_CalculatePEC                         0x08000a49   Thumb Code    24  stm32f10x_i2c.o(.text)
    I2C_GetPEC                               0x08000a61   Thumb Code     6  stm32f10x_i2c.o(.text)
    I2C_ARPCmd                               0x08000a67   Thumb Code    24  stm32f10x_i2c.o(.text)
    I2C_StretchClockCmd                      0x08000a7f   Thumb Code    24  stm32f10x_i2c.o(.text)
    I2C_FastModeDutyCycleConfig              0x08000a97   Thumb Code    26  stm32f10x_i2c.o(.text)
    I2C_CheckEvent                           0x08000ab1   Thumb Code    24  stm32f10x_i2c.o(.text)
    I2C_GetLastEvent                         0x08000ac9   Thumb Code    14  stm32f10x_i2c.o(.text)
    I2C_GetFlagStatus                        0x08000ad7   Thumb Code    50  stm32f10x_i2c.o(.text)
    I2C_ClearFlag                            0x08000b09   Thumb Code     6  stm32f10x_i2c.o(.text)
    I2C_GetITStatus                          0x08000b0f   Thumb Code    34  stm32f10x_i2c.o(.text)
    I2C_ClearITPendingBit                    0x08000b31   Thumb Code     6  stm32f10x_i2c.o(.text)
    PWR_DeInit                               0x08000b45   Thumb Code    24  stm32f10x_pwr.o(.text)
    PWR_BackupAccessCmd                      0x08000b5d   Thumb Code     6  stm32f10x_pwr.o(.text)
    PWR_PVDCmd                               0x08000b63   Thumb Code     6  stm32f10x_pwr.o(.text)
    PWR_PVDLevelConfig                       0x08000b69   Thumb Code    14  stm32f10x_pwr.o(.text)
    PWR_WakeUpPinCmd                         0x08000b77   Thumb Code     8  stm32f10x_pwr.o(.text)
    PWR_EnterSTOPMode                        0x08000b7f   Thumb Code    42  stm32f10x_pwr.o(.text)
    PWR_EnterSTANDBYMode                     0x08000ba9   Thumb Code    32  stm32f10x_pwr.o(.text)
    PWR_GetFlagStatus                        0x08000bc9   Thumb Code    16  stm32f10x_pwr.o(.text)
    PWR_ClearFlag                            0x08000bd9   Thumb Code    12  stm32f10x_pwr.o(.text)
    RCC_DeInit                               0x08000bf1   Thumb Code    50  stm32f10x_rcc.o(.text)
    RCC_HSEConfig                            0x08000c23   Thumb Code    50  stm32f10x_rcc.o(.text)
    RCC_GetFlagStatus                        0x08000c55   Thumb Code    42  stm32f10x_rcc.o(.text)
    RCC_WaitForHSEStartUp                    0x08000c7f   Thumb Code    48  stm32f10x_rcc.o(.text)
    RCC_AdjustHSICalibrationValue            0x08000caf   Thumb Code    16  stm32f10x_rcc.o(.text)
    RCC_HSICmd                               0x08000cbf   Thumb Code     6  stm32f10x_rcc.o(.text)
    RCC_PLLConfig                            0x08000cc5   Thumb Code    16  stm32f10x_rcc.o(.text)
    RCC_PLLCmd                               0x08000cd5   Thumb Code     6  stm32f10x_rcc.o(.text)
    RCC_SYSCLKConfig                         0x08000cdb   Thumb Code    14  stm32f10x_rcc.o(.text)
    RCC_GetSYSCLKSource                      0x08000ce9   Thumb Code    10  stm32f10x_rcc.o(.text)
    RCC_HCLKConfig                           0x08000cf3   Thumb Code    14  stm32f10x_rcc.o(.text)
    RCC_PCLK1Config                          0x08000d01   Thumb Code    14  stm32f10x_rcc.o(.text)
    RCC_PCLK2Config                          0x08000d0f   Thumb Code    16  stm32f10x_rcc.o(.text)
    RCC_ITConfig                             0x08000d1f   Thumb Code    22  stm32f10x_rcc.o(.text)
    RCC_USBCLKConfig                         0x08000d35   Thumb Code     8  stm32f10x_rcc.o(.text)
    RCC_ADCCLKConfig                         0x08000d3d   Thumb Code    14  stm32f10x_rcc.o(.text)
    RCC_LSEConfig                            0x08000d4b   Thumb Code    36  stm32f10x_rcc.o(.text)
    RCC_LSICmd                               0x08000d6f   Thumb Code     6  stm32f10x_rcc.o(.text)
    RCC_RTCCLKConfig                         0x08000d75   Thumb Code    10  stm32f10x_rcc.o(.text)
    RCC_RTCCLKCmd                            0x08000d7f   Thumb Code     8  stm32f10x_rcc.o(.text)
    RCC_GetClocksFreq                        0x08000d87   Thumb Code   154  stm32f10x_rcc.o(.text)
    RCC_AHBPeriphClockCmd                    0x08000e21   Thumb Code    22  stm32f10x_rcc.o(.text)
    RCC_APB2PeriphClockCmd                   0x08000e37   Thumb Code    22  stm32f10x_rcc.o(.text)
    RCC_APB1PeriphClockCmd                   0x08000e4d   Thumb Code    22  stm32f10x_rcc.o(.text)
    RCC_APB2PeriphResetCmd                   0x08000e63   Thumb Code    22  stm32f10x_rcc.o(.text)
    RCC_APB1PeriphResetCmd                   0x08000e79   Thumb Code    22  stm32f10x_rcc.o(.text)
    RCC_BackupResetCmd                       0x08000e8f   Thumb Code     8  stm32f10x_rcc.o(.text)
    RCC_ClockSecuritySystemCmd               0x08000e97   Thumb Code     6  stm32f10x_rcc.o(.text)
    RCC_MCOConfig                            0x08000e9d   Thumb Code     6  stm32f10x_rcc.o(.text)
    RCC_ClearFlag                            0x08000ea3   Thumb Code    12  stm32f10x_rcc.o(.text)
    RCC_GetITStatus                          0x08000eaf   Thumb Code    16  stm32f10x_rcc.o(.text)
    RCC_ClearITPendingBit                    0x08000ebf   Thumb Code     6  stm32f10x_rcc.o(.text)
    RTC_ITConfig                             0x08000ee5   Thumb Code    22  stm32f10x_rtc.o(.text)
    RTC_EnterConfigMode                      0x08000efb   Thumb Code    14  stm32f10x_rtc.o(.text)
    RTC_ExitConfigMode                       0x08000f09   Thumb Code    14  stm32f10x_rtc.o(.text)
    RTC_GetCounter                           0x08000f17   Thumb Code    18  stm32f10x_rtc.o(.text)
    RTC_SetCounter                           0x08000f29   Thumb Code    26  stm32f10x_rtc.o(.text)
    RTC_SetPrescaler                         0x08000f43   Thumb Code    28  stm32f10x_rtc.o(.text)
    RTC_SetAlarm                             0x08000f5f   Thumb Code    26  stm32f10x_rtc.o(.text)
    RTC_GetDivider                           0x08000f79   Thumb Code    20  stm32f10x_rtc.o(.text)
    RTC_WaitForLastTask                      0x08000f8d   Thumb Code    12  stm32f10x_rtc.o(.text)
    RTC_WaitForSynchro                       0x08000f99   Thumb Code    20  stm32f10x_rtc.o(.text)
    RTC_GetFlagStatus                        0x08000fad   Thumb Code    18  stm32f10x_rtc.o(.text)
    RTC_ClearFlag                            0x08000fbf   Thumb Code    12  stm32f10x_rtc.o(.text)
    RTC_GetITStatus                          0x08000fcb   Thumb Code    28  stm32f10x_rtc.o(.text)
    RTC_ClearITPendingBit                    0x08000fe7   Thumb Code    12  stm32f10x_rtc.o(.text)
    SPI_I2S_DeInit                           0x08000ff9   Thumb Code    88  stm32f10x_spi.o(.text)
    SPI_Init                                 0x08001051   Thumb Code    56  stm32f10x_spi.o(.text)
    I2S_Init                                 0x08001089   Thumb Code   168  stm32f10x_spi.o(.text)
    SPI_StructInit                           0x08001131   Thumb Code    24  stm32f10x_spi.o(.text)
    I2S_StructInit                           0x08001149   Thumb Code    18  stm32f10x_spi.o(.text)
    SPI_Cmd                                  0x0800115b   Thumb Code    24  stm32f10x_spi.o(.text)
    I2S_Cmd                                  0x08001173   Thumb Code    24  stm32f10x_spi.o(.text)
    SPI_I2S_ITConfig                         0x0800118b   Thumb Code    28  stm32f10x_spi.o(.text)
    SPI_I2S_DMACmd                           0x080011a7   Thumb Code    20  stm32f10x_spi.o(.text)
    SPI_I2S_SendData                         0x080011bb   Thumb Code     4  stm32f10x_spi.o(.text)
    SPI_I2S_ReceiveData                      0x080011bf   Thumb Code     4  stm32f10x_spi.o(.text)
    SPI_NSSInternalSoftwareConfig            0x080011c3   Thumb Code    28  stm32f10x_spi.o(.text)
    SPI_SSOutputCmd                          0x080011df   Thumb Code    24  stm32f10x_spi.o(.text)
    SPI_DataSizeConfig                       0x080011f7   Thumb Code    16  stm32f10x_spi.o(.text)
    SPI_TransmitCRC                          0x08001207   Thumb Code    10  stm32f10x_spi.o(.text)
    SPI_CalculateCRC                         0x08001211   Thumb Code    24  stm32f10x_spi.o(.text)
    SPI_GetCRC                               0x08001229   Thumb Code    12  stm32f10x_spi.o(.text)
    SPI_GetCRCPolynomial                     0x08001235   Thumb Code     4  stm32f10x_spi.o(.text)
    SPI_BiDirectionalLineConfig              0x08001239   Thumb Code    26  stm32f10x_spi.o(.text)
    SPI_I2S_GetFlagStatus                    0x08001253   Thumb Code    14  stm32f10x_spi.o(.text)
    SPI_I2S_ClearFlag                        0x08001261   Thumb Code     6  stm32f10x_spi.o(.text)
    SPI_I2S_GetITStatus                      0x08001267   Thumb Code    44  stm32f10x_spi.o(.text)
    SPI_I2S_ClearITPendingBit                0x08001293   Thumb Code    14  stm32f10x_spi.o(.text)
    USART_DeInit                             0x080012ad   Thumb Code   144  stm32f10x_usart.o(.text)
    USART_Init                               0x0800133d   Thumb Code   182  stm32f10x_usart.o(.text)
    USART_StructInit                         0x080013f3   Thumb Code    22  stm32f10x_usart.o(.text)
    USART_ClockInit                          0x08001409   Thumb Code    30  stm32f10x_usart.o(.text)
    USART_ClockStructInit                    0x08001427   Thumb Code    12  stm32f10x_usart.o(.text)
    USART_Cmd                                0x08001433   Thumb Code    24  stm32f10x_usart.o(.text)
    USART_ITConfig                           0x0800144b   Thumb Code    54  stm32f10x_usart.o(.text)
    USART_DMACmd                             0x08001481   Thumb Code    20  stm32f10x_usart.o(.text)
    USART_SetAddress                         0x08001495   Thumb Code    16  stm32f10x_usart.o(.text)
    USART_WakeUpConfig                       0x080014a5   Thumb Code    16  stm32f10x_usart.o(.text)
    USART_ReceiverWakeUpCmd                  0x080014b5   Thumb Code    24  stm32f10x_usart.o(.text)
    USART_LINBreakDetectLengthConfig         0x080014cd   Thumb Code    16  stm32f10x_usart.o(.text)
    USART_LINCmd                             0x080014dd   Thumb Code    24  stm32f10x_usart.o(.text)
    USART_SendData                           0x080014f5   Thumb Code     8  stm32f10x_usart.o(.text)
    USART_ReceiveData                        0x080014fd   Thumb Code     8  stm32f10x_usart.o(.text)
    USART_SendBreak                          0x08001505   Thumb Code    10  stm32f10x_usart.o(.text)
    USART_SetGuardTime                       0x0800150f   Thumb Code    16  stm32f10x_usart.o(.text)
    USART_SetPrescaler                       0x0800151f   Thumb Code    16  stm32f10x_usart.o(.text)
    USART_SmartCardCmd                       0x0800152f   Thumb Code    24  stm32f10x_usart.o(.text)
    USART_SmartCardNACKCmd                   0x08001547   Thumb Code    24  stm32f10x_usart.o(.text)
    USART_HalfDuplexCmd                      0x0800155f   Thumb Code    24  stm32f10x_usart.o(.text)
    USART_OverSampling8Cmd                   0x08001577   Thumb Code    24  stm32f10x_usart.o(.text)
    USART_OneBitMethodCmd                    0x0800158f   Thumb Code    24  stm32f10x_usart.o(.text)
    USART_IrDAConfig                         0x080015a7   Thumb Code    16  stm32f10x_usart.o(.text)
    USART_IrDACmd                            0x080015b7   Thumb Code    24  stm32f10x_usart.o(.text)
    USART_GetFlagStatus                      0x080015cf   Thumb Code    14  stm32f10x_usart.o(.text)
    USART_ClearFlag                          0x080015dd   Thumb Code     8  stm32f10x_usart.o(.text)
    USART_GetITStatus                        0x080015e5   Thumb Code    64  stm32f10x_usart.o(.text)
    USART_ClearITPendingBit                  0x08001625   Thumb Code    16  stm32f10x_usart.o(.text)
    rt_heap_begin_get                        0x08001649   Thumb Code     4  board.o(.text)
    rt_heap_end_get                          0x0800164d   Thumb Code     4  board.o(.text)
    rt_hw_board_init                         0x08001651   Thumb Code   100  board.o(.text)
    SysTick_Handler                          0x080016b5   Thumb Code    18  board.o(.text)
    rt_hw_console_output                     0x080016c7   Thumb Code    72  board.o(.text)
    $Super$$main                             0x08001725   Thumb Code   290  main.o(.text)
    LED_GPIO_Config                          0x080018f1   Thumb Code    92  bsp_led.o(.text)
    USART_Config                             0x08001977   Thumb Code   138  bsp_usart.o(.text)
    Usart_SendByte                           0x08001a01   Thumb Code    24  bsp_usart.o(.text)
    Usart_SendArray                          0x08001a19   Thumb Code    46  bsp_usart.o(.text)
    Usart_SendString                         0x08001a47   Thumb Code    38  bsp_usart.o(.text)
    Usart_SendHalfWord                       0x08001a6d   Thumb Code    50  bsp_usart.o(.text)
    fputc                                    0x08001a9f   Thumb Code    30  bsp_usart.o(.text)
    fgetc                                    0x08001abd   Thumb Code    26  bsp_usart.o(.text)
    Parse_User_Info                          0x08001bdb   Thumb Code    74  sysinit.o(.text)
    Delete_User                              0x08001c25   Thumb Code   174  sysinit.o(.text)
    Add_User                                 0x08001cd3   Thumb Code    58  sysinit.o(.text)
    Get_User_Info                            0x08001d0d   Thumb Code    88  sysinit.o(.text)
    Get_All_User_Info                        0x08001d65   Thumb Code    78  sysinit.o(.text)
    Check_Manager_Password                   0x08001db3   Thumb Code    82  sysinit.o(.text)
    Modify_Manager_Password                  0x08001e05   Thumb Code    64  sysinit.o(.text)
    Check_General_Password                   0x08001e45   Thumb Code    92  sysinit.o(.text)
    Delete_General_Password                  0x08001ea1   Thumb Code   326  sysinit.o(.text)
    Add_General_Password                     0x08001fe7   Thumb Code    84  sysinit.o(.text)
    Get_General_Password                     0x0800203b   Thumb Code   132  sysinit.o(.text)
    Parse_Temporary_Password                 0x080020bf   Thumb Code   128  sysinit.o(.text)
    Check_Temporary_Password                 0x0800213f   Thumb Code   210  sysinit.o(.text)
    Delete_Temporary_Password                0x08002211   Thumb Code   170  sysinit.o(.text)
    Add_Temporary_Password                   0x080022bb   Thumb Code    76  sysinit.o(.text)
    systeminit                               0x08002307   Thumb Code    36  sysinit.o(.text)
    RTC_Configuration                        0x0800233d   Thumb Code    88  bsp_rtc.o(.text)
    Time_Adjust                              0x08002395   Thumb Code    26  bsp_rtc.o(.text)
    RTC_CheckAndConfig                       0x080023af   Thumb Code    88  bsp_rtc.o(.text)
    Get_RTC_Current_Time                     0x08002407   Thumb Code    14  bsp_rtc.o(.text)
    Set_RTC_Current_Time                     0x08002415   Thumb Code    26  bsp_rtc.o(.text)
    FPM_Init                                 0x0800256d   Thumb Code     2  fpm.o(.text)
    FPM_SendByte                             0x0800256f   Thumb Code    26  fpm.o(.text)
    FPM_SendArray                            0x08002589   Thumb Code    26  fpm.o(.text)
    FPM_GetUserNumber                        0x080025a3   Thumb Code   138  fpm.o(.text)
    FPM_GetAvailableUserNumber               0x0800262d   Thumb Code   184  fpm.o(.text)
    FPM_Sleep                                0x080026e5   Thumb Code   128  fpm.o(.text)
    FPM_SetAddMode                           0x08002765   Thumb Code   144  fpm.o(.text)
    FPM_ReadAddMode                          0x080027f5   Thumb Code   134  fpm.o(.text)
    FPM_AddUser                              0x0800287b   Thumb Code   148  fpm.o(.text)
    FPM_DeleteUser                           0x0800290f   Thumb Code   158  fpm.o(.text)
    FPM_DeleteAllUser                        0x080029ad   Thumb Code   130  fpm.o(.text)
    FPM_CompUser                             0x08002a2f   Thumb Code   138  fpm.o(.text)
    FPM_CompAllUser                          0x08002ab9   Thumb Code   144  fpm.o(.text)
    FPM_GetUserAuth                          0x08002b49   Thumb Code   130  fpm.o(.text)
    FPM_GetAllUserInfo                       0x08002bcb   Thumb Code   188  fpm.o(.text)
    FPM_SetCompLevel                         0x08002c87   Thumb Code   134  fpm.o(.text)
    FPM_ReadCompLevel                        0x08002d0d   Thumb Code   148  fpm.o(.text)
    USART2_IRQHandler                        0x08002da1   Thumb Code   102  fpm.o(.text)
    EXTI0_IRQHandler                         0x08002e07   Thumb Code    58  fpm.o(.text)
    rt_system_tick_init                      0x08002e75   Thumb Code     2  clock.o(.text)
    rt_tick_get                              0x08002e77   Thumb Code     6  clock.o(.text)
    rt_tick_set                              0x08002e7d   Thumb Code    20  clock.o(.text)
    rt_tick_increase                         0x08002e91   Thumb Code    38  clock.o(.text)
    rt_tick_from_millisecond                 0x08002eb7   Thumb Code    34  clock.o(.text)
    rt_components_board_init                 0x08002eed   Thumb Code    20  components.o(.text)
    rt_components_init                       0x08002f01   Thumb Code    20  components.o(.text)
    main_thread_entry                        0x08002f15   Thumb Code    14  components.o(.text)
    rt_application_init                      0x08002f23   Thumb Code    34  components.o(.text)
    rtthread_startup                         0x08002f45   Thumb Code    42  components.o(.text)
    main                                     0x08002f6f   Thumb Code    14  components.o(.text)
    rt_thread_idle_excute                    0x08002f91   Thumb Code   120  idle.o(.text)
    rt_thread_idle_init                      0x0800300f   Thumb Code    46  idle.o(.text)
    rt_thread_idle_gethandler                0x0800303d   Thumb Code     6  idle.o(.text)
    rt_sem_init                              0x080030f3   Thumb Code    36  ipc.o(.text)
    rt_sem_detach                            0x08003117   Thumb Code    22  ipc.o(.text)
    rt_sem_create                            0x0800312d   Thumb Code    32  ipc.o(.text)
    rt_sem_delete                            0x0800314d   Thumb Code    22  ipc.o(.text)
    rt_sem_take                              0x08003163   Thumb Code   110  ipc.o(.text)
    rt_sem_trytake                           0x080031d1   Thumb Code     4  ipc.o(.text)
    rt_sem_release                           0x080031d5   Thumb Code    62  ipc.o(.text)
    rt_sem_control                           0x08003213   Thumb Code    46  ipc.o(.text)
    rt_mutex_init                            0x08003241   Thumb Code    46  ipc.o(.text)
    rt_mutex_detach                          0x0800326f   Thumb Code    22  ipc.o(.text)
    rt_mutex_create                          0x08003285   Thumb Code    46  ipc.o(.text)
    rt_mutex_delete                          0x080032b3   Thumb Code    22  ipc.o(.text)
    rt_mutex_take                            0x080032c9   Thumb Code   188  ipc.o(.text)
    rt_mutex_release                         0x08003385   Thumb Code   154  ipc.o(.text)
    rt_mutex_control                         0x0800341f   Thumb Code     6  ipc.o(.text)
    rt_event_init                            0x08003425   Thumb Code    32  ipc.o(.text)
    rt_event_detach                          0x08003445   Thumb Code    22  ipc.o(.text)
    rt_event_create                          0x0800345b   Thumb Code    32  ipc.o(.text)
    rt_event_delete                          0x0800347b   Thumb Code    22  ipc.o(.text)
    rt_event_send                            0x08003491   Thumb Code   144  ipc.o(.text)
    rt_event_recv                            0x08003521   Thumb Code   206  ipc.o(.text)
    rt_event_control                         0x080035ef   Thumb Code    46  ipc.o(.text)
    rt_mb_init                               0x0800361d   Thumb Code    52  ipc.o(.text)
    rt_mb_detach                             0x08003651   Thumb Code    30  ipc.o(.text)
    rt_mb_create                             0x0800366f   Thumb Code    76  ipc.o(.text)
    rt_mb_delete                             0x080036bb   Thumb Code    36  ipc.o(.text)
    rt_mb_send_wait                          0x080036df   Thumb Code   242  ipc.o(.text)
    rt_mb_send                               0x080037d1   Thumb Code     4  ipc.o(.text)
    rt_mb_recv                               0x080037d5   Thumb Code   242  ipc.o(.text)
    rt_mb_control                            0x080038c7   Thumb Code    58  ipc.o(.text)
    rt_mq_init                               0x08003901   Thumb Code    98  ipc.o(.text)
    rt_mq_detach                             0x08003963   Thumb Code    22  ipc.o(.text)
    rt_mq_delete                             0x08003979   Thumb Code    28  ipc.o(.text)
    rt_mq_create                             0x08003995   Thumb Code   114  ipc.o(.text)
    rt_mq_send                               0x08003a07   Thumb Code   132  ipc.o(.text)
    rt_mq_urgent                             0x08003a8b   Thumb Code   126  ipc.o(.text)
    rt_mq_recv                               0x08003b09   Thumb Code   238  ipc.o(.text)
    rt_mq_control                            0x08003bf7   Thumb Code    72  ipc.o(.text)
    rt_interrupt_enter                       0x08003c69   Thumb Code    22  irq.o(.text)
    rt_interrupt_leave                       0x08003c7f   Thumb Code    22  irq.o(.text)
    rt_interrupt_get_nest                    0x08003c95   Thumb Code     6  irq.o(.text)
    rt_get_errno                             0x08003ca1   Thumb Code    28  kservice.o(.text)
    rt_set_errno                             0x08003cbd   Thumb Code    30  kservice.o(.text)
    _rt_errno                                0x08003cdb   Thumb Code    26  kservice.o(.text)
    rt_memset                                0x08003cf5   Thumb Code    20  kservice.o(.text)
    rt_memcpy                                0x08003d09   Thumb Code    58  kservice.o(.text)
    rt_memmove                               0x08003d43   Thumb Code    52  kservice.o(.text)
    rt_memcmp                                0x08003d77   Thumb Code    28  kservice.o(.text)
    rt_strlen                                0x08003d93   Thumb Code    16  kservice.o(.text)
    rt_strstr                                0x08003da3   Thumb Code    60  kservice.o(.text)
    rt_strcasecmp                            0x08003ddf   Thumb Code    42  kservice.o(.text)
    rt_strncpy                               0x08003e09   Thumb Code    38  kservice.o(.text)
    rt_strncmp                               0x08003e2f   Thumb Code    32  kservice.o(.text)
    rt_strcmp                                0x08003e4f   Thumb Code    24  kservice.o(.text)
    rt_strnlen                               0x08003e67   Thumb Code    20  kservice.o(.text)
    rt_strdup                                0x08003e7b   Thumb Code    40  kservice.o(.text)
    rt_vsnprintf                             0x08003fc7   Thumb Code   652  kservice.o(.text)
    rt_kprintf                               0x08004253   Thumb Code    30  kservice.o(.text)
    rt_show_version                          0x08004271   Thumb Code    38  kservice.o(.text)
    rt_snprintf                              0x08004297   Thumb Code    18  kservice.o(.text)
    rt_vsprintf                              0x080042a9   Thumb Code    16  kservice.o(.text)
    rt_sprintf                               0x080042b9   Thumb Code    14  kservice.o(.text)
    rt_kputs                                 0x080042c7   Thumb Code    12  kservice.o(.text)
    rt_malloc_align                          0x080042d3   Thumb Code    50  kservice.o(.text)
    rt_free_align                            0x08004305   Thumb Code     8  kservice.o(.text)
    __rt_ffs                                 0x0800430d   Thumb Code    66  kservice.o(.text)
    rt_system_heap_init                      0x08004461   Thumb Code   100  mem.o(.text)
    rt_malloc                                0x080044c5   Thumb Code   252  mem.o(.text)
    rt_free                                  0x080045c1   Thumb Code   112  mem.o(.text)
    rt_realloc                               0x08004631   Thumb Code   224  mem.o(.text)
    rt_calloc                                0x08004711   Thumb Code    28  mem.o(.text)
    rt_memory_info                           0x0800472d   Thumb Code    28  mem.o(.text)
    rt_system_object_init                    0x080047e1   Thumb Code     2  object.o(.text)
    rt_object_get_information                0x080047e3   Thumb Code    30  object.o(.text)
    rt_object_init                           0x08004801   Thumb Code    60  object.o(.text)
    rt_object_detach                         0x0800483d   Thumb Code    28  object.o(.text)
    rt_object_allocate                       0x08004859   Thumb Code    74  object.o(.text)
    rt_object_delete                         0x080048a3   Thumb Code    34  object.o(.text)
    rt_object_is_systemobject                0x080048c5   Thumb Code    14  object.o(.text)
    rt_object_find                           0x080048d3   Thumb Code    74  object.o(.text)
    rt_system_scheduler_init                 0x08004941   Thumb Code    44  scheduler.o(.text)
    rt_system_scheduler_start                0x0800496d   Thumb Code    32  scheduler.o(.text)
    rt_schedule                              0x0800498d   Thumb Code   102  scheduler.o(.text)
    rt_schedule_insert_thread                0x080049f3   Thumb Code    68  scheduler.o(.text)
    rt_schedule_remove_thread                0x08004a37   Thumb Code    74  scheduler.o(.text)
    rt_enter_critical                        0x08004a81   Thumb Code    22  scheduler.o(.text)
    rt_exit_critical                         0x08004a97   Thumb Code    42  scheduler.o(.text)
    rt_critical_level                        0x08004ac1   Thumb Code     8  scheduler.o(.text)
    rt_thread_exit                           0x08004ad5   Thumb Code    80  thread.o(.text)
    rt_thread_timeout                        0x08004b25   Thumb Code    32  thread.o(.text)
    rt_thread_init                           0x08004bb7   Thumb Code    56  thread.o(.text)
    rt_thread_self                           0x08004bef   Thumb Code     6  thread.o(.text)
    rt_thread_resume                         0x08004bf5   Thumb Code    60  thread.o(.text)
    rt_thread_startup                        0x08004c31   Thumb Code    38  thread.o(.text)
    rt_thread_detach                         0x08004c57   Thumb Code    70  thread.o(.text)
    rt_thread_create                         0x08004c9d   Thumb Code    76  thread.o(.text)
    rt_thread_delete                         0x08004ce9   Thumb Code    58  thread.o(.text)
    rt_thread_yield                          0x08004d23   Thumb Code    88  thread.o(.text)
    rt_thread_suspend                        0x08004d7b   Thumb Code    66  thread.o(.text)
    rt_thread_sleep                          0x08004dbd   Thumb Code    60  thread.o(.text)
    rt_thread_delay                          0x08004df9   Thumb Code     2  thread.o(.text)
    rt_thread_control                        0x08004dfb   Thumb Code   102  thread.o(.text)
    rt_thread_find                           0x08004e61   Thumb Code    78  thread.o(.text)
    rt_timer_init                            0x08004f1b   Thumb Code    42  timer.o(.text)
    rt_timer_detach                          0x08004f45   Thumb Code    32  timer.o(.text)
    rt_timer_create                          0x08004f65   Thumb Code    46  timer.o(.text)
    rt_timer_delete                          0x08004f93   Thumb Code    32  timer.o(.text)
    rt_timer_start                           0x08004fb3   Thumb Code   206  timer.o(.text)
    rt_timer_stop                            0x08005081   Thumb Code    46  timer.o(.text)
    rt_timer_control                         0x080050af   Thumb Code    52  timer.o(.text)
    rt_timer_check                           0x080050e3   Thumb Code   102  timer.o(.text)
    rt_timer_next_timeout_tick               0x08005149   Thumb Code     4  timer.o(.text)
    rt_system_timer_init                     0x0800514d   Thumb Code    20  timer.o(.text)
    rt_system_timer_thread_init              0x08005161   Thumb Code     2  timer.o(.text)
    rt_hw_interrupt_disable                  0x080051a5   Thumb Code     8  context_rvds.o(.text)
    rt_hw_interrupt_enable                   0x080051ad   Thumb Code     6  context_rvds.o(.text)
    rt_hw_context_switch                     0x080051b3   Thumb Code    32  context_rvds.o(.text)
    rt_hw_context_switch_interrupt           0x080051b3   Thumb Code     0  context_rvds.o(.text)
    PendSV_Handler                           0x080051d3   Thumb Code    60  context_rvds.o(.text)
    rt_hw_context_switch_to                  0x0800520f   Thumb Code    58  context_rvds.o(.text)
    rt_hw_interrupt_thread_switch            0x08005249   Thumb Code     2  context_rvds.o(.text)
    HardFault_Handler                        0x0800524b   Thumb Code    48  context_rvds.o(.text)
    rt_hw_stack_init                         0x08005295   Thumb Code    56  cpuport.o(.text)
    rt_hw_exception_install                  0x080052cd   Thumb Code     6  cpuport.o(.text)
    rt_hw_hard_fault_exception               0x080052d3   Thumb Code   180  cpuport.o(.text)
    rt_hw_cpu_shutdown                       0x08005387   Thumb Code     6  cpuport.o(.text)
    RotationWord                             0x080054e1   Thumb Code    18  aes.o(.text)
    XorBytes                                 0x080054f3   Thumb Code    24  aes.o(.text)
    AddRoundKey                              0x0800550b   Thumb Code     4  aes.o(.text)
    SubBytes                                 0x0800550f   Thumb Code    32  aes.o(.text)
    ShiftRows                                0x0800552f   Thumb Code    70  aes.o(.text)
    GfMultBy02                               0x08005575   Thumb Code    20  aes.o(.text)
    MixColumns                               0x08005589   Thumb Code   208  aes.o(.text)
    BlockEncrypt                             0x08005659   Thumb Code    66  aes.o(.text)
    BlockDecrypt                             0x0800569b   Thumb Code    74  aes.o(.text)
    AES_Init                                 0x080056e5   Thumb Code   116  aes.o(.text)
    AES_Encrypt                              0x08005759   Thumb Code    66  aes.o(.text)
    AES_Encrypt_Oneself                      0x0800579b   Thumb Code     4  aes.o(.text)
    AES_Decrypt                              0x0800579f   Thumb Code    60  aes.o(.text)
    AES_Decrypt_Oneself                      0x080057db   Thumb Code     4  aes.o(.text)
    Base64_EncodeStr                         0x080057f1   Thumb Code   142  base64.o(.text)
    Base64_EncodeUChArr                      0x0800587f   Thumb Code   140  base64.o(.text)
    Base64_DecodeToStr                       0x0800590b   Thumb Code   234  base64.o(.text)
    Base64_DecodeToUChArr                    0x080059f5   Thumb Code   228  base64.o(.text)
    cJSON_GetErrorPtr                        0x08005add   Thumb Code     6  cjson.o(.text)
    cJSON_InitHooks                          0x08005b59   Thumb Code    36  cjson.o(.text)
    cJSON_Delete                             0x08005b97   Thumb Code    66  cjson.o(.text)
    cJSON_ParseWithOpts                      0x08006589   Thumb Code    94  cjson.o(.text)
    cJSON_Parse                              0x080065e7   Thumb Code     6  cjson.o(.text)
    cJSON_Print                              0x08006c9d   Thumb Code     8  cjson.o(.text)
    cJSON_PrintUnformatted                   0x08006ca5   Thumb Code     8  cjson.o(.text)
    cJSON_PrintBuffered                      0x08006cad   Thumb Code    38  cjson.o(.text)
    cJSON_GetArraySize                       0x08006cd3   Thumb Code    16  cjson.o(.text)
    cJSON_GetArrayItem                       0x08006ce3   Thumb Code    18  cjson.o(.text)
    cJSON_GetObjectItem                      0x08006cf5   Thumb Code    28  cjson.o(.text)
    cJSON_AddItemToArray                     0x08006d45   Thumb Code    26  cjson.o(.text)
    cJSON_AddItemToObject                    0x08006d5f   Thumb Code    42  cjson.o(.text)
    cJSON_AddItemToObjectCS                  0x08006d89   Thumb Code    50  cjson.o(.text)
    cJSON_AddItemReferenceToArray            0x08006dbb   Thumb Code    20  cjson.o(.text)
    cJSON_AddItemReferenceToObject           0x08006dcf   Thumb Code    24  cjson.o(.text)
    cJSON_DetachItemFromArray                0x08006de7   Thumb Code    56  cjson.o(.text)
    cJSON_DeleteItemFromArray                0x08006e1f   Thumb Code    14  cjson.o(.text)
    cJSON_DetachItemFromObject               0x08006e2d   Thumb Code    50  cjson.o(.text)
    cJSON_DeleteItemFromObject               0x08006e5f   Thumb Code    14  cjson.o(.text)
    cJSON_InsertItemInArray                  0x08006e6d   Thumb Code    52  cjson.o(.text)
    cJSON_ReplaceItemInArray                 0x08006ea1   Thumb Code    62  cjson.o(.text)
    cJSON_ReplaceItemInObject                0x08006edf   Thumb Code    60  cjson.o(.text)
    cJSON_CreateNull                         0x08006f1b   Thumb Code    16  cjson.o(.text)
    cJSON_CreateTrue                         0x08006f2b   Thumb Code    16  cjson.o(.text)
    cJSON_CreateFalse                        0x08006f3b   Thumb Code    16  cjson.o(.text)
    cJSON_CreateBool                         0x08006f4b   Thumb Code    24  cjson.o(.text)
    cJSON_CreateNumber                       0x08006f63   Thumb Code    36  cjson.o(.text)
    cJSON_CreateString                       0x08006f87   Thumb Code    28  cjson.o(.text)
    cJSON_CreateArray                        0x08006fa3   Thumb Code    16  cjson.o(.text)
    cJSON_CreateObject                       0x08006fb3   Thumb Code    16  cjson.o(.text)
    cJSON_CreateIntArray                     0x08006fc3   Thumb Code    64  cjson.o(.text)
    cJSON_CreateFloatArray                   0x08007003   Thumb Code    62  cjson.o(.text)
    cJSON_CreateDoubleArray                  0x08007041   Thumb Code    60  cjson.o(.text)
    cJSON_CreateStringArray                  0x0800707d   Thumb Code    66  cjson.o(.text)
    cJSON_Duplicate                          0x080070bf   Thumb Code   150  cjson.o(.text)
    cJSON_Minify                             0x08007155   Thumb Code   158  cjson.o(.text)
    crc16bitbybit                            0x080071f5   Thumb Code    56  crc.o(.text)
    crc16table                               0x0800722d   Thumb Code    38  crc.o(.text)
    crc16tablefast                           0x08007253   Thumb Code    60  crc.o(.text)
    G4_Usart_Config                          0x080072bf   Thumb Code   150  g4.o(.text)
    G4_Usart_SendByte                        0x08007355   Thumb Code    26  g4.o(.text)
    G4_Usart_SendArray                       0x0800736f   Thumb Code    40  g4.o(.text)
    G4_Usart_SendString                      0x08007397   Thumb Code    36  g4.o(.text)
    G4_Usart_SendHalfWord                    0x080073bb   Thumb Code    48  g4.o(.text)
    UART4_IRQHandler                         0x080073eb   Thumb Code   120  g4.o(.text)
    G4_Cmd                                   0x08007479   Thumb Code   264  g4app.o(.text)
    G4_Cmd_ResAndOr                          0x08007581   Thumb Code   264  g4app.o(.text)
    G4_Cmd_Repeat                            0x08007689   Thumb Code    52  g4app.o(.text)
    G4_EnterATMode                           0x080076bd   Thumb Code    50  g4app.o(.text)
    G4_TestATCmd                             0x080076ef   Thumb Code    20  g4app.o(.text)
    G4_Init                                  0x08007703   Thumb Code   128  g4app.o(.text)
    G4_Net_Config                            0x08007783   Thumb Code   154  g4app.o(.text)
    G4_Net_Connect                           0x0800781d   Thumb Code     4  g4app.o(.text)
    assembleWebMsg                           0x08007821   Thumb Code   348  g4app.o(.text)
    G4_Thread_Entry                          0x0800797d   Thumb Code    68  g4app.o(.text)
    G4APP_Send_Thread_Entry                  0x080079c1   Thumb Code   104  g4app.o(.text)
    G4APP_Rece_Thread_Entry                  0x08007a29   Thumb Code  1730  g4app.o(.text)
    dataFiling_pkcs5padding                  0x08008129   Thumb Code    34  myaes.o(.text)
    dataRemove_pkcs5padding                  0x0800814b   Thumb Code    12  myaes.o(.text)
    myaes_encrypt                            0x08008157   Thumb Code   112  myaes.o(.text)
    myaes_decrypt                            0x080081c7   Thumb Code    44  myaes.o(.text)
    I2C_Configuration                        0x080081f5   Thumb Code   120  oled_i2c.o(.text)
    I2C_WriteByte                            0x0800826d   Thumb Code   128  oled_i2c.o(.text)
    WriteCmd                                 0x080082ed   Thumb Code     6  oled_i2c.o(.text)
    WriteDat                                 0x080082f3   Thumb Code     6  oled_i2c.o(.text)
    OLED_Init                                0x080082f9   Thumb Code   184  oled_i2c.o(.text)
    OLED_SetPos                              0x080083b1   Thumb Code    36  oled_i2c.o(.text)
    OLED_Fill                                0x080083d5   Thumb Code    54  oled_i2c.o(.text)
    OLED_CLS                                 0x0800840b   Thumb Code     4  oled_i2c.o(.text)
    OLED_ON                                  0x0800840f   Thumb Code    22  oled_i2c.o(.text)
    OLED_OFF                                 0x08008425   Thumb Code    22  oled_i2c.o(.text)
    OLED_ShowStr                             0x0800843b   Thumb Code   194  oled_i2c.o(.text)
    OLED_ShowCN                              0x080084fd   Thumb Code    70  oled_i2c.o(.text)
    OLED_DrawBMP                             0x08008543   Thumb Code    64  oled_i2c.o(.text)
    OLED_GRAM_Reflash                        0x08008583   Thumb Code    66  oled_i2c.o(.text)
    OLED_GRAM_Fill                           0x080085c5   Thumb Code    42  oled_i2c.o(.text)
    OLED_GRAM_DrawPoint                      0x080085ef   Thumb Code   100  oled_i2c.o(.text)
    OLED_GRAM_ReadPoint                      0x08008653   Thumb Code    26  oled_i2c.o(.text)
    OLED_GRAM_ClearScreen                    0x0800866d   Thumb Code    34  oled_i2c.o(.text)
    OLED_GRAM_HorizontalLine                 0x0800868f   Thumb Code    60  oled_i2c.o(.text)
    OLED_GRAM_VerticalLine                   0x080086cb   Thumb Code    52  oled_i2c.o(.text)
    OLED_GRAM_Rectangle                      0x080086ff   Thumb Code    70  oled_i2c.o(.text)
    OLED_GRAM_WriteChar                      0x08008745   Thumb Code   248  oled_i2c.o(.text)
    OLED_GRAM_WriteZh                        0x0800883d   Thumb Code   254  oled_i2c.o(.text)
    OLED_GRAM_WriteStr                       0x0800893b   Thumb Code   148  oled_i2c.o(.text)
    OLED_GRAM_PrintLogo                      0x080089cf   Thumb Code    42  oled_i2c.o(.text)
    Main_Page_Init                           0x08008a09   Thumb Code    60  main_page.o(.text)
    Main_Page_Load                           0x08008a45   Thumb Code    24  main_page.o(.text)
    Main_Page_Clear                          0x08008a5d   Thumb Code    20  main_page.o(.text)
    Main_Page_Display                        0x08008a71   Thumb Code    42  main_page.o(.text)
    Main_Page_Action                         0x08008a9b   Thumb Code   474  main_page.o(.text)
    UI_Page_Add                              0x08008d2d   Thumb Code    56  ui.o(.text)
    UI_Page_Delete                           0x08008d65   Thumb Code    14  ui.o(.text)
    UI_Page_Clear                            0x08008d73   Thumb Code    16  ui.o(.text)
    UI_Thread_Entry                          0x08008d83   Thumb Code   278  ui.o(.text)
    delay                                    0x08008eb5   Thumb Code    12  key.o(.text)
    Key_GPIO_Config                          0x08008ec1   Thumb Code    78  key.o(.text)
    Key_Init                                 0x08008f0f   Thumb Code     2  key.o(.text)
    Key_Scan                                 0x08008f11   Thumb Code    82  key.o(.text)
    key_thread_entry                         0x08008f63   Thumb Code   174  key.o(.text)
    Menu_Page_Init                           0x08009025   Thumb Code    40  menu_page.o(.text)
    Menu_Page_Clear                          0x0800904d   Thumb Code    20  menu_page.o(.text)
    Menu_Page_Load                           0x08009061   Thumb Code    10  menu_page.o(.text)
    Menu_Page_Display                        0x0800906b   Thumb Code   108  menu_page.o(.text)
    Menu_Page_Action                         0x080090d7   Thumb Code   234  menu_page.o(.text)
    Bind_Device_Page_Init                    0x08009231   Thumb Code    46  bind_device_page.o(.text)
    Bind_Device_Page_Clear                   0x0800925f   Thumb Code    20  bind_device_page.o(.text)
    Bind_Device_Page_Load                    0x08009273   Thumb Code    10  bind_device_page.o(.text)
    Bind_Device_Page_Display                 0x0800927d   Thumb Code    50  bind_device_page.o(.text)
    Bind_Device_Page_Action                  0x080092af   Thumb Code    62  bind_device_page.o(.text)
    Query_User_Page_Init                     0x0800931d   Thumb Code   142  query_user_page.o(.text)
    Query_User_Page_Clear                    0x080093ab   Thumb Code    44  query_user_page.o(.text)
    Query_User_Page_Load                     0x080093d7   Thumb Code    10  query_user_page.o(.text)
    Query_User_Page_Display                  0x080093e1   Thumb Code    88  query_user_page.o(.text)
    Query_User_Page_Action                   0x08009439   Thumb Code    94  query_user_page.o(.text)
    Modify_Manager_Password_Page_Init        0x080094d1   Thumb Code    72  modify_manager_password_page.o(.text)
    Modify_Manager_Password_Page_Clear       0x08009519   Thumb Code    20  modify_manager_password_page.o(.text)
    Modify_Manager_Password_Page_Load        0x0800952d   Thumb Code    10  modify_manager_password_page.o(.text)
    Modify_Manager_Password_Page_Display     0x08009537   Thumb Code    52  modify_manager_password_page.o(.text)
    Modify_Manager_Password_Page_Action      0x0800956b   Thumb Code   430  modify_manager_password_page.o(.text)
    Add_Gen_Password_Page_Init               0x08009791   Thumb Code    72  add_gen_password_page.o(.text)
    Add_Gen_Password_Page_Clear              0x080097d9   Thumb Code    20  add_gen_password_page.o(.text)
    Add_Gen_Password_Page_Load               0x080097ed   Thumb Code    10  add_gen_password_page.o(.text)
    Add_Gen_Password_Page_Display            0x080097f7   Thumb Code    52  add_gen_password_page.o(.text)
    Add_Gen_Password_Page_Action             0x0800982b   Thumb Code   430  add_gen_password_page.o(.text)
    Manage_Gen_Password_Page_Init            0x08009a51   Thumb Code   150  manage_gen_password_page.o(.text)
    Manage_Gen_Password_Page_Clear           0x08009ae7   Thumb Code    44  manage_gen_password_page.o(.text)
    Manage_Gen_Password_Page_Load            0x08009b13   Thumb Code    10  manage_gen_password_page.o(.text)
    Manage_Gen_Password_Page_Display         0x08009b1d   Thumb Code   170  manage_gen_password_page.o(.text)
    Manage_Gen_Password_Page_Action          0x08009bc7   Thumb Code   292  manage_gen_password_page.o(.text)
    Msg_Page_Init                            0x08009d55   Thumb Code    68  msg_page.o(.text)
    Msg_Page_Clear                           0x08009d99   Thumb Code    20  msg_page.o(.text)
    Msg_Page_Load                            0x08009dad   Thumb Code    12  msg_page.o(.text)
    Msg_Page_Display                         0x08009db9   Thumb Code    54  msg_page.o(.text)
    Msg_Page_Action                          0x08009def   Thumb Code    70  msg_page.o(.text)
    Add_User_Page_Init                       0x08009e45   Thumb Code   130  add_user_page.o(.text)
    Add_User_Page_Clear                      0x08009ec7   Thumb Code   110  add_user_page.o(.text)
    Add_User_Page_Load                       0x08009f35   Thumb Code    12  add_user_page.o(.text)
    Add_User_Page_Display                    0x08009f41   Thumb Code  1168  add_user_page.o(.text)
    Add_User_Page_Action                     0x0800a3d1   Thumb Code    92  add_user_page.o(.text)
    SPI_FLASH_Init                           0x0800a439   Thumb Code   180  bsp_spi_flash.o(.text)
    SPI_FLASH_SendByte                       0x0800a4fb   Thumb Code   102  bsp_spi_flash.o(.text)
    SPI_FLASH_WaitForWriteEnd                0x0800a561   Thumb Code    44  bsp_spi_flash.o(.text)
    SPI_FLASH_WriteEnable                    0x0800a58d   Thumb Code    34  bsp_spi_flash.o(.text)
    SPI_FLASH_SectorErase                    0x0800a5af   Thumb Code    68  bsp_spi_flash.o(.text)
    SPI_FLASH_BulkErase                      0x0800a5f3   Thumb Code    40  bsp_spi_flash.o(.text)
    SPI_FLASH_PageWrite                      0x0800a61b   Thumb Code   102  bsp_spi_flash.o(.text)
    SPI_FLASH_BufferWrite                    0x0800a681   Thumb Code   202  bsp_spi_flash.o(.text)
    SPI_FLASH_BufferRead                     0x0800a74b   Thumb Code    84  bsp_spi_flash.o(.text)
    SPI_FLASH_ReadID                         0x0800a79f   Thumb Code    68  bsp_spi_flash.o(.text)
    SPI_FLASH_ReadDeviceID                   0x0800a7e3   Thumb Code    60  bsp_spi_flash.o(.text)
    SPI_FLASH_StartReadSequence              0x0800a81f   Thumb Code   158  bsp_spi_flash.o(.text)
    SPI_FLASH_ReadByte                       0x0800a8bd   Thumb Code     4  bsp_spi_flash.o(.text)
    SPI_FLASH_SendHalfWord                   0x0800a8c1   Thumb Code    96  bsp_spi_flash.o(.text)
    SPI_Flash_PowerDown                      0x0800a921   Thumb Code    34  bsp_spi_flash.o(.text)
    SPI_Flash_WAKEUP                         0x0800a943   Thumb Code    34  bsp_spi_flash.o(.text)
    disk_status                              0x0800a971   Thumb Code    28  diskio.o(.text)
    disk_initialize                          0x0800a98d   Thumb Code    44  diskio.o(.text)
    disk_read                                0x0800a9b9   Thumb Code    38  diskio.o(.text)
    disk_write                               0x0800a9df   Thumb Code    54  diskio.o(.text)
    disk_ioctl                               0x0800aa15   Thumb Code    50  diskio.o(.text)
    get_fattime                              0x0800aa47   Thumb Code     4  diskio.o(.text)
    clust2sect                               0x0800abff   Thumb Code    24  ff.o(.text)
    get_fat                                  0x0800ac17   Thumb Code   254  ff.o(.text)
    put_fat                                  0x0800ad15   Thumb Code   300  ff.o(.text)
    f_mount                                  0x0800be1f   Thumb Code   122  ff.o(.text)
    f_open                                   0x0800be99   Thumb Code   360  ff.o(.text)
    f_read                                   0x0800c001   Thumb Code   482  ff.o(.text)
    f_write                                  0x0800c1e3   Thumb Code   528  ff.o(.text)
    f_sync                                   0x0800c3f3   Thumb Code   174  ff.o(.text)
    f_close                                  0x0800c4a1   Thumb Code    38  ff.o(.text)
    f_lseek                                  0x0800c4c7   Thumb Code   456  ff.o(.text)
    f_opendir                                0x0800c68f   Thumb Code   124  ff.o(.text)
    f_closedir                               0x0800c70b   Thumb Code    28  ff.o(.text)
    f_readdir                                0x0800c727   Thumb Code   108  ff.o(.text)
    f_stat                                   0x0800c793   Thumb Code    76  ff.o(.text)
    f_getfree                                0x0800c7df   Thumb Code   228  ff.o(.text)
    f_truncate                               0x0800c8c3   Thumb Code   188  ff.o(.text)
    f_unlink                                 0x0800c97f   Thumb Code   178  ff.o(.text)
    f_mkdir                                  0x0800ca31   Thumb Code   364  ff.o(.text)
    f_chmod                                  0x0800cb9d   Thumb Code    96  ff.o(.text)
    f_rename                                 0x0800cbfd   Thumb Code   258  ff.o(.text)
    f_utime                                  0x0800ccff   Thumb Code    96  ff.o(.text)
    f_mkfs                                   0x0800cd5f   Thumb Code  1384  ff.o(.text)
    f_gets                                   0x0800d2c7   Thumb Code    68  ff.o(.text)
    f_putc                                   0x0800d345   Thumb Code    60  ff.o(.text)
    f_puts                                   0x0800d381   Thumb Code    70  ff.o(.text)
    f_printf                                 0x0800d3c7   Thumb Code   538  ff.o(.text)
    ff_convert                               0x0800d5e1   Thumb Code    78  cc936.o(.text)
    ff_wtoupper                              0x0800d62f   Thumb Code    68  cc936.o(.text)
    ff_cre_syncobj                           0x0800d685   Thumb Code    22  syscall.o(.text)
    ff_del_syncobj                           0x0800d69b   Thumb Code     4  syscall.o(.text)
    ff_req_grant                             0x0800d69f   Thumb Code    20  syscall.o(.text)
    ff_rel_grant                             0x0800d6b3   Thumb Code     4  syscall.o(.text)
    tolower                                  0x0800d6c5   Thumb Code    12  tolower.o(.text)
    __aeabi_memcpy                           0x0800d6d1   Thumb Code    36  memcpya.o(.text)
    __aeabi_memcpy4                          0x0800d6d1   Thumb Code     0  memcpya.o(.text)
    __aeabi_memcpy8                          0x0800d6d1   Thumb Code     0  memcpya.o(.text)
    __aeabi_memset                           0x0800d6f5   Thumb Code    14  memseta.o(.text)
    __aeabi_memset4                          0x0800d6f5   Thumb Code     0  memseta.o(.text)
    __aeabi_memset8                          0x0800d6f5   Thumb Code     0  memseta.o(.text)
    __aeabi_memclr                           0x0800d703   Thumb Code     4  memseta.o(.text)
    __aeabi_memclr4                          0x0800d703   Thumb Code     0  memseta.o(.text)
    __aeabi_memclr8                          0x0800d703   Thumb Code     0  memseta.o(.text)
    _memset$wrapper                          0x0800d707   Thumb Code    18  memseta.o(.text)
    strcat                                   0x0800d719   Thumb Code    24  strcat.o(.text)
    strstr                                   0x0800d731   Thumb Code    36  strstr.o(.text)
    strchr                                   0x0800d755   Thumb Code    20  strchr.o(.text)
    strlen                                   0x0800d769   Thumb Code    14  strlen.o(.text)
    strcmp                                   0x0800d777   Thumb Code    28  strcmp.o(.text)
    strcpy                                   0x0800d793   Thumb Code    18  strcpy.o(.text)
    strncmp                                  0x0800d7a5   Thumb Code    30  strncmp.o(.text)
    __aeabi_dadd                             0x0800d7c3   Thumb Code   322  dadd.o(.text)
    __aeabi_dsub                             0x0800d905   Thumb Code     6  dadd.o(.text)
    __aeabi_drsub                            0x0800d90b   Thumb Code     6  dadd.o(.text)
    __aeabi_dmul                             0x0800d911   Thumb Code   228  dmul.o(.text)
    __aeabi_i2d                              0x0800d9f5   Thumb Code    34  dflti.o(.text)
    __aeabi_ui2d                             0x0800da17   Thumb Code    26  dfltui.o(.text)
    __aeabi_d2iz                             0x0800da31   Thumb Code    62  dfixi.o(.text)
    __aeabi_f2d                              0x0800da6f   Thumb Code    38  f2d.o(.text)
    __aeabi_cdcmpeq                          0x0800da95   Thumb Code     0  cdcmple.o(.text)
    __aeabi_cdcmple                          0x0800da95   Thumb Code    38  cdcmple.o(.text)
    __aeabi_cdrcmple                         0x0800dabd   Thumb Code    38  cdrcmple.o(.text)
    __aeabi_uidiv                            0x0800dae5   Thumb Code     0  uidiv.o(.text)
    __aeabi_uidivmod                         0x0800dae5   Thumb Code    44  uidiv.o(.text)
    __aeabi_uldivmod                         0x0800db11   Thumb Code    98  uldiv.o(.text)
    __aeabi_llsl                             0x0800db73   Thumb Code    30  llshl.o(.text)
    _ll_shift_l                              0x0800db73   Thumb Code     0  llshl.o(.text)
    __aeabi_llsr                             0x0800db91   Thumb Code    32  llushr.o(.text)
    _ll_ushift_r                             0x0800db91   Thumb Code     0  llushr.o(.text)
    __aeabi_lasr                             0x0800dbb1   Thumb Code    36  llsshr.o(.text)
    _ll_sshift_r                             0x0800dbb1   Thumb Code     0  llsshr.o(.text)
    __I$use$fp                               0x0800dbd5   Thumb Code     0  iusefp.o(.text)
    _double_round                            0x0800dbd5   Thumb Code    26  depilogue.o(.text)
    _double_epilogue                         0x0800dbef   Thumb Code   156  depilogue.o(.text)
    __aeabi_ddiv                             0x0800dc8b   Thumb Code   222  ddiv.o(.text)
    __ARM_scalbn                             0x0800dd69   Thumb Code    46  dscalb.o(.text)
    scalbn                                   0x0800dd69   Thumb Code     0  dscalb.o(.text)
    __aeabi_d2ulz                            0x0800dd97   Thumb Code    48  dfixul.o(.text)
    __scatterload                            0x0800ddc9   Thumb Code    28  init.o(.text)
    __scatterload_rt2                        0x0800ddc9   Thumb Code     0  init.o(.text)
    _dsqrt                                   0x0800dded   Thumb Code   162  dsqrt.o(.text)
    __decompress                             0x0800de8f   Thumb Code     0  __dczerorl2.o(.text)
    __decompress1                            0x0800de8f   Thumb Code    86  __dczerorl2.o(.text)
    __0printf                                0x0800dee5   Thumb Code    22  printfa.o(i.__0printf)
    __1printf                                0x0800dee5   Thumb Code     0  printfa.o(i.__0printf)
    __2printf                                0x0800dee5   Thumb Code     0  printfa.o(i.__0printf)
    __c89printf                              0x0800dee5   Thumb Code     0  printfa.o(i.__0printf)
    printf                                   0x0800dee5   Thumb Code     0  printfa.o(i.__0printf)
    __0sprintf                               0x0800df05   Thumb Code    34  printfa.o(i.__0sprintf)
    __1sprintf                               0x0800df05   Thumb Code     0  printfa.o(i.__0sprintf)
    __2sprintf                               0x0800df05   Thumb Code     0  printfa.o(i.__0sprintf)
    __c89sprintf                             0x0800df05   Thumb Code     0  printfa.o(i.__0sprintf)
    sprintf                                  0x0800df05   Thumb Code     0  printfa.o(i.__0sprintf)
    __ARM_fpclassify                         0x0800df2d   Thumb Code    40  fpclassify.o(i.__ARM_fpclassify)
    __kernel_poly                            0x0800df55   Thumb Code   170  poly.o(i.__kernel_poly)
    __mathlib_dbl_underflow                  0x0800e001   Thumb Code    10  dunder.o(i.__mathlib_dbl_underflow)
    __scatterload_copy                       0x0800e011   Thumb Code    14  handlers.o(i.__scatterload_copy)
    __scatterload_null                       0x0800e01f   Thumb Code     2  handlers.o(i.__scatterload_null)
    __scatterload_zeroinit                   0x0800e021   Thumb Code    14  handlers.o(i.__scatterload_zeroinit)
    __set_errno                              0x0800e031   Thumb Code     6  errno.o(i.__set_errno)
    floor                                    0x0800e8d9   Thumb Code   204  floor.o(i.floor)
    pow                                      0x0800e9b5   Thumb Code  2510  pow.o(i.pow)
    sqrt                                     0x0800f395   Thumb Code    76  sqrt.o(i.sqrt)
    __lowest_bit_bitmap                      0x0800f3e0   Data         256  kservice.o(.constdata)
    SBox                                     0x0800f502   Data         256  aes.o(.constdata)
    InvSBox                                  0x0800f602   Data         256  aes.o(.constdata)
    Base64_Table                             0x0800f702   Data          66  base64.o(.constdata)
    crctablehi                               0x0800f74c   Data         256  crc.o(.constdata)
    crctablelo                               0x0800f84c   Data         256  crc.o(.constdata)
    crctalbeabs                              0x0800f94c   Data          32  crc.o(.constdata)
    F6x8                                     0x0800f96c   Data         552  oled_i2c.o(.constdata)
    F8X16                                    0x0800fb94   Data        1520  oled_i2c.o(.constdata)
    CODE16X8                                 0x08010184   Data        2048  oled_i2c.o(.constdata)
    TRANTAB                                  0x08010984   Data         256  oled_i2c.o(.constdata)
    PIKAQIU                                  0x08010a84   Data        1024  oled_i2c.o(.constdata)
    ZH                                       0x08010e84   Data       261696  oled_i2c.o(.constdata)
    __mathlib_zero                           0x0807be48   Data           8  qnan.o(.constdata)
    __rt_init_rti_start                      0x0807be50   Data           4  components.o(.rti_fn.0)
    __rt_init_rti_board_start                0x0807be54   Data           4  components.o(.rti_fn.0.end)
    __rt_init_rti_board_end                  0x0807be58   Data           4  components.o(.rti_fn.1.end)
    __rt_init_rti_end                        0x0807be5c   Data           4  components.o(.rti_fn.6.end)
    Region$$Table$$Base                      0x0807be60   Number         0  anon$$obj.o(Region$$Table)
    Region$$Table$$Limit                     0x0807be80   Number         0  anon$$obj.o(Region$$Table)
    SystemCoreClock                          0x20000000   Data           4  system_stm32f10x.o(.data)
    AHBPrescTable                            0x20000004   Data          16  system_stm32f10x.o(.data)
    key_th                                   0x20000028   Data           4  main.o(.data)
    g4th                                     0x2000002c   Data           4  main.o(.data)
    g4mb                                     0x20000030   Data           4  main.o(.data)
    g4appreceth                              0x20000034   Data           4  main.o(.data)
    g4appmb                                  0x20000038   Data           4  main.o(.data)
    g4appsendth                              0x2000003c   Data           4  main.o(.data)
    g4msgmq                                  0x20000040   Data           4  main.o(.data)
    uith                                     0x20000044   Data           4  main.o(.data)
    inputsig_mq                              0x20000048   Data           4  main.o(.data)
    bufflen                                  0x2000004c   Data           2  fpm.o(.data)
    rt_interrupt_nest                        0x20000054   Data           1  irq.o(.data)
    rt_current_priority                      0x200000f4   Data           1  scheduler.o(.data)
    rt_current_thread                        0x200000f8   Data           4  scheduler.o(.data)
    rt_thread_ready_priority_group           0x200000fc   Data           4  scheduler.o(.data)
    rt_thread_defunct                        0x20000100   Data           8  scheduler.o(.data)
    rt_interrupt_from_thread                 0x20000118   Data           4  cpuport.o(.data)
    rt_interrupt_to_thread                   0x2000011c   Data           4  cpuport.o(.data)
    rt_thread_switch_interrupt_flag          0x20000120   Data           4  cpuport.o(.data)
    g4_buff_count                            0x20000130   Data           1  g4.o(.data)
    g4_buff_p                                0x20000134   Data           4  g4.o(.data)
    cmdflag                                  0x20000138   Data           1  g4app.o(.data)
    CONNECT_SERVER                           0x20000139   Data           1  g4app.o(.data)
    token                                    0x2000013a   Data          71  g4app.o(.data)
    auth_key                                 0x20000181   Data          16  g4app.o(.data)
    F16x16                                   0x20000191   Data         128  oled_i2c.o(.data)
    main_page_struc                          0x20000214   Data           4  main_page.o(.data)
    ui_stack                                 0x20000218   Data           4  ui.o(.data)
    menu_page_struc                          0x2000021c   Data           4  menu_page.o(.data)
    MENU_ITEM                                0x20000220   Data          85  menu_page.o(.data)
    bind_page_struc                          0x20000278   Data           4  bind_device_page.o(.data)
    query_user_page_struc                    0x2000027c   Data           4  query_user_page.o(.data)
    modify_page_struc                        0x20000280   Data           4  modify_manager_password_page.o(.data)
    addp_page_struc                          0x20000284   Data           4  add_gen_password_page.o(.data)
    managegp_page_struc                      0x20000288   Data           4  manage_gen_password_page.o(.data)
    msg_struc                                0x2000028c   Data           4  msg_page.o(.data)
    adu_struc                                0x20000290   Data           4  add_user_page.o(.data)
    __stdout                                 0x200002a4   Data           4  stdout.o(.data)
    T_FILE                                   0x200082ac   Data        4132  sysinit.o(.bss)
    fs                                       0x200092d0   Data        4148  sysinit.o(.bss)
    buff                                     0x2000a304   Data        5120  fpm.o(.bss)
    rt_thread_priority_table                 0x2000b93c   Data          64  scheduler.o(.bss)
    g_KeyTable                               0x2000b97c   Data         176  aes.o(.bss)
    g_AES_IV                                 0x2000ba2c   Data          16  aes.o(.bss)
    g4_buff                                  0x2000ba3c   Data        5130  g4.o(.bss)
    cmdbuff                                  0x2000ce48   Data          12  g4app.o(.bss)
    comm_key                                 0x2000ce54   Data          16  g4app.o(.bss)
    GRAM                                     0x2000ce64   Data        1024  oled_i2c.o(.bss)
    UI_FILE                                  0x2000d264   Data        4132  ui.o(.bss)
    __initial_sp                             0x2000e688   Data           0  startup_stm32f10x_hd.o(STACK)



==============================================================================

Memory Map of the image

  Image Entry point : 0x08000131

  Load Region LR_IROM1 (Base: 0x08000000, Size: 0x0007c12c, Max: 0x00080000, ABSOLUTE, COMPRESSED[0x0007bff0])

    Execution Region ER_IROM1 (Base: 0x08000000, Size: 0x0007be80, Max: 0x00080000, ABSOLUTE)

    Base Addr    Size         Type   Attr      Idx    E Section Name        Object

    0x08000000   0x00000130   Data   RO            3    RESET               startup_stm32f10x_hd.o
    0x08000130   0x00000000   Code   RO         1433  * .ARM.Collect$$$$00000000  mc_w.l(entry.o)
    0x08000130   0x00000004   Code   RO         1750    .ARM.Collect$$$$00000001  mc_w.l(entry2.o)
    0x08000134   0x00000004   Code   RO         1753    .ARM.Collect$$$$00000004  mc_w.l(entry5.o)
    0x08000138   0x00000000   Code   RO         1755    .ARM.Collect$$$$00000008  mc_w.l(entry7b.o)
    0x08000138   0x00000000   Code   RO         1757    .ARM.Collect$$$$0000000A  mc_w.l(entry8b.o)
    0x08000138   0x00000008   Code   RO         1758    .ARM.Collect$$$$0000000B  mc_w.l(entry9a.o)
    0x08000140   0x00000000   Code   RO         1760    .ARM.Collect$$$$0000000D  mc_w.l(entry10a.o)
    0x08000140   0x00000000   Code   RO         1762    .ARM.Collect$$$$0000000F  mc_w.l(entry11a.o)
    0x08000140   0x00000004   Code   RO         1751    .ARM.Collect$$$$00002712  mc_w.l(entry2.o)
    0x08000144   0x00000024   Code   RO            4    .text               startup_stm32f10x_hd.o
    0x08000168   0x00000174   Code   RO           24    .text               system_stm32f10x.o
    0x080002dc   0x000000b8   Code   RO          121    .text               misc.o
    0x08000394   0x0000009c   Code   RO          149    .text               stm32f10x_bkp.o
    0x08000430   0x000000ec   Code   RO          233    .text               stm32f10x_exti.o
    0x0800051c   0x00000298   Code   RO          269    .text               stm32f10x_gpio.o
    0x080007b4   0x00000390   Code   RO          281    .text               stm32f10x_i2c.o
    0x08000b44   0x000000ac   Code   RO          305    .text               stm32f10x_pwr.o
    0x08000bf0   0x000002f4   Code   RO          317    .text               stm32f10x_rcc.o
    0x08000ee4   0x00000114   Code   RO          331    .text               stm32f10x_rtc.o
    0x08000ff8   0x000002b4   Code   RO          355    .text               stm32f10x_spi.o
    0x080012ac   0x0000039c   Code   RO          379    .text               stm32f10x_usart.o
    0x08001648   0x000000dc   Code   RO          403    .text               board.o
    0x08001724   0x000001cc   Code   RO          510    .text               main.o
    0x080018f0   0x00000060   Code   RO          552    .text               bsp_led.o
    0x08001950   0x00000190   Code   RO          564    .text               bsp_usart.o
    0x08001ae0   0x0000085c   Code   RO          580    .text               sysinit.o
    0x0800233c   0x000000f2   Code   RO          602    .text               bsp_rtc.o
    0x0800242e   0x00000002   PAD
    0x08002430   0x00000a44   Code   RO          614    .text               fpm.o
    0x08002e74   0x00000068   Code   RO          633    .text               clock.o
    0x08002edc   0x000000b4   Code   RO          653    .text               components.o
    0x08002f90   0x000000d8   Code   RO          677    .text               idle.o
    0x08003068   0x00000c00   Code   RO          695    .text               ipc.o
    0x08003c68   0x00000038   Code   RO          710    .text               irq.o
    0x08003ca0   0x00000770   Code   RO          725    .text               kservice.o
    0x08004410   0x000003d0   Code   RO          742    .text               mem.o
    0x080047e0   0x00000160   Code   RO          778    .text               object.o
    0x08004940   0x00000194   Code   RO          795    .text               scheduler.o
    0x08004ad4   0x00000406   Code   RO          830    .text               thread.o
    0x08004eda   0x00000002   PAD
    0x08004edc   0x000002c8   Code   RO          846    .text               timer.o
    0x080051a4   0x000000f0   Code   RO          863    .text               context_rvds.o
    0x08005294   0x0000024c   Code   RO          867    .text               cpuport.o
    0x080054e0   0x00000310   Code   RO          885    .text               aes.o
    0x080057f0   0x000002ec   Code   RO          910    .text               base64.o
    0x08005adc   0x00001716   Code   RO          928    .text               cjson.o
    0x080071f2   0x00000002   PAD
    0x080071f4   0x000000a4   Code   RO          966    .text               crc.o
    0x08007298   0x000001e0   Code   RO          985    .text               g4.o
    0x08007478   0x00000cb0   Code   RO         1004    .text               g4app.o
    0x08008128   0x000000ca   Code   RO         1044    .text               myaes.o
    0x080081f2   0x00000002   PAD
    0x080081f4   0x00000814   Code   RO         1059    .text               oled_i2c.o
    0x08008a08   0x00000324   Code   RO         1086    .text               main_page.o
    0x08008d2c   0x00000188   Code   RO         1124    .text               ui.o
    0x08008eb4   0x00000170   Code   RO         1155    .text               key.o
    0x08009024   0x0000020c   Code   RO         1167    .text               menu_page.o
    0x08009230   0x000000ec   Code   RO         1204    .text               bind_device_page.o
    0x0800931c   0x000001b4   Code   RO         1222    .text               query_user_page.o
    0x080094d0   0x000002c0   Code   RO         1244    .text               modify_manager_password_page.o
    0x08009790   0x000002c0   Code   RO         1262    .text               add_gen_password_page.o
    0x08009a50   0x00000304   Code   RO         1280    .text               manage_gen_password_page.o
    0x08009d54   0x000000f0   Code   RO         1298    .text               msg_page.o
    0x08009e44   0x000005f4   Code   RO         1313    .text               add_user_page.o
    0x0800a438   0x00000538   Code   RO         1331    .text               bsp_spi_flash.o
    0x0800a970   0x000000e4   Code   RO         1345    .text               diskio.o
    0x0800aa54   0x00002b8c   Code   RO         1366    .text               ff.o
    0x0800d5e0   0x000000a4   Code   RO         1384    .text               cc936.o
    0x0800d684   0x00000040   Code   RO         1407    .text               syscall.o
    0x0800d6c4   0x0000000c   Code   RO         1436    .text               mc_w.l(tolower.o)
    0x0800d6d0   0x00000024   Code   RO         1438    .text               mc_w.l(memcpya.o)
    0x0800d6f4   0x00000024   Code   RO         1440    .text               mc_w.l(memseta.o)
    0x0800d718   0x00000018   Code   RO         1442    .text               mc_w.l(strcat.o)
    0x0800d730   0x00000024   Code   RO         1444    .text               mc_w.l(strstr.o)
    0x0800d754   0x00000014   Code   RO         1446    .text               mc_w.l(strchr.o)
    0x0800d768   0x0000000e   Code   RO         1448    .text               mc_w.l(strlen.o)
    0x0800d776   0x0000001c   Code   RO         1450    .text               mc_w.l(strcmp.o)
    0x0800d792   0x00000012   Code   RO         1452    .text               mc_w.l(strcpy.o)
    0x0800d7a4   0x0000001e   Code   RO         1454    .text               mc_w.l(strncmp.o)
    0x0800d7c2   0x0000014e   Code   RO         1719    .text               mf_w.l(dadd.o)
    0x0800d910   0x000000e4   Code   RO         1721    .text               mf_w.l(dmul.o)
    0x0800d9f4   0x00000022   Code   RO         1723    .text               mf_w.l(dflti.o)
    0x0800da16   0x0000001a   Code   RO         1725    .text               mf_w.l(dfltui.o)
    0x0800da30   0x0000003e   Code   RO         1727    .text               mf_w.l(dfixi.o)
    0x0800da6e   0x00000026   Code   RO         1729    .text               mf_w.l(f2d.o)
    0x0800da94   0x00000028   Code   RO         1731    .text               mf_w.l(cdcmple.o)
    0x0800dabc   0x00000028   Code   RO         1733    .text               mf_w.l(cdrcmple.o)
    0x0800dae4   0x0000002c   Code   RO         1765    .text               mc_w.l(uidiv.o)
    0x0800db10   0x00000062   Code   RO         1767    .text               mc_w.l(uldiv.o)
    0x0800db72   0x0000001e   Code   RO         1769    .text               mc_w.l(llshl.o)
    0x0800db90   0x00000020   Code   RO         1771    .text               mc_w.l(llushr.o)
    0x0800dbb0   0x00000024   Code   RO         1773    .text               mc_w.l(llsshr.o)
    0x0800dbd4   0x00000000   Code   RO         1782    .text               mc_w.l(iusefp.o)
    0x0800dbd4   0x000000b6   Code   RO         1783    .text               mf_w.l(depilogue.o)
    0x0800dc8a   0x000000de   Code   RO         1785    .text               mf_w.l(ddiv.o)
    0x0800dd68   0x0000002e   Code   RO         1787    .text               mf_w.l(dscalb.o)
    0x0800dd96   0x00000030   Code   RO         1789    .text               mf_w.l(dfixul.o)
    0x0800ddc6   0x00000002   PAD
    0x0800ddc8   0x00000024   Code   RO         1791    .text               mc_w.l(init.o)
    0x0800ddec   0x000000a2   Code   RO         1793    .text               mf_w.l(dsqrt.o)
    0x0800de8e   0x00000056   Code   RO         1803    .text               mc_w.l(__dczerorl2.o)
    0x0800dee4   0x00000020   Code   RO         1691    i.__0printf         mc_w.l(printfa.o)
    0x0800df04   0x00000028   Code   RO         1693    i.__0sprintf        mc_w.l(printfa.o)
    0x0800df2c   0x00000028   Code   RO         1737    i.__ARM_fpclassify  m_ws.l(fpclassify.o)
    0x0800df54   0x000000aa   Code   RO         1739    i.__kernel_poly     m_ws.l(poly.o)
    0x0800dffe   0x00000002   PAD
    0x0800e000   0x00000010   Code   RO         1735    i.__mathlib_dbl_underflow  m_ws.l(dunder.o)
    0x0800e010   0x0000000e   Code   RO         1797    i.__scatterload_copy  mc_w.l(handlers.o)
    0x0800e01e   0x00000002   Code   RO         1798    i.__scatterload_null  mc_w.l(handlers.o)
    0x0800e020   0x0000000e   Code   RO         1799    i.__scatterload_zeroinit  mc_w.l(handlers.o)
    0x0800e02e   0x00000002   PAD
    0x0800e030   0x0000000c   Code   RO         1777    i.__set_errno       mc_w.l(errno.o)
    0x0800e03c   0x00000164   Code   RO         1698    i._fp_digits        mc_w.l(printfa.o)
    0x0800e1a0   0x000006dc   Code   RO         1699    i._printf_core      mc_w.l(printfa.o)
    0x0800e87c   0x00000024   Code   RO         1700    i._printf_post_padding  mc_w.l(printfa.o)
    0x0800e8a0   0x0000002e   Code   RO         1701    i._printf_pre_padding  mc_w.l(printfa.o)
    0x0800e8ce   0x0000000a   Code   RO         1703    i._sputc            mc_w.l(printfa.o)
    0x0800e8d8   0x000000dc   Code   RO         1420    i.floor             m_ws.l(floor.o)
    0x0800e9b4   0x000009e0   Code   RO         1424    i.pow               m_ws.l(pow.o)
    0x0800f394   0x0000004c   Code   RO         1743    i.sqrt              m_ws.l(sqrt.o)
    0x0800f3e0   0x00000122   Data   RO          727    .constdata          kservice.o
    0x0800f502   0x00000200   Data   RO          887    .constdata          aes.o
    0x0800f702   0x00000042   Data   RO          911    .constdata          base64.o
    0x0800f744   0x00000007   Data   RO          929    .constdata          cjson.o
    0x0800f74b   0x00000001   PAD
    0x0800f74c   0x00000220   Data   RO          968    .constdata          crc.o
    0x0800f96c   0x00041358   Data   RO         1061    .constdata          oled_i2c.o
    0x08050cc4   0x0000003a   Data   RO         1367    .constdata          ff.o
    0x08050cfe   0x0002b0c0   Data   RO         1385    .constdata          cc936.o
    0x0807bdbe   0x00000002   PAD
    0x0807bdc0   0x00000088   Data   RO         1425    .constdata          m_ws.l(pow.o)
    0x0807be48   0x00000008   Data   RO         1741    .constdata          m_ws.l(qnan.o)
    0x0807be50   0x00000004   Data   RO          654    .rti_fn.0           components.o
    0x0807be54   0x00000004   Data   RO          655    .rti_fn.0.end       components.o
    0x0807be58   0x00000004   Data   RO          656    .rti_fn.1.end       components.o
    0x0807be5c   0x00000004   Data   RO          657    .rti_fn.6.end       components.o
    0x0807be60   0x00000020   Data   RO         1795    Region$$Table       anon$$obj.o


    Execution Region RW_IRAM1 (Base: 0x20000000, Size: 0x0000e688, Max: 0x00010000, ABSOLUTE, COMPRESSED[0x00000170])

    Base Addr    Size         Type   Attr      Idx    E Section Name        Object

    0x20000000   0x00000014   Data   RW           25    .data               system_stm32f10x.o
    0x20000014   0x00000014   Data   RW          318    .data               stm32f10x_rcc.o
    0x20000028   0x00000024   Data   RW          511    .data               main.o
    0x2000004c   0x00000004   Data   RW          616    .data               fpm.o
    0x20000050   0x00000004   Data   RW          634    .data               clock.o
    0x20000054   0x00000001   Data   RW          711    .data               irq.o
    0x20000055   0x00000003   PAD
    0x20000058   0x00000004   Data   RW          728    .data               kservice.o
    0x2000005c   0x00000018   Data   RW          744    .data               mem.o
    0x20000074   0x00000080   Data   RW          779    .data               object.o
    0x200000f4   0x00000014   Data   RW          797    .data               scheduler.o
    0x20000108   0x0000000c   Data   RW          847    .data               timer.o
    0x20000114   0x00000004   Data   RW          868    .data               cpuport.o
    0x20000118   0x00000004   Data   RW          869    .data               cpuport.o
    0x2000011c   0x00000004   Data   RW          870    .data               cpuport.o
    0x20000120   0x00000004   Data   RW          871    .data               cpuport.o
    0x20000124   0x0000000c   Data   RW          930    .data               cjson.o
    0x20000130   0x00000008   Data   RW          987    .data               g4.o
    0x20000138   0x00000059   Data   RW         1006    .data               g4app.o
    0x20000191   0x00000080   Data   RW         1062    .data               oled_i2c.o
    0x20000211   0x00000003   PAD
    0x20000214   0x00000004   Data   RW         1087    .data               main_page.o
    0x20000218   0x00000004   Data   RW         1126    .data               ui.o
    0x2000021c   0x00000059   Data   RW         1168    .data               menu_page.o
    0x20000275   0x00000003   PAD
    0x20000278   0x00000004   Data   RW         1205    .data               bind_device_page.o
    0x2000027c   0x00000004   Data   RW         1223    .data               query_user_page.o
    0x20000280   0x00000004   Data   RW         1245    .data               modify_manager_password_page.o
    0x20000284   0x00000004   Data   RW         1263    .data               add_gen_password_page.o
    0x20000288   0x00000004   Data   RW         1281    .data               manage_gen_password_page.o
    0x2000028c   0x00000004   Data   RW         1299    .data               msg_page.o
    0x20000290   0x00000004   Data   RW         1314    .data               add_user_page.o
    0x20000294   0x00000004   Data   RW         1332    .data               bsp_spi_flash.o
    0x20000298   0x0000000c   Data   RW         1368    .data               ff.o
    0x200002a4   0x00000004   Data   RW         1764    .data               mc_w.l(stdout.o)
    0x200002a8   0x00000004   Data   RW         1778    .data               mc_w.l(errno.o)
    0x200002ac   0x00008000   Zero   RW          404    .bss                board.o
    0x200082ac   0x00001024   Zero   RW          581    .bss                sysinit.o
    0x200092d0   0x00001034   Zero   RW          582    .bss                sysinit.o
    0x2000a304   0x00001400   Zero   RW          615    .bss                fpm.o
    0x2000b704   0x00000190   Zero   RW          678    .bss                idle.o
    0x2000b894   0x00000080   Zero   RW          726    .bss                kservice.o
    0x2000b914   0x00000028   Zero   RW          743    .bss                mem.o
    0x2000b93c   0x00000040   Zero   RW          796    .bss                scheduler.o
    0x2000b97c   0x000000c0   Zero   RW          886    .bss                aes.o
    0x2000ba3c   0x0000140a   Zero   RW          986    .bss                g4.o
    0x2000ce46   0x00000002   PAD
    0x2000ce48   0x0000001c   Zero   RW         1005    .bss                g4app.o
    0x2000ce64   0x00000400   Zero   RW         1060    .bss                oled_i2c.o
    0x2000d264   0x00001024   Zero   RW         1125    .bss                ui.o
    0x2000e288   0x00000400   Zero   RW            1    STACK               startup_stm32f10x_hd.o


==============================================================================

Image component sizes


      Code (inc. data)   RO Data    RW Data    ZI Data      Debug   Object Name

       704        120          0          4          0       2837   add_gen_password_page.o
      1524        272          0          4          0       4699   add_user_page.o
       784         18        512          0        192       4875   aes.o
       748          4         66          0          0       3631   base64.o
       236         48          0          4          0       2180   bind_device_page.o
       220         22          0          0      32768      24393   board.o
        96          4          0          0          0        534   bsp_led.o
       242          0          0          0          0       1333   bsp_rtc.o
      1336        126          0          4          0       5656   bsp_spi_flash.o
       400         10          0          0          0       3762   bsp_usart.o
       164         18     176320          0          0       2361   cc936.o
      5910        172          7         12          0      26428   cjson.o
       104          4          0          4          0       1548   clock.o
       180         20         16          0          0       2566   components.o
       240         26          0          0          0        780   context_rvds.o
         0          0          0          0          0       4272   core_cm3.o
       588        340          0         16          0       3155   cpuport.o
       164         10        544          0          0       1950   crc.o
       228         10          0          0          0       3838   diskio.o
     11148        112         58         12          0      36364   ff.o
      2628         80          0          4       5120       9658   fpm.o
       480         22          0          8       5130       3484   g4.o
      3248        654          0         89         28       9624   g4app.o
       216         22          0          0        400       4266   idle.o
      3072          0          0          0          0      18875   ipc.o
        56          6          0          1          0       1430   irq.o
       368         38          0          0          0       1359   key.o
      1904        162        290          4        128      11072   kservice.o
       460        170          0         36          0       5219   main.o
       804        184          0          4          0       2785   main_page.o
       772        106          0          4          0       3272   manage_gen_password_page.o
       976        152          0         24         40       4288   mem.o
       524        112          0         89          0       2559   menu_page.o
       184         12          0          0          0       1949   misc.o
       704        120          0          4          0       2962   modify_manager_password_page.o
       240         16          0          4          0       2154   msg_page.o
       202          0          0          0          0       2110   myaes.o
       352          4          0        128          0       6003   object.o
      2068         56     267096        128       1024      10102   oled_i2c.o
       436         58          0          4          0       2561   query_user_page.o
       404         12          0         20         64       5828   scheduler.o
         0          0          0          0          0        392   signal.o
        36          8        304          0       1024        856   startup_stm32f10x_hd.o
       156          8          0          0          0       3452   stm32f10x_bkp.o
       236         10          0          0          0       2411   stm32f10x_exti.o
       664         36          0          0          0       6213   stm32f10x_gpio.o
       912         14          0          0          0       9883   stm32f10x_i2c.o
       172         12          0          0          0       1947   stm32f10x_pwr.o
       756         32          0         20          0       9340   stm32f10x_rcc.o
       276          6          0          0          0       2758   stm32f10x_rtc.o
       692         12          0          0          0       7126   stm32f10x_spi.o
       924         20          0          0          0       9160   stm32f10x_usart.o
        64         14          0          0          0       1470   syscall.o
      2140        170          0          0       8280      10985   sysinit.o
       372         34          0         20          0     246975   system_stm32f10x.o
      1030         12          0          0          0       8673   thread.o
       712          4          0         12          0       7573   timer.o
       392         28          0          4       4132       5746   ui.o

    ----------------------------------------------------------------------
     54656       3742     445248        676      58332     583682   Object Totals
         0          0         32          0          0          0   (incl. Generated)
         8          0          3          9          2          0   (incl. Padding)

    ----------------------------------------------------------------------

      Code (inc. data)   RO Data    RW Data    ZI Data      Debug   Library Member Name

        16          6          0          0          0         68   dunder.o
       220         16          0          0          0         84   floor.o
        40          0          0          0          0         68   fpclassify.o
       170          0          0          0          0         96   poly.o
      2528        190        136          0          0        332   pow.o
         0          0          8          0          0          0   qnan.o
        76          0          0          0          0         84   sqrt.o
        86          0          0          0          0          0   __dczerorl2.o
         0          0          0          0          0          0   entry.o
         0          0          0          0          0          0   entry10a.o
         0          0          0          0          0          0   entry11a.o
         8          4          0          0          0          0   entry2.o
         4          0          0          0          0          0   entry5.o
         0          0          0          0          0          0   entry7b.o
         0          0          0          0          0          0   entry8b.o
         8          4          0          0          0          0   entry9a.o
        12          6          0          4          0         68   errno.o
        30          0          0          0          0          0   handlers.o
        36          8          0          0          0         68   init.o
         0          0          0          0          0          0   iusefp.o
        30          0          0          0          0         68   llshl.o
        36          0          0          0          0         68   llsshr.o
        32          0          0          0          0         68   llushr.o
        36          0          0          0          0         68   memcpya.o
        36          0          0          0          0        108   memseta.o
      2276         96          0          0          0        596   printfa.o
         0          0          0          4          0          0   stdout.o
        24          0          0          0          0         68   strcat.o
        20          0          0          0          0         68   strchr.o
        28          0          0          0          0         76   strcmp.o
        18          0          0          0          0         68   strcpy.o
        14          0          0          0          0         68   strlen.o
        30          0          0          0          0         80   strncmp.o
        36          0          0          0          0         80   strstr.o
        12          0          0          0          0         68   tolower.o
        44          0          0          0          0         80   uidiv.o
        98          0          0          0          0         92   uldiv.o
        40          2          0          0          0         68   cdcmple.o
        40          2          0          0          0         68   cdrcmple.o
       334          0          0          0          0        148   dadd.o
       222          0          0          0          0        100   ddiv.o
       182          0          0          0          0        176   depilogue.o
        62          0          0          0          0         80   dfixi.o
        48          0          0          0          0         68   dfixul.o
        34          0          0          0          0         76   dflti.o
        26          0          0          0          0         76   dfltui.o
       228          0          0          0          0         96   dmul.o
        46          0          0          0          0         80   dscalb.o
       162          0          0          0          0        100   dsqrt.o
        38          0          0          0          0         68   f2d.o

    ----------------------------------------------------------------------
      7472        334        144          8          0       3796   Library Totals
         6          0          0          0          0          0   (incl. Padding)

    ----------------------------------------------------------------------

      Code (inc. data)   RO Data    RW Data    ZI Data      Debug   Library Name

      3050        212        144          0          0        732   m_ws.l
      2954        118          0          8          0       1860   mc_w.l
      1462          4          0          0          0       1204   mf_w.l

    ----------------------------------------------------------------------
      7472        334        144          8          0       3796   Library Totals

    ----------------------------------------------------------------------

==============================================================================


      Code (inc. data)   RO Data    RW Data    ZI Data      Debug   

     62128       4076     445392        684      58332     580014   Grand Totals
     62128       4076     445392        368      58332     580014   ELF Image Totals (compressed)
     62128       4076     445392        368          0          0   ROM Totals

==============================================================================

    Total RO  Size (Code + RO Data)               507520 ( 495.63kB)
    Total RW  Size (RW Data + ZI Data)             59016 (  57.63kB)
    Total ROM Size (Code + RO Data + RW Data)     507888 ( 495.98kB)

==============================================================================

